00:00 +0: loading C:/Users/Brad/Documents/~AppProjects/TimelineBiographyApp/test/integration/context_service_integration_test.dart
flutter : test/integration/context_service_integration_te
st.dart:3:8: Error: Error when reading 'lib/features/cont
ext/services/context_management_service.dart': The 
system cannot find the path specified
At line:1 char:1
+ flutter test > test_output.txt 2>&1
+ ~~~~~~~~~~~~~~~~~~~~~~~~~~~~~~~~~~~
    + CategoryInfo          : NotSpecified: (test/integr 
   atio... path specified:String) [], RemoteException
    + FullyQualifiedErrorId : NativeCommandError
 
import '../../lib/features/context/services/context_manag
ement_service.dart';
       ^
00:00 +0 -1: loading C:/Users/Brad/Documents/~AppProjects/TimelineBiographyApp/test/integration/context_service_integration_test.dart [E]
  Failed to load "C:/Users/Brad/Documents/~AppProjects/TimelineBiographyApp/test/integration/context_service_integration_test.dart":
  Compilation failed for testPath=C:/Users/Brad/Documents/~AppProjects/TimelineBiographyApp/test/integration/context_service_integration_test.dart: test/integration/context_service_integration_test.dart:3:8: Error: Error when reading 'lib/features/context/services/context_management_service.dart': The system cannot find the path specified
  import '../../lib/features/context/services/context_management_service.dart';
         ^
  .
  Error: The Dart compiler exited unexpectedly.
  package:flutter_tools/src/base/common.dart 34:3  throwToolExit
  package:flutter_tools/src/compile.dart 911:11    DefaultResidentCompiler._compile.<fn>
  dart:async/zone.dart 1538:47                     _rootRunUnary
  dart:async/zone.dart 1429:19                     _CustomZone.runUnary
  dart:async/future_impl.dart 948:45               Future._propagateToListeners.handleValueCallback
  dart:async/future_impl.dart 977:13               Future._propagateToListeners
  dart:async/future_impl.dart 862:9                Future._propagateToListeners
  dart:async/future_impl.dart 720:5                Future._completeWithValue
  dart:async/future_impl.dart 804:7                Future._asyncCompleteWithValue.<fn>
  dart:async/zone.dart 1525:13                     _rootRun
  dart:async/zone.dart 1422:19                     _CustomZone.run
  dart:async/zone.dart 1321:7                      _CustomZone.runGuarded
  dart:async/zone.dart 1362:23                     _CustomZone.bindCallbackGuarded.<fn>
  dart:async/schedule_microtask.dart 40:35         _microtaskLoop
  dart:async/schedule_microtask.dart 49:5          _startMicrotaskLoop
  dart:isolate-patch/isolate_patch.dart 127:13     _runPendingImmediateCallback
  dart:isolate-patch/isolate_patch.dart 194:5      _RawReceivePort._handleMessage
  
test/property_tests/cluster_display_completeness_property
_test.dart:305:5: Error: No named parameter with the 
name 'contextId'.
    contextId: 'test_context',
    ^^^^^^^^^
lib/shared/models/timeline_event.dart:52:11: Context: 
Found this candidate, but the arguments don't match.
  factory TimelineEvent.create({
          ^^^^^^
test/property_tests/cluster_display_completeness_property
_test.dart:372:5: Error: No named parameter with the 
name 'contextId'.
    contextId: 'test_context',
    ^^^^^^^^^
lib/shared/models/timeline_event.dart:52:11: Context: 
Found this candidate, but the arguments don't match.
  factory TimelineEvent.create({
          ^^^^^^
test/property_tests/cluster_display_completeness_property
_test.dart:435:16: Error: The getter 'privacyLevel' 
isn't defined for the type 'TimelineEvent'.
 - 'TimelineEvent' is from 
'lib/shared/models/timeline_event.dart'.
Try correcting the name to the name of an existing 
getter, or defining a getter or field named 
'privacyLevel'.
  expect(event.privacyLevel, isNotNull,
               ^^^^^^^^^^^^
00:00 +0 -2: loading C:/Users/Brad/Documents/~AppProjects/TimelineBiographyApp/test/property_tests/cluster_display_completeness_property_test.dart [E]
  Failed to load "C:/Users/Brad/Documents/~AppProjects/TimelineBiographyApp/test/property_tests/cluster_display_completeness_property_test.dart":
  Compilation failed for testPath=C:/Users/Brad/Documents/~AppProjects/TimelineBiographyApp/test/property_tests/cluster_display_completeness_property_test.dart: test/property_tests/cluster_display_completeness_property_test.dart:305:5: Error: No named parameter with the name 'contextId'.
      contextId: 'test_context',
      ^^^^^^^^^
  lib/shared/models/timeline_event.dart:52:11: Context: Found this candidate, but the arguments don't match.
    factory TimelineEvent.create({
            ^^^^^^
  test/property_tests/cluster_display_completeness_property_test.dart:372:5: Error: No named parameter with the name 'contextId'.
      contextId: 'test_context',
      ^^^^^^^^^
  lib/shared/models/timeline_event.dart:52:11: Context: Found this candidate, but the arguments don't match.
    factory TimelineEvent.create({
            ^^^^^^
  test/property_tests/cluster_display_completeness_property_test.dart:435:16: Error: The getter 'privacyLevel' isn't defined for the type 'TimelineEvent'.
   - 'TimelineEvent' is from 'lib/shared/models/timeline_event.dart'.
  Try correcting the name to the name of an existing getter, or defining a getter or field named 'privacyLevel'.
    expect(event.privacyLevel, isNotNull,
                 ^^^^^^^^^^^^
  .
00:00 +0 -2: loading C:/Users/Brad/Documents/~AppProjects/TimelineBiographyApp/test/integration/context_service_integration_test.dart [E]
  Error: The Dart compiler exited unexpectedly.
  package:flutter_tools/src/base/common.dart 34:3  throwToolExit
  package:flutter_tools/src/compile.dart 911:11    DefaultResidentCompiler._compile.<fn>
  dart:async/zone.dart 1538:47                     _rootRunUnary
  dart:async/zone.dart 1429:19                     _CustomZone.runUnary
  dart:async/future_impl.dart 948:45               Future._propagateToListeners.handleValueCallback
  dart:async/future_impl.dart 977:13               Future._propagateToListeners
  dart:async/future_impl.dart 862:9                Future._propagateToListeners
  dart:async/future_impl.dart 720:5                Future._completeWithValue
  dart:async/future_impl.dart 804:7                Future._asyncCompleteWithValue.<fn>
  dart:async/zone.dart 1525:13                     _rootRun
  dart:async/zone.dart 1422:19                     _CustomZone.run
  dart:async/zone.dart 1321:7                      _CustomZone.runGuarded
  dart:async/zone.dart 1362:23                     _CustomZone.bindCallbackGuarded.<fn>
  dart:async/schedule_microtask.dart 40:35         _microtaskLoop
  dart:async/schedule_microtask.dart 49:5          _startMicrotaskLoop
  dart:isolate-patch/isolate_patch.dart 127:13     _runPendingImmediateCallback
  dart:isolate-patch/isolate_patch.dart 194:5      _RawReceivePort._handleMessage
  
00:00 +0 -2: C:/Users/Brad/Documents/~AppProjects/TimelineBiographyApp/test/property_tests/burst_detection_property_test.dart: Burst Detection Property Tests **Feature: users-timeline, Property 8: Burst Detection and Consolidation**
00:00 +1 -2: C:/Users/Brad/Documents/~AppProjects/TimelineBiographyApp/test/property_tests/burst_detection_property_test.dart: Burst Detection Property Tests Burst detection handles edge cases correctly
00:00 +2 -2: C:/Users/Brad/Documents/~AppProjects/TimelineBiographyApp/test/property_tests/burst_detection_property_test.dart: Burst Detection Property Tests Burst detection respects context-specific thresholds
00:01 +3 -2: C:/Users/Brad/Documents/~AppProjects/TimelineBiographyApp/test/property_tests/collaborative_editing_property_test.dart: Property 18: Collaborative Event Editing Multi-user story contribution for shared events works properly
00:01 +4 -2: C:/Users/Brad/Documents/~AppProjects/TimelineBiographyApp/test/property_tests/collaborative_editing_property_test.dart: Property 18: Collaborative Event Editing Conflict detection for simultaneous edits functions correctly
00:01 +5 -2: C:/Users/Brad/Documents/~AppProjects/TimelineBiographyApp/test/property_tests/collaborative_editing_property_test.dart: Property 18: Collaborative Event Editing User-mediated resolution interfaces work as expected
00:01 +6 -2: C:/Users/Brad/Documents/~AppProjects/TimelineBiographyApp/test/property_tests/collaborative_editing_property_test.dart: Property 18: Collaborative Event Editing Attribution and version tracking for collaborative content is accurate
00:01 +7 -2: C:/Users/Brad/Documents/~AppProjects/TimelineBiographyApp/test/property_tests/collaborative_editing_property_test.dart: Property 18: Collaborative Event Editing Permission controls prevent unauthorized edits
00:01 +8 -2: C:/Users/Brad/Documents/~AppProjects/TimelineBiographyApp/test/property_tests/collaborative_editing_property_test.dart: Property 18: Collaborative Event Editing Real-time collaboration updates work correctly
00:01 +9 -2: C:/Users/Brad/Documents/~AppProjects/TimelineBiographyApp/test/property_tests/collaborative_editing_property_test.dart: Property 18: Collaborative Event Editing Data integrity is maintained during collaborative editing
00:01 +10 -2: C:/Users/Brad/Documents/~AppProjects/TimelineBiographyApp/test/property_tests/collaborative_editing_property_test.dart: Property 18: Collaborative Event Editing Performance scales with multiple concurrent users
00:01 +11 -2: C:/Users/Brad/Documents/~AppProjects/TimelineBiographyApp/test/property_tests/collaborative_editing_property_test.dart: Property 18: Collaborative Event Editing Collaborative session management works correctly
00:01 +12 -2: C:/Users/Brad/Documents/~AppProjects/TimelineBiographyApp/test/property_tests/collaborative_editing_property_test.dart: Property 18: Collaborative Event Editing Version history is properly maintained
00:01 +13 -2: C:/Users/Brad/Documents/~AppProjects/TimelineBiographyApp/test/property_tests/collaborative_editing_property_test.dart: Property 18: Collaborative Event Editing Different contribution types are handled correctly
00:01 +14 -2: C:/Users/Brad/Documents/~AppProjects/TimelineBiographyApp/test/property_tests/collaborative_editing_property_test.dart: Property 18: Collaborative Event Editing Conflict resolution strategies work correctly
00:01 +15 -2: C:/Users/Brad/Documents/~AppProjects/TimelineBiographyApp/test/property_tests/conflict_resolution_minimal_test.dart: Property 29: Concurrent Edit Conflict Resolution Conflict resolution strategies are available
00:01 +16 -2: C:/Users/Brad/Documents/~AppProjects/TimelineBiographyApp/test/property_tests/conflict_resolution_minimal_test.dart: Property 29: Concurrent Edit Conflict Resolution SyncConflict model properties
00:01 +17 -2: C:/Users/Brad/Documents/~AppProjects/TimelineBiographyApp/test/property_tests/conflict_resolution_minimal_test.dart: Property 29: Concurrent Edit Conflict Resolution Conflict detection logic - no conflict when only one side changed
00:01 +18 -2: C:/Users/Brad/Documents/~AppProjects/TimelineBiographyApp/test/property_tests/conflict_resolution_minimal_test.dart: Property 29: Concurrent Edit Conflict Resolution Conflict detection logic - conflict when both sides changed same field
00:01 +19 -2: C:/Users/Brad/Documents/~AppProjects/TimelineBiographyApp/test/property_tests/conflict_resolution_minimal_test.dart: Property 29: Concurrent Edit Conflict Resolution Automatic merge logic - non-conflicting fields
00:01 +20 -2: C:/Users/Brad/Documents/~AppProjects/TimelineBiographyApp/test/property_tests/conflict_resolution_minimal_test.dart: Property 29: Concurrent Edit Conflict Resolution List merging logic
00:01 +21 -2: C:/Users/Brad/Documents/~AppProjects/TimelineBiographyApp/test/property_tests/conflict_resolution_minimal_test.dart: Property 29: Concurrent Edit Conflict Resolution Map merging logic
00:01 +22 -2: C:/Users/Brad/Documents/~AppProjects/TimelineBiographyApp/test/property_tests/conflict_resolution_minimal_test.dart: Property 29: Concurrent Edit Conflict Resolution Field value merging strategies
00:01 +23 -2: C:/Users/Brad/Documents/~AppProjects/TimelineBiographyApp/test/property_tests/conflict_resolution_minimal_test.dart: Property 29: Concurrent Edit Conflict Resolution Conflict statistics tracking
00:01 +24 -2: C:/Users/Brad/Documents/~AppProjects/TimelineBiographyApp/test/property_tests/conflict_resolution_property_test.dart: Property 29: Concurrent Edit Conflict Resolution Conflict resolution strategies are available
00:01 +25 -2: C:/Users/Brad/Documents/~AppProjects/TimelineBiographyApp/test/property_tests/conflict_resolution_property_test.dart: Property 29: Concurrent Edit Conflict Resolution Conflict detection identifies field differences
00:01 +26 -2: C:/Users/Brad/Documents/~AppProjects/TimelineBiographyApp/test/property_tests/conflict_resolution_property_test.dart: Property 29: Concurrent Edit Conflict Resolution No conflict when only one side changed
00:01 +26 -3: C:/Users/Brad/Documents/~AppProjects/TimelineBiographyApp/test/property_tests/conflict_resolution_property_test.dart: Property 29: Concurrent Edit Conflict Resolution No conflict when only one side changed [E]
  Expected: empty
    Actual: [
              SyncConflict:SyncConflict(5a190536-7be8-40a5-a185-661d7ab69bdc, timeline_events, event1, {title: Same Title, description: Changed Description}, {title: Same Title, description: Original Description}, {}, [description], 2025-12-16 15:42:56.506293, Conflict detected in description, null, null, null)
            ]
  
  package:matcher                                                   expect
  package:flutter_test/src/widget_tester.dart 473:18                expect
  test\property_tests\conflict_resolution_property_test.dart 107:7  main.<fn>.<fn>
  
00:01 +26 -3: C:/Users/Brad/Documents/~AppProjects/TimelineBiographyApp/test/property_tests/conflict_resolution_property_test.dart: Property 29: Concurrent Edit Conflict Resolution Local wins resolution strategy
00:01 +26 -4: C:/Users/Brad/Documents/~AppProjects/TimelineBiographyApp/test/property_tests/conflict_resolution_property_test.dart: Property 29: Concurrent Edit Conflict Resolution Local wins resolution strategy [E]
  MissingPluginException(No implementation found for method getApplicationDocumentsDirectory on channel plugins.flutter.io/path_provider)
  package:flutter/src/services/platform_channel.dart 365:7  MethodChannel._invokeMethod
  
00:01 +26 -4: C:/Users/Brad/Documents/~AppProjects/TimelineBiographyApp/test/property_tests/conflict_resolution_property_test.dart: Property 29: Concurrent Edit Conflict Resolution Remote wins resolution strategy
00:01 +26 -5: C:/Users/Brad/Documents/~AppProjects/TimelineBiographyApp/test/property_tests/conflict_resolution_property_test.dart: Property 29: Concurrent Edit Conflict Resolution Remote wins resolution strategy [E]
  MissingPluginException(No implementation found for method getApplicationDocumentsDirectory on channel plugins.flutter.io/path_provider)
  package:flutter/src/services/platform_channel.dart 365:7  MethodChannel._invokeMethod
  
00:01 +26 -5: C:/Users/Brad/Documents/~AppProjects/TimelineBiographyApp/test/property_tests/conflict_resolution_property_test.dart: Property 29: Concurrent Edit Conflict Resolution Manual merge resolution strategy
test/property_tests/context_default_attributes_property_t
est.dart:30:11: Error: No named parameter with the name 
'contextId'.
          contextId: testScenario.contextId,
          ^^^^^^^^^
lib/shared/models/timeline_event.dart:52:11: Context: 
Found this candidate, but the arguments don't match.
  factory TimelineEvent.create({
          ^^^^^^
test/property_tests/context_default_attributes_property_t
est.dart:102:13: Error: No named parameter with the name 
'contextId'.
            contextId: 'test_context_$i',
            ^^^^^^^^^
lib/shared/models/timeline_event.dart:52:11: Context: 
Found this candidate, but the arguments don't match.
  factory TimelineEvent.create({
          ^^^^^^
test/property_tests/context_default_attributes_property_t
est.dart:132:11: Error: No named parameter with the name 
'contextId'.
          contextId: 'test_context',
          ^^^^^^^^^
lib/shared/models/timeline_event.dart:52:11: Context: 
Found this candidate, but the arguments don't match.
  factory TimelineEvent.create({
          ^^^^^^
test/property_tests/context_default_attributes_property_t
est.dart:165:11: Error: No named parameter with the name 
'contextId'.
          contextId: 'test_context',
          ^^^^^^^^^
lib/shared/models/timeline_event.dart:52:11: Context: 
Found this candidate, but the arguments don't match.
  factory TimelineEvent.create({
          ^^^^^^
test/property_tests/context_default_attributes_property_t
est.dart:179:11: Error: No named parameter with the name 
'contextId'.
          contextId: 'test_context',
          ^^^^^^^^^
lib/shared/models/timeline_event.dart:52:11: Context: 
Found this candidate, but the arguments don't match.
  factory TimelineEvent.create({
          ^^^^^^
00:01 +26 -6: C:/Users/Brad/Documents/~AppProjects/TimelineBiographyApp/test/property_tests/conflict_resolution_property_test.dart: Property 29: Concurrent Edit Conflict Resolution Manual merge resolution strategy [E]
  MissingPluginException(No implementation found for method getApplicationDocumentsDirectory on channel plugins.flutter.io/path_provider)
  package:flutter/src/services/platform_channel.dart 365:7  MethodChannel._invokeMethod
  
00:01 +26 -6: C:/Users/Brad/Documents/~AppProjects/TimelineBiographyApp/test/property_tests/conflict_resolution_property_test.dart: Property 29: Concurrent Edit Conflict Resolution Defer resolution strategy
00:01 +27 -6: C:/Users/Brad/Documents/~AppProjects/TimelineBiographyApp/test/property_tests/conflict_resolution_property_test.dart: Property 29: Concurrent Edit Conflict Resolution Automatic merge for non-conflicting fields
00:01 +27 -7: C:/Users/Brad/Documents/~AppProjects/TimelineBiographyApp/test/property_tests/conflict_resolution_property_test.dart: Property 29: Concurrent Edit Conflict Resolution Automatic merge for non-conflicting fields [E]
  MissingPluginException(No implementation found for method getApplicationDocumentsDirectory on channel plugins.flutter.io/path_provider)
  package:flutter/src/services/platform_channel.dart 365:7  MethodChannel._invokeMethod
  
00:01 +27 -7: C:/Users/Brad/Documents/~AppProjects/TimelineBiographyApp/test/property_tests/conflict_resolution_property_test.dart: Property 29: Concurrent Edit Conflict Resolution List merging in automatic merge
00:01 +27 -8: C:/Users/Brad/Documents/~AppProjects/TimelineBiographyApp/test/property_tests/conflict_resolution_property_test.dart: Property 29: Concurrent Edit Conflict Resolution List merging in automatic merge [E]
  MissingPluginException(No implementation found for method getApplicationDocumentsDirectory on channel plugins.flutter.io/path_provider)
  package:flutter/src/services/platform_channel.dart 365:7  MethodChannel._invokeMethod
  
00:01 +27 -8: C:/Users/Brad/Documents/~AppProjects/TimelineBiographyApp/test/property_tests/conflict_resolution_property_test.dart: Property 29: Concurrent Edit Conflict Resolution Map merging in automatic merge
00:01 +27 -9: C:/Users/Brad/Documents/~AppProjects/TimelineBiographyApp/test/property_tests/conflict_resolution_property_test.dart: Property 29: Concurrent Edit Conflict Resolution Map merging in automatic merge [E]
  MissingPluginException(No implementation found for method getApplicationDocumentsDirectory on channel plugins.flutter.io/path_provider)
  package:flutter/src/services/platform_channel.dart 365:7  MethodChannel._invokeMethod
  
00:01 +27 -9: C:/Users/Brad/Documents/~AppProjects/TimelineBiographyApp/test/property_tests/conflict_resolution_property_test.dart: Property 29: Concurrent Edit Conflict Resolution Multiple conflicts detection
00:01 +28 -9: C:/Users/Brad/Documents/~AppProjects/TimelineBiographyApp/test/property_tests/conflict_resolution_property_test.dart: Property 29: Concurrent Edit Conflict Resolution Conflict model properties
00:01 +29 -9: C:/Users/Brad/Documents/~AppProjects/TimelineBiographyApp/test/property_tests/conflict_resolution_property_test.dart: Property 29: Concurrent Edit Conflict Resolution Data payload extraction
00:01 +30 -9: C:/Users/Brad/Documents/~AppProjects/TimelineBiographyApp/test/property_tests/conflict_resolution_property_test.dart: Property 29: Concurrent Edit Conflict Resolution Error handling for manual merge without user data
00:01 +31 -9: C:/Users/Brad/Documents/~AppProjects/TimelineBiographyApp/test/property_tests/conflict_resolution_property_test.dart: Property 29: Concurrent Edit Conflict Resolution Conflict statistics tracking
00:01 +32 -10: loading C:/Users/Brad/Documents/~AppProjects/TimelineBiographyApp/test/property_tests/context_default_attributes_property_test.dart [E]
  Failed to load "C:/Users/Brad/Documents/~AppProjects/TimelineBiographyApp/test/property_tests/context_default_attributes_property_test.dart":
  Compilation failed for testPath=C:/Users/Brad/Documents/~AppProjects/TimelineBiographyApp/test/property_tests/context_default_attributes_property_test.dart: test/property_tests/context_default_attributes_property_test.dart:30:11: Error: No named parameter with the name 'contextId'.
            contextId: testScenario.contextId,
            ^^^^^^^^^
  lib/shared/models/timeline_event.dart:52:11: Context: Found this candidate, but the arguments don't match.
    factory TimelineEvent.create({
            ^^^^^^
  test/property_tests/context_default_attributes_property_test.dart:102:13: Error: No named parameter with the name 'contextId'.
              contextId: 'test_context_$i',
              ^^^^^^^^^
  lib/shared/models/timeline_event.dart:52:11: Context: Found this candidate, but the arguments don't match.
    factory TimelineEvent.create({
            ^^^^^^
  test/property_tests/context_default_attributes_property_test.dart:132:11: Error: No named parameter with the name 'contextId'.
            contextId: 'test_context',
            ^^^^^^^^^
  lib/shared/models/timeline_event.dart:52:11: Context: Found this candidate, but the arguments don't match.
    factory TimelineEvent.create({
            ^^^^^^
  test/property_tests/context_default_attributes_property_test.dart:165:11: Error: No named parameter with the name 'contextId'.
            contextId: 'test_context',
            ^^^^^^^^^
  lib/shared/models/timeline_event.dart:52:11: Context: Found this candidate, but the arguments don't match.
    factory TimelineEvent.create({
            ^^^^^^
  test/property_tests/context_default_attributes_property_test.dart:179:11: Error: No named parameter with the name 'contextId'.
            contextId: 'test_context',
            ^^^^^^^^^
  lib/shared/models/timeline_event.dart:52:11: Context: Found this candidate, but the arguments don't match.
    factory TimelineEvent.create({
            ^^^^^^
  .
00:01 +31 -11: C:/Users/Brad/Documents/~AppProjects/TimelineBiographyApp/test/property_tests/conflict_resolution_property_test.dart: Property 29: Concurrent Edit Conflict Resolution Conflict statistics tracking [E]
  MissingPluginException(No implementation found for method getApplicationDocumentsDirectory on channel plugins.flutter.io/path_provider)
  package:flutter/src/services/platform_channel.dart 365:7               MethodChannel._invokeMethod
  ===== asynchronous gap ===========================
  dart:async                                                             _CustomZone.registerBinaryCallback
  lib\features\offline\services\conflict_resolution_service.dart 356:23  ConflictResolutionService.getConflictStats
  test\property_tests\conflict_resolution_property_test.dart 472:30      main.<fn>.<fn>
  
  This test failed after it had already completed.
  Make sure to use a matching library which informs the test runner
  of pending async work.
  package:flutter/src/services/platform_channel.dart 365:7               MethodChannel._invokeMethod
  ===== asynchronous gap ===========================
  dart:async                                                             _CustomZone.registerBinaryCallback
  lib\features\offline\services\conflict_resolution_service.dart 356:23  ConflictResolutionService.getConflictStats
  test\property_tests\conflict_resolution_property_test.dart 472:30      main.<fn>.<fn>
  
00:01 +31 -11: loading C:/Users/Brad/Documents/~AppProjects/TimelineBiographyApp/test/integration/context_service_integration_test.dart [E]
  Error: The Dart compiler exited unexpectedly.
  package:flutter_tools/src/base/common.dart 34:3  throwToolExit
  package:flutter_tools/src/compile.dart 911:11    DefaultResidentCompiler._compile.<fn>
  dart:async/zone.dart 1538:47                     _rootRunUnary
  dart:async/zone.dart 1429:19                     _CustomZone.runUnary
  dart:async/future_impl.dart 948:45               Future._propagateToListeners.handleValueCallback
  dart:async/future_impl.dart 977:13               Future._propagateToListeners
  dart:async/future_impl.dart 862:9                Future._propagateToListeners
  dart:async/future_impl.dart 720:5                Future._completeWithValue
  dart:async/future_impl.dart 804:7                Future._asyncCompleteWithValue.<fn>
  dart:async/zone.dart 1525:13                     _rootRun
  dart:async/zone.dart 1422:19                     _CustomZone.run
  dart:async/zone.dart 1321:7                      _CustomZone.runGuarded
  dart:async/zone.dart 1362:23                     _CustomZone.bindCallbackGuarded.<fn>
  dart:async/schedule_microtask.dart 40:35         _microtaskLoop
  dart:async/schedule_microtask.dart 49:5          _startMicrotaskLoop
  dart:isolate-patch/isolate_patch.dart 127:13     _runPendingImmediateCallback
  dart:isolate-patch/isolate_patch.dart 194:5      _RawReceivePort._handleMessage
  
00:01 +31 -11: C:/Users/Brad/Documents/~AppProjects/TimelineBiographyApp/test/property_tests/connection_consent_property_test.dart: Property 15: Connection Consent Requirements Connection requests require explicit consent
00:01 +32 -11: C:/Users/Brad/Documents/~AppProjects/TimelineBiographyApp/test/property_tests/connection_consent_property_test.dart: Property 15: Connection Consent Requirements Privacy settings are respected during connection requests
00:01 +33 -11: C:/Users/Brad/Documents/~AppProjects/TimelineBiographyApp/test/property_tests/connection_consent_property_test.dart: Property 15: Connection Consent Requirements Users can accept connection requests
00:01 +34 -11: C:/Users/Brad/Documents/~AppProjects/TimelineBiographyApp/test/property_tests/connection_consent_property_test.dart: Property 15: Connection Consent Requirements Users can decline connection requests
00:01 +35 -11: C:/Users/Brad/Documents/~AppProjects/TimelineBiographyApp/test/property_tests/connection_consent_property_test.dart: Property 15: Connection Consent Requirements Connection history is properly tracked
00:01 +36 -11: C:/Users/Brad/Documents/~AppProjects/TimelineBiographyApp/test/property_tests/connection_consent_property_test.dart: Property 15: Connection Consent Requirements Privacy scope is enforced after connection establishment
00:01 +37 -11: C:/Users/Brad/Documents/~AppProjects/TimelineBiographyApp/test/property_tests/connection_consent_property_test.dart: Property 15: Connection Consent Requirements Duplicate requests are prevented
00:01 +38 -11: C:/Users/Brad/Documents/~AppProjects/TimelineBiographyApp/test/property_tests/connection_consent_property_test.dart: Property 15: Connection Consent Requirements Blocked users cannot send requests
00:01 +39 -11: C:/Users/Brad/Documents/~AppProjects/TimelineBiographyApp/test/property_tests/connection_consent_property_test.dart: Property 15: Connection Consent Requirements Connection requests expire after reasonable time
00:01 +40 -11: C:/Users/Brad/Documents/~AppProjects/TimelineBiographyApp/test/property_tests/connection_consent_property_test.dart: Property 15: Connection Consent Requirements Connection request validation works correctly
00:01 +41 -11: C:/Users/Brad/Documents/~AppProjects/TimelineBiographyApp/test/property_tests/connection_consent_property_test.dart: Property 15: Connection Consent Requirements Relationship types are properly enforced
00:01 +42 -11: C:/Users/Brad/Documents/~AppProjects/TimelineBiographyApp/test/property_tests/connection_consent_property_test.dart: Property 15: Connection Consent Requirements Connection request messages are preserved
00:01 +43 -11: C:/Users/Brad/Documents/~AppProjects/TimelineBiographyApp/test/property_tests/connection_consent_property_test.dart: Property 15: Connection Consent Requirements Connection request status transitions are valid
00:01 +44 -11: C:/Users/Brad/Documents/~AppProjects/TimelineBiographyApp/test/property_tests/connection_consent_property_test.dart: Property 15: Connection Consent Requirements Bidirectional relationship creation works correctly
test/property_tests/context_feature_configuration_propert
y_test.dart:5:8: Error: Error when reading 'lib/features/
context/services/context_management_service.dart': The 
system cannot find the path specified
import '../../lib/features/context/services/context_manag
ement_service.dart';
       ^
test/property_tests/context_feature_configuration_propert
y_test.dart:269:44: Error: Type 
'ContextManagementService' not found.
class TestContextManagementService extends 
ContextManagementService {
                                           
^^^^^^^^^^^^^^^^^^^^^^^^
test/property_tests/context_feature_configuration_propert
y_test.dart:14:10: Error: 'ContextManagementService' 
isn't a type.
    late ContextManagementService contextService;
         ^^^^^^^^^^^^^^^^^^^^^^^^
00:02 +45 -12: loading C:/Users/Brad/Documents/~AppProjects/TimelineBiographyApp/test/property_tests/context_feature_configuration_property_test.dart [E]
  Failed to load "C:/Users/Brad/Documents/~AppProjects/TimelineBiographyApp/test/property_tests/context_feature_configuration_property_test.dart":
  Compilation failed for testPath=C:/Users/Brad/Documents/~AppProjects/TimelineBiographyApp/test/property_tests/context_feature_configuration_property_test.dart: test/property_tests/context_feature_configuration_property_test.dart:5:8: Error: Error when reading 'lib/features/context/services/context_management_service.dart': The system cannot find the path specified
  import '../../lib/features/context/services/context_management_service.dart';
         ^
  test/property_tests/context_feature_configuration_property_test.dart:269:44: Error: Type 'ContextManagementService' not found.
  class TestContextManagementService extends ContextManagementService {
                                             ^^^^^^^^^^^^^^^^^^^^^^^^
  test/property_tests/context_feature_configuration_property_test.dart:14:10: Error: 'ContextManagementService' isn't a type.
      late ContextManagementService contextService;
           ^^^^^^^^^^^^^^^^^^^^^^^^
  .
00:02 +45 -12: loading C:/Users/Brad/Documents/~AppProjects/TimelineBiographyApp/test/integration/context_service_integration_test.dart [E]
  Error: The Dart compiler exited unexpectedly.
  package:flutter_tools/src/base/common.dart 34:3  throwToolExit
  package:flutter_tools/src/compile.dart 911:11    DefaultResidentCompiler._compile.<fn>
  dart:async/zone.dart 1538:47                     _rootRunUnary
  dart:async/zone.dart 1429:19                     _CustomZone.runUnary
  dart:async/future_impl.dart 948:45               Future._propagateToListeners.handleValueCallback
  dart:async/future_impl.dart 977:13               Future._propagateToListeners
  dart:async/future_impl.dart 862:9                Future._propagateToListeners
  dart:async/future_impl.dart 720:5                Future._completeWithValue
  dart:async/future_impl.dart 804:7                Future._asyncCompleteWithValue.<fn>
  dart:async/zone.dart 1525:13                     _rootRun
  dart:async/zone.dart 1422:19                     _CustomZone.run
  dart:async/zone.dart 1321:7                      _CustomZone.runGuarded
  dart:async/zone.dart 1362:23                     _CustomZone.bindCallbackGuarded.<fn>
  dart:async/schedule_microtask.dart 40:35         _microtaskLoop
  dart:async/schedule_microtask.dart 49:5          _startMicrotaskLoop
  dart:isolate-patch/isolate_patch.dart 127:13     _runPendingImmediateCallback
  dart:isolate-patch/isolate_patch.dart 194:5      _RawReceivePort._handleMessage
  
test/property_tests/context_theme_application_property_te
st.dart:7:8: Error: Error when reading 
'lib/features/context/services/theme_service.dart': The 
system cannot find the path specified
import 
'../../lib/features/context/services/theme_service.dart';
       ^
test/property_tests/context_theme_application_property_te
st.dart:16:10: Error: 'ThemeService' isn't a type.
    late ThemeService themeService;
         ^^^^^^^^^^^^
test/property_tests/context_theme_application_property_te
st.dart:20:22: Error: Method not found: 'ThemeService'.
      themeService = ThemeService();
                     ^^^^^^^^^^^^
00:03 +45 -13: loading C:/Users/Brad/Documents/~AppProjects/TimelineBiographyApp/test/property_tests/context_theme_application_property_test.dart [E]
  Failed to load "C:/Users/Brad/Documents/~AppProjects/TimelineBiographyApp/test/property_tests/context_theme_application_property_test.dart":
  Compilation failed for testPath=C:/Users/Brad/Documents/~AppProjects/TimelineBiographyApp/test/property_tests/context_theme_application_property_test.dart: test/property_tests/context_theme_application_property_test.dart:7:8: Error: Error when reading 'lib/features/context/services/theme_service.dart': The system cannot find the path specified
  import '../../lib/features/context/services/theme_service.dart';
         ^
  test/property_tests/context_theme_application_property_test.dart:16:10: Error: 'ThemeService' isn't a type.
      late ThemeService themeService;
           ^^^^^^^^^^^^
  test/property_tests/context_theme_application_property_test.dart:20:22: Error: Method not found: 'ThemeService'.
        themeService = ThemeService();
                       ^^^^^^^^^^^^
  .
00:03 +45 -13: loading C:/Users/Brad/Documents/~AppProjects/TimelineBiographyApp/test/integration/context_service_integration_test.dart [E]
  Error: The Dart compiler exited unexpectedly.
  package:flutter_tools/src/base/common.dart 34:3  throwToolExit
  package:flutter_tools/src/compile.dart 911:11    DefaultResidentCompiler._compile.<fn>
  dart:async/zone.dart 1538:47                     _rootRunUnary
  dart:async/zone.dart 1429:19                     _CustomZone.runUnary
  dart:async/future_impl.dart 948:45               Future._propagateToListeners.handleValueCallback
  dart:async/future_impl.dart 977:13               Future._propagateToListeners
  dart:async/future_impl.dart 862:9                Future._propagateToListeners
  dart:async/future_impl.dart 720:5                Future._completeWithValue
  dart:async/future_impl.dart 804:7                Future._asyncCompleteWithValue.<fn>
  dart:async/zone.dart 1525:13                     _rootRun
  dart:async/zone.dart 1422:19                     _CustomZone.run
  dart:async/zone.dart 1321:7                      _CustomZone.runGuarded
  dart:async/zone.dart 1362:23                     _CustomZone.bindCallbackGuarded.<fn>
  dart:async/schedule_microtask.dart 40:35         _microtaskLoop
  dart:async/schedule_microtask.dart 49:5          _startMicrotaskLoop
  dart:isolate-patch/isolate_patch.dart 127:13     _runPendingImmediateCallback
  dart:isolate-patch/isolate_patch.dart 194:5      _RawReceivePort._handleMessage
  
test/property_tests/context_type_selection_property_test.
dart:6:8: Error: Error when reading 'lib/features/context
/services/context_management_service.dart': The system 
cannot find the path specified
import '../../lib/features/context/services/context_manag
ement_service.dart';
       ^
test/property_tests/context_type_selection_property_test.
dart:15:10: Error: 'ContextManagementService' isn't a 
type.
    late ContextManagementService contextService;
         ^^^^^^^^^^^^^^^^^^^^^^^^
00:04 +45 -14: loading C:/Users/Brad/Documents/~AppProjects/TimelineBiographyApp/test/property_tests/context_type_selection_property_test.dart [E]
  Failed to load "C:/Users/Brad/Documents/~AppProjects/TimelineBiographyApp/test/property_tests/context_type_selection_property_test.dart":
  Compilation failed for testPath=C:/Users/Brad/Documents/~AppProjects/TimelineBiographyApp/test/property_tests/context_type_selection_property_test.dart: test/property_tests/context_type_selection_property_test.dart:6:8: Error: Error when reading 'lib/features/context/services/context_management_service.dart': The system cannot find the path specified
  import '../../lib/features/context/services/context_management_service.dart';
         ^
  test/property_tests/context_type_selection_property_test.dart:15:10: Error: 'ContextManagementService' isn't a type.
      late ContextManagementService contextService;
           ^^^^^^^^^^^^^^^^^^^^^^^^
  .
00:04 +45 -14: loading C:/Users/Brad/Documents/~AppProjects/TimelineBiographyApp/test/integration/context_service_integration_test.dart [E]
  Error: The Dart compiler exited unexpectedly.
  package:flutter_tools/src/base/common.dart 34:3  throwToolExit
  package:flutter_tools/src/compile.dart 911:11    DefaultResidentCompiler._compile.<fn>
  dart:async/zone.dart 1538:47                     _rootRunUnary
  dart:async/zone.dart 1429:19                     _CustomZone.runUnary
  dart:async/future_impl.dart 948:45               Future._propagateToListeners.handleValueCallback
  dart:async/future_impl.dart 977:13               Future._propagateToListeners
  dart:async/future_impl.dart 862:9                Future._propagateToListeners
  dart:async/future_impl.dart 720:5                Future._completeWithValue
  dart:async/future_impl.dart 804:7                Future._asyncCompleteWithValue.<fn>
  dart:async/zone.dart 1525:13                     _rootRun
  dart:async/zone.dart 1422:19                     _CustomZone.run
  dart:async/zone.dart 1321:7                      _CustomZone.runGuarded
  dart:async/zone.dart 1362:23                     _CustomZone.bindCallbackGuarded.<fn>
  dart:async/schedule_microtask.dart 40:35         _microtaskLoop
  dart:async/schedule_microtask.dart 49:5          _startMicrotaskLoop
  dart:isolate-patch/isolate_patch.dart 127:13     _runPendingImmediateCallback
  dart:isolate-patch/isolate_patch.dart 194:5      _RawReceivePort._handleMessage
  
test/property_tests/custom_attribute_validation_property_
test.dart:20:9: Error: No named parameter with the name 
'contextId'.
        contextId: faker.guid.guid(),
        ^^^^^^^^^
lib/shared/models/timeline_event.dart:52:11: Context: 
Found this candidate, but the arguments don't match.
  factory TimelineEvent.create({
          ^^^^^^
00:04 +45 -15: loading C:/Users/Brad/Documents/~AppProjects/TimelineBiographyApp/test/property_tests/custom_attribute_validation_property_test.dart [E]
  Failed to load "C:/Users/Brad/Documents/~AppProjects/TimelineBiographyApp/test/property_tests/custom_attribute_validation_property_test.dart":
  Compilation failed for testPath=C:/Users/Brad/Documents/~AppProjects/TimelineBiographyApp/test/property_tests/custom_attribute_validation_property_test.dart: test/property_tests/custom_attribute_validation_property_test.dart:20:9: Error: No named parameter with the name 'contextId'.
          contextId: faker.guid.guid(),
          ^^^^^^^^^
  lib/shared/models/timeline_event.dart:52:11: Context: Found this candidate, but the arguments don't match.
    factory TimelineEvent.create({
            ^^^^^^
  .
00:04 +45 -15: loading C:/Users/Brad/Documents/~AppProjects/TimelineBiographyApp/test/integration/context_service_integration_test.dart [E]
  Error: The Dart compiler exited unexpectedly.
  package:flutter_tools/src/base/common.dart 34:3  throwToolExit
  package:flutter_tools/src/compile.dart 911:11    DefaultResidentCompiler._compile.<fn>
  dart:async/zone.dart 1538:47                     _rootRunUnary
  dart:async/zone.dart 1429:19                     _CustomZone.runUnary
  dart:async/future_impl.dart 948:45               Future._propagateToListeners.handleValueCallback
  dart:async/future_impl.dart 977:13               Future._propagateToListeners
  dart:async/future_impl.dart 862:9                Future._propagateToListeners
  dart:async/future_impl.dart 720:5                Future._completeWithValue
  dart:async/future_impl.dart 804:7                Future._asyncCompleteWithValue.<fn>
  dart:async/zone.dart 1525:13                     _rootRun
  dart:async/zone.dart 1422:19                     _CustomZone.run
  dart:async/zone.dart 1321:7                      _CustomZone.runGuarded
  dart:async/zone.dart 1362:23                     _CustomZone.bindCallbackGuarded.<fn>
  dart:async/schedule_microtask.dart 40:35         _microtaskLoop
  dart:async/schedule_microtask.dart 49:5          _startMicrotaskLoop
  dart:isolate-patch/isolate_patch.dart 127:13     _runPendingImmediateCallback
  dart:isolate-patch/isolate_patch.dart 194:5      _RawReceivePort._handleMessage
  
00:05 +45 -15: C:/Users/Brad/Documents/~AppProjects/TimelineBiographyApp/test/property_tests/data_encryption_security_property_test.dart: Property 25: Data Encryption and Security End-to-end encryption for sensitive user content
Error: Couldn't resolve the package 'image' in 
'package:image/image.dart'.
lib/shared/intelligence/face_detection_service.dart:8:8: 
Error: Not found: 'package:image/image.dart'
import 'package:image/image.dart' as img;
       ^
00:06 +46 -15: C:/Users/Brad/Documents/~AppProjects/TimelineBiographyApp/test/property_tests/data_encryption_security_property_test.dart: Property 25: Data Encryption and Security Secure key management and data sovereignty controls
00:06 +47 -15: C:/Users/Brad/Documents/~AppProjects/TimelineBiographyApp/test/property_tests/data_encryption_security_property_test.dart: Property 25: Data Encryption and Security Audit logging for privacy-sensitive operations
lib/shared/intelligence/event_correlation_service.dart:28
3:36: Error: Type 'MediaModel' not found.
  Duration _calculateTimeSpan(List<MediaModel> photos) {
                                   ^^^^^^^^^^
lib/shared/intelligence/event_correlation_service.dart:29
1:55: Error: Type 'MediaModel' not found.
  LocationData? 
_calculateRepresentativeLocation(List<MediaModel> 
photos) {
                                                      
^^^^^^^^^^
lib/shared/intelligence/event_correlation_service.dart:31
6:38: Error: Type 'MediaModel' not found.
  double _calculatePhotoDensity(List<MediaModel> photos) 
{
                                     ^^^^^^^^^^
lib/shared/intelligence/event_correlation_service.dart:32
6:10: Error: Type 'MediaModel' not found.
    List<MediaModel> photos,
         ^^^^^^^^^^
lib/shared/intelligence/event_correlation_service.dart:37
3:29: Error: Type 'MediaModel' not found.
  bool _isWeekendEvent(List<MediaModel> photos) {
                            ^^^^^^^^^^
lib/shared/intelligence/event_correlation_service.dart:37
9:28: Error: Type 'MediaModel' not found.
  bool _isCelebration(List<MediaModel> photos, 
Set<String> people) {
                           ^^^^^^^^^^
lib/shared/intelligence/event_correlation_service.dart:38
5:28: Error: Type 'MediaModel' not found.
  bool _isTravelEvent(List<MediaModel> photos, Duration 
timeSpan) {
                           ^^^^^^^^^^
lib/shared/intelligence/event_correlation_service.dart:41
1:10: Error: Type 'MediaModel' not found.
    List<MediaModel> photos,
         ^^^^^^^^^^
lib/shared/intelligence/event_correlation_service.dart:57
5:15: Error: Type 'MediaModel' not found.
  Future<List<MediaModel>> _getAllPhotos() async {
              ^^^^^^^^^^
lib/shared/intelligence/smart_event_suggestions.dart:466:
15: Error: Type 'TimelineEventModel' not found.
  Future<List<TimelineEventModel>> 
_getPastEventsInMonth(int month) async => [];
              ^^^^^^^^^^^^^^^^^^
lib/shared/intelligence/face_detection_service.dart:166:4
1: Error: Type 'img.Image' not found.
  List<List<double>> _imageToInputArray(img.Image image) 
{
                                        ^^^^^^^^^
test/property_tests/event_correlation_property_test.dart:
25:50: Error: Member not found: 'instance'.
      eventCorrelation = 
EventCorrelationService.instance;
                                                 ^^^^^^^^
test/property_tests/event_correlation_property_test.dart:
26:55: Error: Member not found: 'instance'.
      smartSuggestions = 
SmartEventSuggestionsService.instance;
                                                      
^^^^^^^^
test/property_tests/event_correlation_property_test.dart:
35:31: Error: The getter '_timeWeight' isn't defined for 
the type 'EventCorrelationService'.
 - 'EventCorrelationService' is from 
'lib/shared/intelligence/event_correlation_service.dart'.
Try correcting the name to the name of an existing 
getter, or defining a getter or field named 
'_timeWeight'.
      expect(eventCorrelation._timeWeight, equals(0.5));
                              ^^^^^^^^^^^
test/property_tests/event_correlation_property_test.dart:
36:31: Error: The getter '_locationWeight' isn't defined 
for the type 'EventCorrelationService'.
 - 'EventCorrelationService' is from 
'lib/shared/intelligence/event_correlation_service.dart'.
Try correcting the name to the name of an existing 
getter, or defining a getter or field named 
'_locationWeight'.
      expect(eventCorrelation._locationWeight, 
equals(0.3));
                              ^^^^^^^^^^^^^^^
test/property_tests/event_correlation_property_test.dart:
37:31: Error: The getter '_peopleWeight' isn't defined 
for the type 'EventCorrelationService'.
 - 'EventCorrelationService' is from 
'lib/shared/intelligence/event_correlation_service.dart'.
Try correcting the name to the name of an existing 
getter, or defining a getter or field named 
'_peopleWeight'.
      expect(eventCorrelation._peopleWeight, 
equals(0.15));
                              ^^^^^^^^^^^^^
test/property_tests/event_correlation_property_test.dart:
38:31: Error: The getter '_densityWeight' isn't defined 
for the type 'EventCorrelationService'.
 - 'EventCorrelationService' is from 
'lib/shared/intelligence/event_correlation_service.dart'.
Try correcting the name to the name of an existing 
getter, or defining a getter or field named 
'_densityWeight'.
      expect(eventCorrelation._densityWeight, 
equals(0.05));
                              ^^^^^^^^^^^^^^
test/property_tests/event_correlation_property_test.dart:
68:42: Error: The method '_calculateDistance' isn't 
defined for the type 'EventCorrelationService'.
 - 'EventCorrelationService' is from 
'lib/shared/intelligence/event_correlation_service.dart'.
Try correcting the name to the name of an existing 
method, or defining a method named '_calculateDistance'.
      final distance1 = 
eventCorrelation._calculateDistance(photos[0], 
photos[1]);
                                         
^^^^^^^^^^^^^^^^^^
test/property_tests/event_correlation_property_test.dart:
69:42: Error: The method '_calculateDistance' isn't 
defined for the type 'EventCorrelationService'.
 - 'EventCorrelationService' is from 
'lib/shared/intelligence/event_correlation_service.dart'.
Try correcting the name to the name of an existing 
method, or defining a method named '_calculateDistance'.
      final distance2 = 
eventCorrelation._calculateDistance(photos[0], 
photos[2]);
                                         
^^^^^^^^^^^^^^^^^^
test/property_tests/event_correlation_property_test.dart:
155:31: Error: The getter '_cacheTimeout' isn't defined 
for the type 'SmartEventSuggestionsService'.
 - 'SmartEventSuggestionsService' is from 
'lib/shared/intelligence/smart_event_suggestions.dart'.
Try correcting the name to the name of an existing 
getter, or defining a getter or field named 
'_cacheTimeout'.
      expect(smartSuggestions._cacheTimeout, 
equals(Duration(hours: 1)));
                              ^^^^^^^^^^^^^
test/property_tests/event_correlation_property_test.dart:
159:41: Error: The method '_generateCacheKey' isn't 
defined for the type 'SmartEventSuggestionsService'.
 - 'SmartEventSuggestionsService' is from 
'lib/shared/intelligence/smart_event_suggestions.dart'.
Try correcting the name to the name of an existing 
method, or defining a method named '_generateCacheKey'.
      final cacheKey = 
smartSuggestions._generateCacheKey(
                                        ^^^^^^^^^^^^^^^^^
test/property_tests/event_correlation_property_test.dart:
166:31: Error: The method '_isCacheValid' isn't defined 
for the type 'SmartEventSuggestionsService'.
 - 'SmartEventSuggestionsService' is from 
'lib/shared/intelligence/smart_event_suggestions.dart'.
Try correcting the name to the name of an existing 
method, or defining a method named '_isCacheValid'.
      
expect(smartSuggestions._isCacheValid('invalid_key'), 
isFalse);
                              ^^^^^^^^^^^^^
test/property_tests/event_correlation_property_test.dart:
172:24: Error: The getter '_userPreferences' isn't 
defined for the type 'SmartEventSuggestionsService'.
 - 'SmartEventSuggestionsService' is from 
'lib/shared/intelligence/smart_event_suggestions.dart'.
Try correcting the name to the name of an existing 
getter, or defining a getter or field named 
'_userPreferences'.
      smartSuggestions._userPreferences['holiday'] = 
preference;
                       ^^^^^^^^^^^^^^^^
test/property_tests/event_correlation_property_test.dart:
175:24: Error: The method 
'_updatePreferencesFromAcceptance' isn't defined for the 
type 'SmartEventSuggestionsService'.
 - 'SmartEventSuggestionsService' is from 
'lib/shared/intelligence/smart_event_suggestions.dart'.
Try correcting the name to the name of an existing 
method, or defining a method named 
'_updatePreferencesFromAcceptance'.
      smartSuggestions._updatePreferencesFromAcceptance('
test');
                       ^^^^^^^^^^^^^^^^^^^^^^^^^^^^^^^^
test/property_tests/event_correlation_property_test.dart:
176:40: Error: The getter '_userPreferences' isn't 
defined for the type 'SmartEventSuggestionsService'.
 - 'SmartEventSuggestionsService' is from 
'lib/shared/intelligence/smart_event_suggestions.dart'.
Try correcting the name to the name of an existing 
getter, or defining a getter or field named 
'_userPreferences'.
      final updated = 
smartSuggestions._userPreferences['holiday'];
                                       ^^^^^^^^^^^^^^^^
test/property_tests/event_correlation_property_test.dart:
181:24: Error: The method 
'_updatePreferencesFromRejection' isn't defined for the 
type 'SmartEventSuggestionsService'.
 - 'SmartEventSuggestionsService' is from 
'lib/shared/intelligence/smart_event_suggestions.dart'.
Try correcting the name to the name of an existing 
method, or defining a method named 
'_updatePreferencesFromRejection'.
      
smartSuggestions._updatePreferencesFromRejection('test');
                       ^^^^^^^^^^^^^^^^^^^^^^^^^^^^^^^
test/property_tests/event_correlation_property_test.dart:
182:41: Error: The getter '_userPreferences' isn't 
defined for the type 'SmartEventSuggestionsService'.
 - 'SmartEventSuggestionsService' is from 
'lib/shared/intelligence/smart_event_suggestions.dart'.
Try correcting the name to the name of an existing 
getter, or defining a getter or field named 
'_userPreferences'.
      final rejected = 
smartSuggestions._userPreferences['holiday'];
                                        ^^^^^^^^^^^^^^^^
test/property_tests/event_correlation_property_test.dart:
194:39: Error: The method '_removeDuplicateSuggestions' 
isn't defined for the type 
'SmartEventSuggestionsService'.
 - 'SmartEventSuggestionsService' is from 
'lib/shared/intelligence/smart_event_suggestions.dart'.
Try correcting the name to the name of an existing 
method, or defining a method named 
'_removeDuplicateSuggestions'.
      final unique = smartSuggestions._removeDuplicateSug
gestions(suggestions);
                                      
^^^^^^^^^^^^^^^^^^^^^^^^^^^
test/property_tests/event_correlation_property_test.dart:
203:24: Error: The getter '_userPreferences' isn't 
defined for the type 'SmartEventSuggestionsService'.
 - 'SmartEventSuggestionsService' is from 
'lib/shared/intelligence/smart_event_suggestions.dart'.
Try correcting the name to the name of an existing 
getter, or defining a getter or field named 
'_userPreferences'.
      smartSuggestions._userPreferences['general'] = 
                       ^^^^^^^^^^^^^^^^
test/property_tests/event_correlation_property_test.dart:
206:31: Error: The method '_shouldSuggestEventType' 
isn't defined for the type 
'SmartEventSuggestionsService'.
 - 'SmartEventSuggestionsService' is from 
'lib/shared/intelligence/smart_event_suggestions.dart'.
Try correcting the name to the name of an existing 
method, or defining a method named 
'_shouldSuggestEventType'.
      expect(smartSuggestions._shouldSuggestEventType(Eve
ntType.general), isFalse);
                              ^^^^^^^^^^^^^^^^^^^^^^^
test/property_tests/event_correlation_property_test.dart:
207:31: Error: The method '_shouldSuggestEventType' 
isn't defined for the type 
'SmartEventSuggestionsService'.
 - 'SmartEventSuggestionsService' is from 
'lib/shared/intelligence/smart_event_suggestions.dart'.
Try correcting the name to the name of an existing 
method, or defining a method named 
'_shouldSuggestEventType'.
      expect(smartSuggestions._shouldSuggestEventType(Eve
ntType.holiday), isTrue);
                              ^^^^^^^^^^^^^^^^^^^^^^^
test/property_tests/event_correlation_property_test.dart:
234:43: Error: The getter '_userPreferences' isn't 
defined for the type 'SmartEventSuggestionsService'.
 - 'SmartEventSuggestionsService' is from 
'lib/shared/intelligence/smart_event_suggestions.dart'.
Try correcting the name to the name of an existing 
getter, or defining a getter or field named 
'_userPreferences'.
      final preference = 
smartSuggestions._userPreferences['holiday'];
                                          
^^^^^^^^^^^^^^^^
test/property_tests/event_correlation_property_test.dart:
240:47: Error: The method '_suggestUpcomingEvents' isn't 
defined for the type 'SmartEventSuggestionsService'.
 - 'SmartEventSuggestionsService' is from 
'lib/shared/intelligence/smart_event_suggestions.dart'.
Try correcting the name to the name of an existing 
method, or defining a method named 
'_suggestUpcomingEvents'.
      final upcoming = await 
smartSuggestions._suggestUpcomingEvents();
                                              
^^^^^^^^^^^^^^^^^^^^^^
test/property_tests/event_correlation_property_test.dart:
295:41: Error: The method '_calculateDistance' isn't 
defined for the type 'EventCorrelationService'.
 - 'EventCorrelationService' is from 
'lib/shared/intelligence/event_correlation_service.dart'.
Try correcting the name to the name of an existing 
method, or defining a method named '_calculateDistance'.
      final distance = 
eventCorrelation._calculateDistance(photos[0], 
photos[1]);
                                        
^^^^^^^^^^^^^^^^^^
test/property_tests/event_correlation_property_test.dart:
312:37: Error: The method '_calculateDistance' isn't 
defined for the type 'EventCorrelationService'.
 - 'EventCorrelationService' is from 
'lib/shared/intelligence/event_correlation_service.dart'.
Try correcting the name to the name of an existing 
method, or defining a method named '_calculateDistance'.
      expect(() => 
eventCorrelation._calculateDistance(photo1, photo2), 
                                    ^^^^^^^^^^^^^^^^^^
test/property_tests/event_correlation_property_test.dart:
317:24: Error: The method '_clearCache' isn't defined 
for the type 'SmartEventSuggestionsService'.
 - 'SmartEventSuggestionsService' is from 
'lib/shared/intelligence/smart_event_suggestions.dart'.
Try correcting the name to the name of an existing 
method, or defining a method named '_clearCache'.
      smartSuggestions._clearCache();
                       ^^^^^^^^^^^
test/property_tests/event_correlation_property_test.dart:
318:31: Error: The getter '_suggestionCache' isn't 
defined for the type 'SmartEventSuggestionsService'.
 - 'SmartEventSuggestionsService' is from 
'lib/shared/intelligence/smart_event_suggestions.dart'.
Try correcting the name to the name of an existing 
getter, or defining a getter or field named 
'_suggestionCache'.
      expect(smartSuggestions._suggestionCache, isEmpty);
                              ^^^^^^^^^^^^^^^^
test/property_tests/event_correlation_property_test.dart:
319:31: Error: The getter '_cacheTimestamps' isn't 
defined for the type 'SmartEventSuggestionsService'.
 - 'SmartEventSuggestionsService' is from 
'lib/shared/intelligence/smart_event_suggestions.dart'.
Try correcting the name to the name of an existing 
getter, or defining a getter or field named 
'_cacheTimestamps'.
      expect(smartSuggestions._cacheTimestamps, isEmpty);
                              ^^^^^^^^^^^^^^^^
test/property_tests/event_correlation_property_test.dart:
330:5: Error: No named parameter with the name 
'location'.
    location: location,
    ^^^^^^^^
lib/shared/models/media_asset.dart:22:9: Context: Found 
this candidate, but the arguments don't match.
  const MediaAsset({
        ^^^^^^^^^^
test/property_tests/event_correlation_property_test.dart:
387:21: Error: The getter 'location' isn't defined for 
the type 'MediaAsset'.
 - 'MediaAsset' is from 
'lib/shared/models/media_asset.dart'.
Try correcting the name to the name of an existing 
getter, or defining a getter or field named 'location'.
      .map((p) => p.location)
                    ^^^^^^^^
lib/shared/intelligence/event_correlation_service.dart:16
8:49: Error: The class 'DistanceCalculator' is abstract 
and can't be instantiated.
    final DistanceCalculator calculator = const 
DistanceCalculator();
                                                
^^^^^^^^^^^^^^^^^^
lib/shared/intelligence/event_correlation_service.dart:16
1:16: Error: The getter 'location' isn't defined for the 
type 'MediaAsset'.
 - 'MediaAsset' is from 
'lib/shared/models/media_asset.dart'.
Try correcting the name to the name of an existing 
getter, or defining a getter or field named 'location'.
    if (photo1.location == null || photo2.location == 
null) {
               ^^^^^^^^
lib/shared/intelligence/event_correlation_service.dart:16
1:43: Error: The getter 'location' isn't defined for the 
type 'MediaAsset'.
 - 'MediaAsset' is from 
'lib/shared/models/media_asset.dart'.
Try correcting the name to the name of an existing 
getter, or defining a getter or field named 'location'.
    if (photo1.location == null || photo2.location == 
null) {
                                          ^^^^^^^^
lib/shared/intelligence/event_correlation_service.dart:16
5:30: Error: The getter 'location' isn't defined for the 
type 'MediaAsset'.
 - 'MediaAsset' is from 
'lib/shared/models/media_asset.dart'.
Try correcting the name to the name of an existing 
getter, or defining a getter or field named 'location'.
    final p1 = LatLng(photo1.location!.latitude, 
photo1.location!.longitude);
                             ^^^^^^^^
lib/shared/intelligence/event_correlation_service.dart:16
5:57: Error: The getter 'location' isn't defined for the 
type 'MediaAsset'.
 - 'MediaAsset' is from 
'lib/shared/models/media_asset.dart'.
Try correcting the name to the name of an existing 
getter, or defining a getter or field named 'location'.
    final p1 = LatLng(photo1.location!.latitude, 
photo1.location!.longitude);
                                                        
^^^^^^^^
lib/shared/intelligence/event_correlation_service.dart:16
6:30: Error: The getter 'location' isn't defined for the 
type 'MediaAsset'.
 - 'MediaAsset' is from 
'lib/shared/models/media_asset.dart'.
Try correcting the name to the name of an existing 
getter, or defining a getter or field named 'location'.
    final p2 = LatLng(photo2.location!.latitude, 
photo2.location!.longitude);
                             ^^^^^^^^
lib/shared/intelligence/event_correlation_service.dart:16
6:57: Error: The getter 'location' isn't defined for the 
type 'MediaAsset'.
 - 'MediaAsset' is from 
'lib/shared/models/media_asset.dart'.
Try correcting the name to the name of an existing 
getter, or defining a getter or field named 'location'.
    final p2 = LatLng(photo2.location!.latitude, 
photo2.location!.longitude);
                                                        
^^^^^^^^
lib/shared/intelligence/event_correlation_service.dart:28
3:36: Error: 'MediaModel' isn't a type.
  Duration _calculateTimeSpan(List<MediaModel> photos) {
                                   ^^^^^^^^^^
lib/shared/intelligence/event_correlation_service.dart:29
1:55: Error: 'MediaModel' isn't a type.
  LocationData? 
_calculateRepresentativeLocation(List<MediaModel> 
photos) {
                                                      
^^^^^^^^^^
lib/shared/intelligence/event_correlation_service.dart:29
3:23: Error: The getter 'location' isn't defined for the 
type 'Object?'.
 - 'Object' is from 'dart:core'.
Try correcting the name to the name of an existing 
getter, or defining a getter or field named 'location'.
        .map((p) => p.location)
                      ^^^^^^^^
lib/shared/intelligence/event_correlation_service.dart:31
6:38: Error: 'MediaModel' isn't a type.
  double _calculatePhotoDensity(List<MediaModel> photos) 
{
                                     ^^^^^^^^^^
lib/shared/intelligence/event_correlation_service.dart:32
6:10: Error: 'MediaModel' isn't a type.
    List<MediaModel> photos,
         ^^^^^^^^^^
lib/shared/intelligence/event_correlation_service.dart:37
3:29: Error: 'MediaModel' isn't a type.
  bool _isWeekendEvent(List<MediaModel> photos) {
                            ^^^^^^^^^^
lib/shared/intelligence/event_correlation_service.dart:37
5:11: Error: The getter 'createdAt' isn't defined for 
the type 'Object?'.
 - 'Object' is from 'dart:core'.
Try correcting the name to the name of an existing 
getter, or defining a getter or field named 'createdAt'.
        p.createdAt.weekday == DateTime.saturday || 
          ^^^^^^^^^
lib/shared/intelligence/event_correlation_service.dart:37
6:11: Error: The getter 'createdAt' isn't defined for 
the type 'Object?'.
 - 'Object' is from 'dart:core'.
Try correcting the name to the name of an existing 
getter, or defining a getter or field named 'createdAt'.
        p.createdAt.weekday == DateTime.sunday);
          ^^^^^^^^^
lib/shared/intelligence/event_correlation_service.dart:37
9:28: Error: 'MediaModel' isn't a type.
  bool _isCelebration(List<MediaModel> photos, 
Set<String> people) {
                           ^^^^^^^^^^
lib/shared/intelligence/event_correlation_service.dart:38
5:28: Error: 'MediaModel' isn't a type.
  bool _isTravelEvent(List<MediaModel> photos, Duration 
timeSpan) {
                           ^^^^^^^^^^
lib/shared/intelligence/event_correlation_service.dart:39
0:23: Error: The getter 'location' isn't defined for the 
type 'Object?'.
 - 'Object' is from 'dart:core'.
Try correcting the name to the name of an existing 
getter, or defining a getter or field named 'location'.
        .map((p) => p.location)
                      ^^^^^^^^
lib/shared/intelligence/event_correlation_service.dart:40
1:9: Error: The method 'MediaModel' isn't defined for 
the type 'EventCorrelationService'.
 - 'EventCorrelationService' is from 
'lib/shared/intelligence/event_correlation_service.dart'.
Try correcting the name to the name of an existing 
method, or defining a method named 'MediaModel'.
        MediaModel(id: '', createdAt: DateTime.now(), 
location: locations[i-1]),
        ^^^^^^^^^^
lib/shared/intelligence/event_correlation_service.dart:40
2:9: Error: The method 'MediaModel' isn't defined for 
the type 'EventCorrelationService'.
 - 'EventCorrelationService' is from 
'lib/shared/intelligence/event_correlation_service.dart'.
Try correcting the name to the name of an existing 
method, or defining a method named 'MediaModel'.
        MediaModel(id: '', createdAt: DateTime.now(), 
location: locations[i]),
        ^^^^^^^^^^
lib/shared/intelligence/event_correlation_service.dart:41
1:10: Error: 'MediaModel' isn't a type.
    List<MediaModel> photos,
         ^^^^^^^^^^
lib/shared/intelligence/smart_event_suggestions.dart:323:
23: Error: The method 'min' isn't defined for the type 
'SmartEventSuggestionsService'.
 - 'SmartEventSuggestionsService' is from 
'lib/shared/intelligence/smart_event_suggestions.dart'.
Try correcting the name to the name of an existing 
method, or defining a method named 'min'.
    typePref.weight = min(2.0, typePref.weight * 1.1);
                      ^^^
lib/shared/intelligence/smart_event_suggestions.dart:344:
23: Error: The method 'max' isn't defined for the type 
'SmartEventSuggestionsService'.
 - 'SmartEventSuggestionsService' is from 
'lib/shared/intelligence/smart_event_suggestions.dart'.
Try correcting the name to the name of an existing 
method, or defining a method named 'max'.
    typePref.weight = max(0.1, typePref.weight * 0.9);
                      ^^^
lib/shared/intelligence/smart_event_suggestions.dart:369:
25: Error: The method 'min' isn't defined for the type 
'SmartEventSuggestionsService'.
 - 'SmartEventSuggestionsService' is from 
'lib/shared/intelligence/smart_event_suggestions.dart'.
Try correcting the name to the name of an existing 
method, or defining a method named 'min'.
      typePref.weight = min(2.0, typePref.weight * 1.05);
                        ^^^
lib/shared/intelligence/face_detection_service.dart:93:20
: Error: The getter 'id' isn't defined for the type 
'Face'.
 - 'Face' is from 'package:google_mlkit_face_detection/sr
c/face_detector.dart' ('../../../AppData/Local/Pub/Cache/
hosted/pub.dev/google_mlkit_face_detection-0.10.1/lib/src
/face_detector.dart').
Try correcting the name to the name of an existing 
getter, or defining a getter or field named 'id'.
          id: face.id,
                   ^^
lib/shared/intelligence/face_detection_service.dart:95:45
: Error: The argument type 'Map<FaceLandmarkType, 
FaceLandmark?>' can't be assigned to the parameter type 
'Map<FaceLandmarkType, FaceLandmark>?'.
 - 'Map' is from 'dart:core'.
 - 'FaceLandmarkType' is from 'package:google_mlkit_face_
detection/src/face_detector.dart' ('../../../AppData/Loca
l/Pub/Cache/hosted/pub.dev/google_mlkit_face_detection-0.
10.1/lib/src/face_detector.dart').
 - 'FaceLandmark' is from 'package:google_mlkit_face_dete
ction/src/face_detector.dart' ('../../../AppData/Local/Pu
b/Cache/hosted/pub.dev/google_mlkit_face_detection-0.10.1
/lib/src/face_detector.dart').
          landmarks: _convertLandmarks(face.landmarks),
                                            ^
lib/shared/intelligence/face_detection_service.dart:128:3
3: Error: Method not found: 'decodeImage'.
      final originalImage = img.decodeImage(imageBytes);
                                ^^^^^^^^^^^
lib/shared/intelligence/face_detection_service.dart:134:2
9: Error: Method not found: 'copyCrop'.
      final faceImage = img.copyCrop(
                            ^^^^^^^^
lib/shared/intelligence/face_detection_service.dart:147:2
8: Error: Undefined name 'Interpolation'.
        interpolation: img.Interpolation.linear,
                           ^^^^^^^^^^^^^
lib/shared/intelligence/face_detection_service.dart:143:3
2: Error: Method not found: 'copyResize'.
      final resizedImage = img.copyResize(
                               ^^^^^^^^^^
lib/shared/intelligence/face_detection_service.dart:155:4
0: Error: This expression has type 'void' and can't be 
used.
      await _faceEmbeddingInterpreter!.run(input, 
output);
                                       ^
lib/shared/intelligence/face_detection_service.dart:166:4
5: Error: 'Image' isn't a type.
  List<List<double>> _imageToInputArray(img.Image image) 
{
                                            ^^^^^
lib/shared/intelligence/face_detection_service.dart:184:6
5: Error: A value of type 'List<dynamic>' can't be 
assigned to a variable of type 'List<double>'.
 - 'List' is from 'dart:core'.
    return [input.expand((row) => row).expand((pixel) => 
pixel).toList()];
                                                         
       ^
lib/shared/intelligence/face_detection_service.dart:192:2
2: Error: The method 'sqrt' isn't defined for the type 
'double'.
Try correcting the name to the name of an existing 
method, or defining a method named 'sqrt'.
    final norm = sum.sqrt();
                     ^^^^
lib/shared/intelligence/face_detection_service.dart:265:3
2: Error: The method 'sqrt' isn't defined for the type 
'double'.
Try correcting the name to the name of an existing 
method, or defining a method named 'sqrt'.
    return dotProduct / (normA.sqrt() * normB.sqrt());
                               ^^^^
lib/shared/intelligence/face_detection_service.dart:265:4
7: Error: The method 'sqrt' isn't defined for the type 
'double'.
Try correcting the name to the name of an existing 
method, or defining a method named 'sqrt'.
    return dotProduct / (normA.sqrt() * normB.sqrt());
                                              ^^^^
00:06 +48 -15: C:/Users/Brad/Documents/~AppProjects/TimelineBiographyApp/test/property_tests/data_encryption_security_property_test.dart: Property 25: Data Encryption and Security Key rotation and lifecycle management
00:06 +49 -15: C:/Users/Brad/Documents/~AppProjects/TimelineBiographyApp/test/property_tests/data_encryption_security_property_test.dart: Property 25: Data Encryption and Security Shared secret generation for multi-user scenarios
00:06 +50 -15: C:/Users/Brad/Documents/~AppProjects/TimelineBiographyApp/test/property_tests/data_encryption_security_property_test.dart: Property 25: Data Encryption and Security Data integrity verification with HMAC
00:06 +51 -15: C:/Users/Brad/Documents/~AppProjects/TimelineBiographyApp/test/property_tests/data_encryption_security_property_test.dart: Property 25: Data Encryption and Security Hashing for data integrity
00:06 +52 -15: C:/Users/Brad/Documents/~AppProjects/TimelineBiographyApp/test/property_tests/data_encryption_security_property_test.dart: Property 25: Data Encryption and Security Encryption configuration and algorithm support
00:06 +53 -15: C:/Users/Brad/Documents/~AppProjects/TimelineBiographyApp/test/property_tests/data_encryption_security_property_test.dart: Property 25: Data Encryption and Security Error handling and failed operation auditing
../../../AppData/Local/Pub/Cache/hosted/pub.dev/tflite_fl
utter-0.10.4/lib/src/tensor.dart:58:12: Error: The 
method 'UnmodifiableUint8ListView' isn't defined for the 
type 'Tensor'.
 - 'Tensor' is from 
'package:tflite_flutter/src/tensor.dart' ('../../../AppDa
ta/Local/Pub/Cache/hosted/pub.dev/tflite_flutter-0.10.4/l
ib/src/tensor.dart').
Try correcting the name to the name of an existing 
method, or defining a method named 
'UnmodifiableUint8ListView'.
    return UnmodifiableUint8ListView(
           ^^^^^^^^^^^^^^^^^^^^^^^^^
00:06 +54 -15: C:/Users/Brad/Documents/~AppProjects/TimelineBiographyApp/test/property_tests/data_encryption_security_property_test.dart: Property 25: Data Encryption and Security Error handling and failed operation auditing
00:06 +54 -16: loading C:/Users/Brad/Documents/~AppProjects/TimelineBiographyApp/test/property_tests/event_correlation_property_test.dart [E]
  Failed to load "C:/Users/Brad/Documents/~AppProjects/TimelineBiographyApp/test/property_tests/event_correlation_property_test.dart":
  Compilation failed for testPath=C:/Users/Brad/Documents/~AppProjects/TimelineBiographyApp/test/property_tests/event_correlation_property_test.dart: Error: Couldn't resolve the package 'image' in 'package:image/image.dart'.
  lib/shared/intelligence/face_detection_service.dart:8:8: Error: Not found: 'package:image/image.dart'
  import 'package:image/image.dart' as img;
         ^
  lib/shared/intelligence/event_correlation_service.dart:283:36: Error: Type 'MediaModel' not found.
    Duration _calculateTimeSpan(List<MediaModel> photos) {
                                     ^^^^^^^^^^
  lib/shared/intelligence/event_correlation_service.dart:291:55: Error: Type 'MediaModel' not found.
    LocationData? _calculateRepresentativeLocation(List<MediaModel> photos) {
                                                        ^^^^^^^^^^
  lib/shared/intelligence/event_correlation_service.dart:316:38: Error: Type 'MediaModel' not found.
    double _calculatePhotoDensity(List<MediaModel> photos) {
                                       ^^^^^^^^^^
  lib/shared/intelligence/event_correlation_service.dart:326:10: Error: Type 'MediaModel' not found.
      List<MediaModel> photos,
           ^^^^^^^^^^
  lib/shared/intelligence/event_correlation_service.dart:373:29: Error: Type 'MediaModel' not found.
    bool _isWeekendEvent(List<MediaModel> photos) {
                              ^^^^^^^^^^
  lib/shared/intelligence/event_correlation_service.dart:379:28: Error: Type 'MediaModel' not found.
    bool _isCelebration(List<MediaModel> photos, Set<String> people) {
                             ^^^^^^^^^^
  lib/shared/intelligence/event_correlation_service.dart:385:28: Error: Type 'MediaModel' not found.
    bool _isTravelEvent(List<MediaModel> photos, Duration timeSpan) {
                             ^^^^^^^^^^
  lib/shared/intelligence/event_correlation_service.dart:411:10: Error: Type 'MediaModel' not found.
      List<MediaModel> photos,
           ^^^^^^^^^^
  lib/shared/intelligence/event_correlation_service.dart:575:15: Error: Type 'MediaModel' not found.
    Future<List<MediaModel>> _getAllPhotos() async {
                ^^^^^^^^^^
  lib/shared/intelligence/smart_event_suggestions.dart:466:15: Error: Type 'TimelineEventModel' not found.
    Future<List<TimelineEventModel>> _getPastEventsInMonth(int month) async => [];
                ^^^^^^^^^^^^^^^^^^
  lib/shared/intelligence/face_detection_service.dart:166:41: Error: Type 'img.Image' not found.
    List<List<double>> _imageToInputArray(img.Image image) {
                                          ^^^^^^^^^
  test/property_tests/event_correlation_property_test.dart:25:50: Error: Member not found: 'instance'.
        eventCorrelation = EventCorrelationService.instance;
                                                   ^^^^^^^^
  test/property_tests/event_correlation_property_test.dart:26:55: Error: Member not found: 'instance'.
        smartSuggestions = SmartEventSuggestionsService.instance;
                                                        ^^^^^^^^
  test/property_tests/event_correlation_property_test.dart:35:31: Error: The getter '_timeWeight' isn't defined for the type 'EventCorrelationService'.
   - 'EventCorrelationService' is from 'lib/shared/intelligence/event_correlation_service.dart'.
  Try correcting the name to the name of an existing getter, or defining a getter or field named '_timeWeight'.
        expect(eventCorrelation._timeWeight, equals(0.5));
                                ^^^^^^^^^^^
  test/property_tests/event_correlation_property_test.dart:36:31: Error: The getter '_locationWeight' isn't defined for the type 'EventCorrelationService'.
   - 'EventCorrelationService' is from 'lib/shared/intelligence/event_correlation_service.dart'.
  Try correcting the name to the name of an existing getter, or defining a getter or field named '_locationWeight'.
        expect(eventCorrelation._locationWeight, equals(0.3));
                                ^^^^^^^^^^^^^^^
  test/property_tests/event_correlation_property_test.dart:37:31: Error: The getter '_peopleWeight' isn't defined for the type 'EventCorrelationService'.
   - 'EventCorrelationService' is from 'lib/shared/intelligence/event_correlation_service.dart'.
  Try correcting the name to the name of an existing getter, or defining a getter or field named '_peopleWeight'.
        expect(eventCorrelation._peopleWeight, equals(0.15));
                                ^^^^^^^^^^^^^
  test/property_tests/event_correlation_property_test.dart:38:31: Error: The getter '_densityWeight' isn't defined for the type 'EventCorrelationService'.
   - 'EventCorrelationService' is from 'lib/shared/intelligence/event_correlation_service.dart'.
  Try correcting the name to the name of an existing getter, or defining a getter or field named '_densityWeight'.
        expect(eventCorrelation._densityWeight, equals(0.05));
                                ^^^^^^^^^^^^^^
  test/property_tests/event_correlation_property_test.dart:68:42: Error: The method '_calculateDistance' isn't defined for the type 'EventCorrelationService'.
   - 'EventCorrelationService' is from 'lib/shared/intelligence/event_correlation_service.dart'.
  Try correcting the name to the name of an existing method, or defining a method named '_calculateDistance'.
        final distance1 = eventCorrelation._calculateDistance(photos[0], photos[1]);
                                           ^^^^^^^^^^^^^^^^^^
  test/property_tests/event_correlation_property_test.dart:69:42: Error: The method '_calculateDistance' isn't defined for the type 'EventCorrelationService'.
   - 'EventCorrelationService' is from 'lib/shared/intelligence/event_correlation_service.dart'.
  Try correcting the name to the name of an existing method, or defining a method named '_calculateDistance'.
        final distance2 = eventCorrelation._calculateDistance(photos[0], photos[2]);
                                           ^^^^^^^^^^^^^^^^^^
  test/property_tests/event_correlation_property_test.dart:155:31: Error: The getter '_cacheTimeout' isn't defined for the type 'SmartEventSuggestionsService'.
   - 'SmartEventSuggestionsService' is from 'lib/shared/intelligence/smart_event_suggestions.dart'.
  Try correcting the name to the name of an existing getter, or defining a getter or field named '_cacheTimeout'.
        expect(smartSuggestions._cacheTimeout, equals(Duration(hours: 1)));
                                ^^^^^^^^^^^^^
  test/property_tests/event_correlation_property_test.dart:159:41: Error: The method '_generateCacheKey' isn't defined for the type 'SmartEventSuggestionsService'.
   - 'SmartEventSuggestionsService' is from 'lib/shared/intelligence/smart_event_suggestions.dart'.
  Try correcting the name to the name of an existing method, or defining a method named '_generateCacheKey'.
        final cacheKey = smartSuggestions._generateCacheKey(
                                          ^^^^^^^^^^^^^^^^^
  test/property_tests/event_correlation_property_test.dart:166:31: Error: The method '_isCacheValid' isn't defined for the type 'SmartEventSuggestionsService'.
   - 'SmartEventSuggestionsService' is from 'lib/shared/intelligence/smart_event_suggestions.dart'.
  Try correcting the name to the name of an existing method, or defining a method named '_isCacheValid'.
        expect(smartSuggestions._isCacheValid('invalid_key'), isFalse);
                                ^^^^^^^^^^^^^
  test/property_tests/event_correlation_property_test.dart:172:24: Error: The getter '_userPreferences' isn't defined for the type 'SmartEventSuggestionsService'.
   - 'SmartEventSuggestionsService' is from 'lib/shared/intelligence/smart_event_suggestions.dart'.
  Try correcting the name to the name of an existing getter, or defining a getter or field named '_userPreferences'.
        smartSuggestions._userPreferences['holiday'] = preference;
                         ^^^^^^^^^^^^^^^^
  test/property_tests/event_correlation_property_test.dart:175:24: Error: The method '_updatePreferencesFromAcceptance' isn't defined for the type 'SmartEventSuggestionsService'.
   - 'SmartEventSuggestionsService' is from 'lib/shared/intelligence/smart_event_suggestions.dart'.
  Try correcting the name to the name of an existing method, or defining a method named '_updatePreferencesFromAcceptance'.
        smartSuggestions._updatePreferencesFromAcceptance('test');
                         ^^^^^^^^^^^^^^^^^^^^^^^^^^^^^^^^
  test/property_tests/event_correlation_property_test.dart:176:40: Error: The getter '_userPreferences' isn't defined for the type 'SmartEventSuggestionsService'.
   - 'SmartEventSuggestionsService' is from 'lib/shared/intelligence/smart_event_suggestions.dart'.
  Try correcting the name to the name of an existing getter, or defining a getter or field named '_userPreferences'.
        final updated = smartSuggestions._userPreferences['holiday'];
                                         ^^^^^^^^^^^^^^^^
  test/property_tests/event_correlation_property_test.dart:181:24: Error: The method '_updatePreferencesFromRejection' isn't defined for the type 'SmartEventSuggestionsService'.
   - 'SmartEventSuggestionsService' is from 'lib/shared/intelligence/smart_event_suggestions.dart'.
  Try correcting the name to the name of an existing method, or defining a method named '_updatePreferencesFromRejection'.
        smartSuggestions._updatePreferencesFromRejection('test');
                         ^^^^^^^^^^^^^^^^^^^^^^^^^^^^^^^
  test/property_tests/event_correlation_property_test.dart:182:41: Error: The getter '_userPreferences' isn't defined for the type 'SmartEventSuggestionsService'.
   - 'SmartEventSuggestionsService' is from 'lib/shared/intelligence/smart_event_suggestions.dart'.
  Try correcting the name to the name of an existing getter, or defining a getter or field named '_userPreferences'.
        final rejected = smartSuggestions._userPreferences['holiday'];
                                          ^^^^^^^^^^^^^^^^
  test/property_tests/event_correlation_property_test.dart:194:39: Error: The method '_removeDuplicateSuggestions' isn't defined for the type 'SmartEventSuggestionsService'.
   - 'SmartEventSuggestionsService' is from 'lib/shared/intelligence/smart_event_suggestions.dart'.
  Try correcting the name to the name of an existing method, or defining a method named '_removeDuplicateSuggestions'.
        final unique = smartSuggestions._removeDuplicateSuggestions(suggestions);
                                        ^^^^^^^^^^^^^^^^^^^^^^^^^^^
  test/property_tests/event_correlation_property_test.dart:203:24: Error: The getter '_userPreferences' isn't defined for the type 'SmartEventSuggestionsService'.
   - 'SmartEventSuggestionsService' is from 'lib/shared/intelligence/smart_event_suggestions.dart'.
  Try correcting the name to the name of an existing getter, or defining a getter or field named '_userPreferences'.
        smartSuggestions._userPreferences['general'] = 
                         ^^^^^^^^^^^^^^^^
  test/property_tests/event_correlation_property_test.dart:206:31: Error: The method '_shouldSuggestEventType' isn't defined for the type 'SmartEventSuggestionsService'.
   - 'SmartEventSuggestionsService' is from 'lib/shared/intelligence/smart_event_suggestions.dart'.
  Try correcting the name to the name of an existing method, or defining a method named '_shouldSuggestEventType'.
        expect(smartSuggestions._shouldSuggestEventType(EventType.general), isFalse);
                                ^^^^^^^^^^^^^^^^^^^^^^^
  test/property_tests/event_correlation_property_test.dart:207:31: Error: The method '_shouldSuggestEventType' isn't defined for the type 'SmartEventSuggestionsService'.
   - 'SmartEventSuggestionsService' is from 'lib/shared/intelligence/smart_event_suggestions.dart'.
  Try correcting the name to the name of an existing method, or defining a method named '_shouldSuggestEventType'.
        expect(smartSuggestions._shouldSuggestEventType(EventType.holiday), isTrue);
                                ^^^^^^^^^^^^^^^^^^^^^^^
  test/property_tests/event_correlation_property_test.dart:234:43: Error: The getter '_userPreferences' isn't defined for the type 'SmartEventSuggestionsService'.
   - 'SmartEventSuggestionsService' is from 'lib/shared/intelligence/smart_event_suggestions.dart'.
  Try correcting the name to the name of an existing getter, or defining a getter or field named '_userPreferences'.
        final preference = smartSuggestions._userPreferences['holiday'];
                                            ^^^^^^^^^^^^^^^^
  test/property_tests/event_correlation_property_test.dart:240:47: Error: The method '_suggestUpcomingEvents' isn't defined for the type 'SmartEventSuggestionsService'.
   - 'SmartEventSuggestionsService' is from 'lib/shared/intelligence/smart_event_suggestions.dart'.
  Try correcting the name to the name of an existing method, or defining a method named '_suggestUpcomingEvents'.
        final upcoming = await smartSuggestions._suggestUpcomingEvents();
                                                ^^^^^^^^^^^^^^^^^^^^^^
  test/property_tests/event_correlation_property_test.dart:295:41: Error: The method '_calculateDistance' isn't defined for the type 'EventCorrelationService'.
   - 'EventCorrelationService' is from 'lib/shared/intelligence/event_correlation_service.dart'.
  Try correcting the name to the name of an existing method, or defining a method named '_calculateDistance'.
        final distance = eventCorrelation._calculateDistance(photos[0], photos[1]);
                                          ^^^^^^^^^^^^^^^^^^
  test/property_tests/event_correlation_property_test.dart:312:37: Error: The method '_calculateDistance' isn't defined for the type 'EventCorrelationService'.
   - 'EventCorrelationService' is from 'lib/shared/intelligence/event_correlation_service.dart'.
  Try correcting the name to the name of an existing method, or defining a method named '_calculateDistance'.
        expect(() => eventCorrelation._calculateDistance(photo1, photo2), 
                                      ^^^^^^^^^^^^^^^^^^
  test/property_tests/event_correlation_property_test.dart:317:24: Error: The method '_clearCache' isn't defined for the type 'SmartEventSuggestionsService'.
   - 'SmartEventSuggestionsService' is from 'lib/shared/intelligence/smart_event_suggestions.dart'.
  Try correcting the name to the name of an existing method, or defining a method named '_clearCache'.
        smartSuggestions._clearCache();
                         ^^^^^^^^^^^
  test/property_tests/event_correlation_property_test.dart:318:31: Error: The getter '_suggestionCache' isn't defined for the type 'SmartEventSuggestionsService'.
   - 'SmartEventSuggestionsService' is from 'lib/shared/intelligence/smart_event_suggestions.dart'.
  Try correcting the name to the name of an existing getter, or defining a getter or field named '_suggestionCache'.
        expect(smartSuggestions._suggestionCache, isEmpty);
                                ^^^^^^^^^^^^^^^^
  test/property_tests/event_correlation_property_test.dart:319:31: Error: The getter '_cacheTimestamps' isn't defined for the type 'SmartEventSuggestionsService'.
   - 'SmartEventSuggestionsService' is from 'lib/shared/intelligence/smart_event_suggestions.dart'.
  Try correcting the name to the name of an existing getter, or defining a getter or field named '_cacheTimestamps'.
        expect(smartSuggestions._cacheTimestamps, isEmpty);
                                ^^^^^^^^^^^^^^^^
  test/property_tests/event_correlation_property_test.dart:330:5: Error: No named parameter with the name 'location'.
      location: location,
      ^^^^^^^^
  lib/shared/models/media_asset.dart:22:9: Context: Found this candidate, but the arguments don't match.
    const MediaAsset({
          ^^^^^^^^^^
  test/property_tests/event_correlation_property_test.dart:387:21: Error: The getter 'location' isn't defined for the type 'MediaAsset'.
   - 'MediaAsset' is from 'lib/shared/models/media_asset.dart'.
  Try correcting the name to the name of an existing getter, or defining a getter or field named 'location'.
        .map((p) => p.location)
                      ^^^^^^^^
  lib/shared/intelligence/event_correlation_service.dart:168:49: Error: The class 'DistanceCalculator' is abstract and can't be instantiated.
      final DistanceCalculator calculator = const DistanceCalculator();
                                                  ^^^^^^^^^^^^^^^^^^
  lib/shared/intelligence/event_correlation_service.dart:161:16: Error: The getter 'location' isn't defined for the type 'MediaAsset'.
   - 'MediaAsset' is from 'lib/shared/models/media_asset.dart'.
  Try correcting the name to the name of an existing getter, or defining a getter or field named 'location'.
      if (photo1.location == null || photo2.location == null) {
                 ^^^^^^^^
  lib/shared/intelligence/event_correlation_service.dart:161:43: Error: The getter 'location' isn't defined for the type 'MediaAsset'.
   - 'MediaAsset' is from 'lib/shared/models/media_asset.dart'.
  Try correcting the name to the name of an existing getter, or defining a getter or field named 'location'.
      if (photo1.location == null || photo2.location == null) {
                                            ^^^^^^^^
  lib/shared/intelligence/event_correlation_service.dart:165:30: Error: The getter 'location' isn't defined for the type 'MediaAsset'.
   - 'MediaAsset' is from 'lib/shared/models/media_asset.dart'.
  Try correcting the name to the name of an existing getter, or defining a getter or field named 'location'.
      final p1 = LatLng(photo1.location!.latitude, photo1.location!.longitude);
                               ^^^^^^^^
  lib/shared/intelligence/event_correlation_service.dart:165:57: Error: The getter 'location' isn't defined for the type 'MediaAsset'.
   - 'MediaAsset' is from 'lib/shared/models/media_asset.dart'.
  Try correcting the name to the name of an existing getter, or defining a getter or field named 'location'.
      final p1 = LatLng(photo1.location!.latitude, photo1.location!.longitude);
                                                          ^^^^^^^^
  lib/shared/intelligence/event_correlation_service.dart:166:30: Error: The getter 'location' isn't defined for the type 'MediaAsset'.
   - 'MediaAsset' is from 'lib/shared/models/media_asset.dart'.
  Try correcting the name to the name of an existing getter, or defining a getter or field named 'location'.
      final p2 = LatLng(photo2.location!.latitude, photo2.location!.longitude);
                               ^^^^^^^^
  lib/shared/intelligence/event_correlation_service.dart:166:57: Error: The getter 'location' isn't defined for the type 'MediaAsset'.
   - 'MediaAsset' is from 'lib/shared/models/media_asset.dart'.
  Try correcting the name to the name of an existing getter, or defining a getter or field named 'location'.
      final p2 = LatLng(photo2.location!.latitude, photo2.location!.longitude);
                                                          ^^^^^^^^
  lib/shared/intelligence/event_correlation_service.dart:283:36: Error: 'MediaModel' isn't a type.
    Duration _calculateTimeSpan(List<MediaModel> photos) {
                                     ^^^^^^^^^^
  lib/shared/intelligence/event_correlation_service.dart:291:55: Error: 'MediaModel' isn't a type.
    LocationData? _calculateRepresentativeLocation(List<MediaModel> photos) {
                                                        ^^^^^^^^^^
  lib/shared/intelligence/event_correlation_service.dart:293:23: Error: The getter 'location' isn't defined for the type 'Object?'.
   - 'Object' is from 'dart:core'.
  Try correcting the name to the name of an existing getter, or defining a getter or field named 'location'.
          .map((p) => p.location)
                        ^^^^^^^^
  lib/shared/intelligence/event_correlation_service.dart:316:38: Error: 'MediaModel' isn't a type.
    double _calculatePhotoDensity(List<MediaModel> photos) {
                                       ^^^^^^^^^^
  lib/shared/intelligence/event_correlation_service.dart:326:10: Error: 'MediaModel' isn't a type.
      List<MediaModel> photos,
           ^^^^^^^^^^
  lib/shared/intelligence/event_correlation_service.dart:373:29: Error: 'MediaModel' isn't a type.
    bool _isWeekendEvent(List<MediaModel> photos) {
                              ^^^^^^^^^^
  lib/shared/intelligence/event_correlation_service.dart:375:11: Error: The getter 'createdAt' isn't defined for the type 'Object?'.
   - 'Object' is from 'dart:core'.
  Try correcting the name to the name of an existing getter, or defining a getter or field named 'createdAt'.
          p.createdAt.weekday == DateTime.saturday || 
            ^^^^^^^^^
  lib/shared/intelligence/event_correlation_service.dart:376:11: Error: The getter 'createdAt' isn't defined for the type 'Object?'.
   - 'Object' is from 'dart:core'.
  Try correcting the name to the name of an existing getter, or defining a getter or field named 'createdAt'.
          p.createdAt.weekday == DateTime.sunday);
            ^^^^^^^^^
  lib/shared/intelligence/event_correlation_service.dart:379:28: Error: 'MediaModel' isn't a type.
    bool _isCelebration(List<MediaModel> photos, Set<String> people) {
                             ^^^^^^^^^^
  lib/shared/intelligence/event_correlation_service.dart:385:28: Error: 'MediaModel' isn't a type.
    bool _isTravelEvent(List<MediaModel> photos, Duration timeSpan) {
                             ^^^^^^^^^^
  lib/shared/intelligence/event_correlation_service.dart:390:23: Error: The getter 'location' isn't defined for the type 'Object?'.
   - 'Object' is from 'dart:core'.
  Try correcting the name to the name of an existing getter, or defining a getter or field named 'location'.
          .map((p) => p.location)
                        ^^^^^^^^
  lib/shared/intelligence/event_correlation_service.dart:401:9: Error: The method 'MediaModel' isn't defined for the type 'EventCorrelationService'.
   - 'EventCorrelationService' is from 'lib/shared/intelligence/event_correlation_service.dart'.
  Try correcting the name to the name of an existing method, or defining a method named 'MediaModel'.
          MediaModel(id: '', createdAt: DateTime.now(), location: locations[i-1]),
          ^^^^^^^^^^
  lib/shared/intelligence/event_correlation_service.dart:402:9: Error: The method 'MediaModel' isn't defined for the type 'EventCorrelationService'.
   - 'EventCorrelationService' is from 'lib/shared/intelligence/event_correlation_service.dart'.
  Try correcting the name to the name of an existing method, or defining a method named 'MediaModel'.
          MediaModel(id: '', createdAt: DateTime.now(), location: locations[i]),
          ^^^^^^^^^^
  lib/shared/intelligence/event_correlation_service.dart:411:10: Error: 'MediaModel' isn't a type.
      List<MediaModel> photos,
           ^^^^^^^^^^
  lib/shared/intelligence/smart_event_suggestions.dart:323:23: Error: The method 'min' isn't defined for the type 'SmartEventSuggestionsService'.
   - 'SmartEventSuggestionsService' is from 'lib/shared/intelligence/smart_event_suggestions.dart'.
  Try correcting the name to the name of an existing method, or defining a method named 'min'.
      typePref.weight = min(2.0, typePref.weight * 1.1);
                        ^^^
  lib/shared/intelligence/smart_event_suggestions.dart:344:23: Error: The method 'max' isn't defined for the type 'SmartEventSuggestionsService'.
   - 'SmartEventSuggestionsService' is from 'lib/shared/intelligence/smart_event_suggestions.dart'.
  Try correcting the name to the name of an existing method, or defining a method named 'max'.
      typePref.weight = max(0.1, typePref.weight * 0.9);
                        ^^^
  lib/shared/intelligence/smart_event_suggestions.dart:369:25: Error: The method 'min' isn't defined for the type 'SmartEventSuggestionsService'.
   - 'SmartEventSuggestionsService' is from 'lib/shared/intelligence/smart_event_suggestions.dart'.
  Try correcting the name to the name of an existing method, or defining a method named 'min'.
        typePref.weight = min(2.0, typePref.weight * 1.05);
                          ^^^
  lib/shared/intelligence/face_detection_service.dart:93:20: Error: The getter 'id' isn't defined for the type 'Face'.
   - 'Face' is from 'package:google_mlkit_face_detection/src/face_detector.dart' ('../../../AppData/Local/Pub/Cache/hosted/pub.dev/google_mlkit_face_detection-0.10.1/lib/src/face_detector.dart').
  Try correcting the name to the name of an existing getter, or defining a getter or field named 'id'.
            id: face.id,
                     ^^
  lib/shared/intelligence/face_detection_service.dart:95:45: Error: The argument type 'Map<FaceLandmarkType, FaceLandmark?>' can't be assigned to the parameter type 'Map<FaceLandmarkType, FaceLandmark>?'.
   - 'Map' is from 'dart:core'.
   - 'FaceLandmarkType' is from 'package:google_mlkit_face_detection/src/face_detector.dart' ('../../../AppData/Local/Pub/Cache/hosted/pub.dev/google_mlkit_face_detection-0.10.1/lib/src/face_detector.dart').
   - 'FaceLandmark' is from 'package:google_mlkit_face_detection/src/face_detector.dart' ('../../../AppData/Local/Pub/Cache/hosted/pub.dev/google_mlkit_face_detection-0.10.1/lib/src/face_detector.dart').
            landmarks: _convertLandmarks(face.landmarks),
                                              ^
  lib/shared/intelligence/face_detection_service.dart:128:33: Error: Method not found: 'decodeImage'.
        final originalImage = img.decodeImage(imageBytes);
                                  ^^^^^^^^^^^
  lib/shared/intelligence/face_detection_service.dart:134:29: Error: Method not found: 'copyCrop'.
        final faceImage = img.copyCrop(
                              ^^^^^^^^
  lib/shared/intelligence/face_detection_service.dart:147:28: Error: Undefined name 'Interpolation'.
          interpolation: img.Interpolation.linear,
                             ^^^^^^^^^^^^^
  lib/shared/intelligence/face_detection_service.dart:143:32: Error: Method not found: 'copyResize'.
        final resizedImage = img.copyResize(
                                 ^^^^^^^^^^
  lib/shared/intelligence/face_detection_service.dart:155:40: Error: This expression has type 'void' and can't be used.
        await _faceEmbeddingInterpreter!.run(input, output);
                                         ^
  lib/shared/intelligence/face_detection_service.dart:166:45: Error: 'Image' isn't a type.
    List<List<double>> _imageToInputArray(img.Image image) {
                                              ^^^^^
  lib/shared/intelligence/face_detection_service.dart:184:65: Error: A value of type 'List<dynamic>' can't be assigned to a variable of type 'List<double>'.
   - 'List' is from 'dart:core'.
      return [input.expand((row) => row).expand((pixel) => pixel).toList()];
                                                                  ^
  lib/shared/intelligence/face_detection_service.dart:192:22: Error: The method 'sqrt' isn't defined for the type 'double'.
  Try correcting the name to the name of an existing method, or defining a method named 'sqrt'.
      final norm = sum.sqrt();
                       ^^^^
  lib/shared/intelligence/face_detection_service.dart:265:32: Error: The method 'sqrt' isn't defined for the type 'double'.
  Try correcting the name to the name of an existing method, or defining a method named 'sqrt'.
      return dotProduct / (normA.sqrt() * normB.sqrt());
                                 ^^^^
  lib/shared/intelligence/face_detection_service.dart:265:47: Error: The method 'sqrt' isn't defined for the type 'double'.
  Try correcting the name to the name of an existing method, or defining a method named 'sqrt'.
      return dotProduct / (normA.sqrt() * normB.sqrt());
                                                ^^^^
  ../../../AppData/Local/Pub/Cache/hosted/pub.dev/tflite_flutter-0.10.4/lib/src/tensor.dart:58:12: Error: The method 'UnmodifiableUint8ListView' isn't defined for the type 'Tensor'.
   - 'Tensor' is from 'package:tflite_flutter/src/tensor.dart' ('../../../AppData/Local/Pub/Cache/hosted/pub.dev/tflite_flutter-0.10.4/lib/src/tensor.dart').
  Try correcting the name to the name of an existing method, or defining a method named 'UnmodifiableUint8ListView'.
      return UnmodifiableUint8ListView(
             ^^^^^^^^^^^^^^^^^^^^^^^^^
  .
00:06 +55 -16: C:/Users/Brad/Documents/~AppProjects/TimelineBiographyApp/test/property_tests/data_encryption_security_property_test.dart: Property 25: Data Encryption and Security Error handling and failed operation auditing
00:06 +56 -16: C:/Users/Brad/Documents/~AppProjects/TimelineBiographyApp/test/property_tests/data_encryption_security_property_test.dart: Property 25: Data Encryption and Security Error handling and failed operation auditing
00:06 +56 -16: loading C:/Users/Brad/Documents/~AppProjects/TimelineBiographyApp/test/integration/context_service_integration_test.dart [E]
  Error: The Dart compiler exited unexpectedly.
  package:flutter_tools/src/base/common.dart 34:3  throwToolExit
  package:flutter_tools/src/compile.dart 911:11    DefaultResidentCompiler._compile.<fn>
  dart:async/zone.dart 1538:47                     _rootRunUnary
  dart:async/zone.dart 1429:19                     _CustomZone.runUnary
  dart:async/future_impl.dart 948:45               Future._propagateToListeners.handleValueCallback
  dart:async/future_impl.dart 977:13               Future._propagateToListeners
  dart:async/future_impl.dart 862:9                Future._propagateToListeners
  dart:async/future_impl.dart 720:5                Future._completeWithValue
  dart:async/future_impl.dart 804:7                Future._asyncCompleteWithValue.<fn>
  dart:async/zone.dart 1525:13                     _rootRun
  dart:async/zone.dart 1422:19                     _CustomZone.run
  dart:async/zone.dart 1321:7                      _CustomZone.runGuarded
  dart:async/zone.dart 1362:23                     _CustomZone.bindCallbackGuarded.<fn>
  dart:async/schedule_microtask.dart 40:35         _microtaskLoop
  dart:async/schedule_microtask.dart 49:5          _startMicrotaskLoop
  dart:isolate-patch/isolate_patch.dart 127:13     _runPendingImmediateCallback
  dart:isolate-patch/isolate_patch.dart 194:5      _RawReceivePort._handleMessage
  
00:06 +57 -16: C:/Users/Brad/Documents/~AppProjects/TimelineBiographyApp/test/property_tests/data_encryption_security_property_test.dart: Property 25: Data Encryption and Security Error handling and failed operation auditing
00:06 +58 -16: C:/Users/Brad/Documents/~AppProjects/TimelineBiographyApp/test/property_tests/data_encryption_security_property_test.dart: Property 25: Data Encryption and Security Secure random key generation
Error: Couldn't resolve the package 
'flutter_quill_to_pdf' in 
'package:flutter_quill_to_pdf/flutter_quill_to_pdf.dart'.
Error: Couldn't resolve the package 'pdf' in 
'package:pdf/pdf.dart'.
lib/shared/export/data_export_service.dart:7:8: Error: 
Not found: 
'package:flutter_quill_to_pdf/flutter_quill_to_pdf.dart'
import 
'package:flutter_quill_to_pdf/flutter_quill_to_pdf.dart';
       ^
lib/shared/export/data_export_service.dart:8:8: Error: 
Not found: 'package:pdf/pdf.dart'
import 'package:pdf/pdf.dart';
       ^
lib/shared/export/data_export_service.dart:16:8: Error: 
Error when reading 
'lib/shared/security/encryption_service.dart': The 
system cannot find the path specified
import '../security/encryption_service.dart';
       ^
test/property_tests/export_data_property_test.dart:589:3:
 Error: Type 'StreamController' not found.
  StreamController<ExportProgress> get 
_progressController => 
  ^^^^^^^^^^^^^^^^
lib/shared/export/data_export_service.dart:22:9: Error: 
Type 'EncryptionService' not found.
  final EncryptionService _encryptionService;
        ^^^^^^^^^^^^^^^^^
lib/shared/export/data_export_service.dart:252:30: 
Error: Type 'PdfDocument' not found.
  Future<void> _addTitlePage(PdfDocument pdf, 
PDFExportOptions options) async {
                             ^^^^^^^^^^^
lib/shared/export/data_export_service.dart:285:36: 
Error: Type 'PdfDocument' not found.
  Future<void> _addTableOfContents(PdfDocument pdf, 
List<TimelineEvent> events) async {
                                   ^^^^^^^^^^^
lib/shared/export/data_export_service.dart:324:5: Error: 
Type 'PdfDocument' not found.
    PdfDocument pdf,
    ^^^^^^^^^^^
lib/shared/export/data_export_service.dart:787:39: 
Error: Undefined name 'encryptionServiceProvider'.
  final encryptionService = 
ref.watch(encryptionServiceProvider);
                                      
^^^^^^^^^^^^^^^^^^^^^^^^^
test/property_tests/export_data_property_test.dart:27:41:
 Error: Member not found: 'instance'.
      exportService = DataExportService.instance;
                                        ^^^^^^^^
test/property_tests/export_data_property_test.dart:590:7:
 Error: The getter 'StreamController' isn't defined for 
the type 'DataExportService'.
 - 'DataExportService' is from 
'lib/shared/export/data_export_service.dart'.
Try correcting the name to the name of an existing 
getter, or defining a getter or field named 
'StreamController'.
      StreamController<ExportProgress>.broadcast();
      ^^^^^^^^^^^^^^^^
lib/shared/export/data_export_service.dart:22:9: Error: 
'EncryptionService' isn't a type.
  final EncryptionService _encryptionService;
        ^^^^^^^^^^^^^^^^^
lib/shared/export/data_export_service.dart:48:36: Error: 
Required named parameter 'progress' must be provided.
    final progress = ExportProgress(
                                   ^
lib/shared/export/data_export_service.dart:697:3: 
Context: Found this candidate, but the arguments don't 
match.
  ExportProgress({
  ^^^^^^^^^^^^^^
lib/shared/export/data_export_service.dart:95:36: Error: 
Required named parameter 'progress' must be provided.
    final progress = ExportProgress(
                                   ^
lib/shared/export/data_export_service.dart:697:3: 
Context: Found this candidate, but the arguments don't 
match.
  ExportProgress({
  ^^^^^^^^^^^^^^
lib/shared/export/data_export_service.dart:144:36: 
Error: Required named parameter 'progress' must be 
provided.
    final progress = ExportProgress(
                                   ^
lib/shared/export/data_export_service.dart:697:3: 
Context: Found this candidate, but the arguments don't 
match.
  ExportProgress({
  ^^^^^^^^^^^^^^
lib/shared/export/data_export_service.dart:217:17: 
Error: The method 'PdfDocument' isn't defined for the 
type 'DataExportService'.
 - 'DataExportService' is from 
'lib/shared/export/data_export_service.dart'.
Try correcting the name to the name of an existing 
method, or defining a method named 'PdfDocument'.
    final pdf = PdfDocument(defOrientation: 
PdfPageOrientation.portrait);
                ^^^^^^^^^^^
lib/shared/export/data_export_service.dart:217:45: 
Error: The getter 'PdfPageOrientation' isn't defined for 
the type 'DataExportService'.
 - 'DataExportService' is from 
'lib/shared/export/data_export_service.dart'.
Try correcting the name to the name of an existing 
getter, or defining a getter or field named 
'PdfPageOrientation'.
    final pdf = PdfDocument(defOrientation: 
PdfPageOrientation.portrait);
                                            
^^^^^^^^^^^^^^^^^^
lib/shared/export/data_export_service.dart:252:30: 
Error: 'PdfDocument' isn't a type.
  Future<void> _addTitlePage(PdfDocument pdf, 
PDFExportOptions options) async {
                             ^^^^^^^^^^^
lib/shared/export/data_export_service.dart:255:21: 
Error: Couldn't find constructor 'PdfEdgeInsets.all'.
      margin: const PdfEdgeInsets.all(50),
                    ^^^^^^^^^^^^^
lib/shared/export/data_export_service.dart:253:18: 
Error: The method 'PdfPage' isn't defined for the type 
'DataExportService'.
 - 'DataExportService' is from 
'lib/shared/export/data_export_service.dart'.
Try correcting the name to the name of an existing 
method, or defining a method named 'PdfPage'.
    final page = PdfPage(
                 ^^^^^^^
lib/shared/export/data_export_service.dart:262:13: 
Error: The getter 'PdfFont' isn't defined for the type 
'DataExportService'.
 - 'DataExportService' is from 
'lib/shared/export/data_export_service.dart'.
Try correcting the name to the name of an existing 
getter, or defining a getter or field named 'PdfFont'.
      font: PdfFont.helveticaBold(),
            ^^^^^^^
lib/shared/export/data_export_service.dart:263:18: 
Error: The getter 'PdfTextAlign' isn't defined for the 
type 'DataExportService'.
 - 'DataExportService' is from 
'lib/shared/export/data_export_service.dart'.
Try correcting the name to the name of an existing 
getter, or defining a getter or field named 
'PdfTextAlign'.
      alignment: PdfTextAlign.center,
                 ^^^^^^^^^^^^
lib/shared/export/data_export_service.dart:271:15: 
Error: The getter 'PdfFont' isn't defined for the type 
'DataExportService'.
 - 'DataExportService' is from 
'lib/shared/export/data_export_service.dart'.
Try correcting the name to the name of an existing 
getter, or defining a getter or field named 'PdfFont'.
        font: PdfFont.helvetica(),
              ^^^^^^^
lib/shared/export/data_export_service.dart:272:20: 
Error: The getter 'PdfTextAlign' isn't defined for the 
type 'DataExportService'.
 - 'DataExportService' is from 
'lib/shared/export/data_export_service.dart'.
Try correcting the name to the name of an existing 
getter, or defining a getter or field named 
'PdfTextAlign'.
        alignment: PdfTextAlign.center,
                   ^^^^^^^^^^^^
lib/shared/export/data_export_service.dart:280:13: 
Error: The getter 'PdfFont' isn't defined for the type 
'DataExportService'.
 - 'DataExportService' is from 
'lib/shared/export/data_export_service.dart'.
Try correcting the name to the name of an existing 
getter, or defining a getter or field named 'PdfFont'.
      font: PdfFont.helvetica(),
            ^^^^^^^
lib/shared/export/data_export_service.dart:281:18: 
Error: The getter 'PdfTextAlign' isn't defined for the 
type 'DataExportService'.
 - 'DataExportService' is from 
'lib/shared/export/data_export_service.dart'.
Try correcting the name to the name of an existing 
getter, or defining a getter or field named 
'PdfTextAlign'.
      alignment: PdfTextAlign.center,
                 ^^^^^^^^^^^^
lib/shared/export/data_export_service.dart:285:36: 
Error: 'PdfDocument' isn't a type.
  Future<void> _addTableOfContents(PdfDocument pdf, 
List<TimelineEvent> events) async {
                                   ^^^^^^^^^^^
lib/shared/export/data_export_service.dart:288:21: 
Error: Couldn't find constructor 'PdfEdgeInsets.all'.
      margin: const PdfEdgeInsets.all(50),
                    ^^^^^^^^^^^^^
lib/shared/export/data_export_service.dart:286:18: 
Error: The method 'PdfPage' isn't defined for the type 
'DataExportService'.
 - 'DataExportService' is from 
'lib/shared/export/data_export_service.dart'.
Try correcting the name to the name of an existing 
method, or defining a method named 'PdfPage'.
    final page = PdfPage(
                 ^^^^^^^
lib/shared/export/data_export_service.dart:294:13: 
Error: The getter 'PdfFont' isn't defined for the type 
'DataExportService'.
 - 'DataExportService' is from 
'lib/shared/export/data_export_service.dart'.
Try correcting the name to the name of an existing 
getter, or defining a getter or field named 'PdfFont'.
      font: PdfFont.helveticaBold(),
            ^^^^^^^
lib/shared/export/data_export_service.dart:306:15: 
Error: The getter 'PdfFont' isn't defined for the type 
'DataExportService'.
 - 'DataExportService' is from 
'lib/shared/export/data_export_service.dart'.
Try correcting the name to the name of an existing 
getter, or defining a getter or field named 'PdfFont'.
        font: PdfFont.helvetica(),
              ^^^^^^^
lib/shared/export/data_export_service.dart:309:17: 
Error: The getter 'startDate' isn't defined for the type 
'TimelineEvent'.
 - 'TimelineEvent' is from 
'lib/shared/models/timeline_event.dart'.
Try correcting the name to the name of an existing 
getter, or defining a getter or field named 'startDate'.
      if (event.startDate != null) {
                ^^^^^^^^^
lib/shared/export/data_export_service.dart:311:35: 
Error: The getter 'startDate' isn't defined for the type 
'TimelineEvent'.
 - 'TimelineEvent' is from 
'lib/shared/models/timeline_event.dart'.
Try correcting the name to the name of an existing 
getter, or defining a getter or field named 'startDate'.
          '   ${_formatDate(event.startDate!)}',
                                  ^^^^^^^^^
lib/shared/export/data_export_service.dart:315:17: 
Error: The getter 'PdfFont' isn't defined for the type 
'DataExportService'.
 - 'DataExportService' is from 
'lib/shared/export/data_export_service.dart'.
Try correcting the name to the name of an existing 
getter, or defining a getter or field named 'PdfFont'.
          font: PdfFont.helveticaOblique(),
                ^^^^^^^
lib/shared/export/data_export_service.dart:324:5: Error: 
'PdfDocument' isn't a type.
    PdfDocument pdf,
    ^^^^^^^^^^^
lib/shared/export/data_export_service.dart:330:21: 
Error: Couldn't find constructor 'PdfEdgeInsets.all'.
      margin: const PdfEdgeInsets.all(50),
                    ^^^^^^^^^^^^^
lib/shared/export/data_export_service.dart:328:18: 
Error: The method 'PdfPage' isn't defined for the type 
'DataExportService'.
 - 'DataExportService' is from 
'lib/shared/export/data_export_service.dart'.
Try correcting the name to the name of an existing 
method, or defining a method named 'PdfPage'.
    final page = PdfPage(
                 ^^^^^^^
lib/shared/export/data_export_service.dart:341:13: 
Error: The getter 'PdfFont' isn't defined for the type 
'DataExportService'.
 - 'DataExportService' is from 
'lib/shared/export/data_export_service.dart'.
Try correcting the name to the name of an existing 
getter, or defining a getter or field named 'PdfFont'.
      font: PdfFont.helveticaBold(),
            ^^^^^^^
lib/shared/export/data_export_service.dart:346:15: 
Error: The getter 'startDate' isn't defined for the type 
'TimelineEvent'.
 - 'TimelineEvent' is from 
'lib/shared/models/timeline_event.dart'.
Try correcting the name to the name of an existing 
getter, or defining a getter or field named 'startDate'.
    if (event.startDate != null) {
              ^^^^^^^^^
lib/shared/export/data_export_service.dart:348:27: 
Error: The getter 'startDate' isn't defined for the type 
'TimelineEvent'.
 - 'TimelineEvent' is from 
'lib/shared/models/timeline_event.dart'.
Try correcting the name to the name of an existing 
getter, or defining a getter or field named 'startDate'.
        _formatDate(event.startDate!),
                          ^^^^^^^^^
lib/shared/export/data_export_service.dart:352:15: 
Error: The getter 'PdfFont' isn't defined for the type 
'DataExportService'.
 - 'DataExportService' is from 
'lib/shared/export/data_export_service.dart'.
Try correcting the name to the name of an existing 
getter, or defining a getter or field named 'PdfFont'.
        font: PdfFont.helvetica(),
              ^^^^^^^
lib/shared/export/data_export_service.dart:360:31: 
Error: The getter 'name' isn't defined for the type 
'GeoLocation'.
 - 'GeoLocation' is from 
'lib/shared/models/geo_location.dart'.
Try correcting the name to the name of an existing 
getter, or defining a getter or field named 'name'.
        '≡ƒôì ${event.location!.name}',
                              ^^^^
lib/shared/export/data_export_service.dart:364:15: 
Error: The getter 'PdfFont' isn't defined for the type 
'DataExportService'.
 - 'DataExportService' is from 
'lib/shared/export/data_export_service.dart'.
Try correcting the name to the name of an existing 
getter, or defining a getter or field named 'PdfFont'.
        font: PdfFont.helvetica(),
              ^^^^^^^
lib/shared/export/data_export_service.dart:382:17: 
Error: The getter 'PdfFont' isn't defined for the type 
'DataExportService'.
 - 'DataExportService' is from 
'lib/shared/export/data_export_service.dart'.
Try correcting the name to the name of an existing 
getter, or defining a getter or field named 'PdfFont'.
          font: PdfFont.helvetica(),
                ^^^^^^^
lib/shared/export/data_export_service.dart:395:15: 
Error: The getter 'PdfFont' isn't defined for the type 
'DataExportService'.
 - 'DataExportService' is from 
'lib/shared/export/data_export_service.dart'.
Try correcting the name to the name of an existing 
getter, or defining a getter or field named 'PdfFont'.
        font: PdfFont.helveticaOblique(),
              ^^^^^^^
lib/shared/export/data_export_service.dart:495:52: 
Error: The getter 'fileName' isn't defined for the type 
'MediaAsset'.
 - 'MediaAsset' is from 
'lib/shared/models/media_asset.dart'.
Try correcting the name to the name of an existing 
getter, or defining a getter or field named 'fileName'.
          final filename = 
'media/original/${asset.fileName}';
                                                   
^^^^^^^^
lib/shared/export/data_export_service.dart:502:46: 
Error: The getter 'thumbnailPath' isn't defined for the 
type 'MediaAsset'.
 - 'MediaAsset' is from 
'lib/shared/models/media_asset.dart'.
Try correcting the name to the name of an existing 
getter, or defining a getter or field named 
'thumbnailPath'.
      if (options.includeThumbnails && 
asset.thumbnailPath != null) {
                                             
^^^^^^^^^^^^^
lib/shared/export/data_export_service.dart:503:38: 
Error: The getter 'thumbnailPath' isn't defined for the 
type 'MediaAsset'.
 - 'MediaAsset' is from 
'lib/shared/models/media_asset.dart'.
Try correcting the name to the name of an existing 
getter, or defining a getter or field named 
'thumbnailPath'.
        final thumbFile = File(asset.thumbnailPath!);
                                     ^^^^^^^^^^^^^
lib/shared/export/data_export_service.dart:506:54: 
Error: The getter 'fileName' isn't defined for the type 
'MediaAsset'.
 - 'MediaAsset' is from 
'lib/shared/models/media_asset.dart'.
Try correcting the name to the name of an existing 
getter, or defining a getter or field named 'fileName'.
          final filename = 
'media/thumbnails/${asset.fileName}';
                                                     
^^^^^^^^
lib/shared/export/data_export_service.dart:560:9: Error: 
Can't assign to the final variable 'eventData'.
        eventData = await 
_encryptSensitiveFields(eventData);
        ^^^^^^^^^
lib/shared/export/data_export_service.dart:573:47: 
Error: The getter 'fileSize' isn't defined for the type 
'MediaAsset'.
 - 'MediaAsset' is from 
'lib/shared/models/media_asset.dart'.
Try correcting the name to the name of an existing 
getter, or defining a getter or field named 'fileSize'.
      if (options.includeBase64Media && asset.fileSize < 
10 * 1024 * 1024) {
                                              ^^^^^^^^
00:07 +59 -16: C:/Users/Brad/Documents/~AppProjects/TimelineBiographyApp/test/property_tests/exif_extraction_property_test.dart: EXIF Extraction Property Tests **Feature: users-timeline, Property 1: Context-Agnostic EXIF Extraction**
00:07 +59 -17: loading C:/Users/Brad/Documents/~AppProjects/TimelineBiographyApp/test/property_tests/export_data_property_test.dart [E]
  Failed to load "C:/Users/Brad/Documents/~AppProjects/TimelineBiographyApp/test/property_tests/export_data_property_test.dart":
  Compilation failed for testPath=C:/Users/Brad/Documents/~AppProjects/TimelineBiographyApp/test/property_tests/export_data_property_test.dart: Error: Couldn't resolve the package 'flutter_quill_to_pdf' in 'package:flutter_quill_to_pdf/flutter_quill_to_pdf.dart'.
  Error: Couldn't resolve the package 'pdf' in 'package:pdf/pdf.dart'.
  lib/shared/export/data_export_service.dart:7:8: Error: Not found: 'package:flutter_quill_to_pdf/flutter_quill_to_pdf.dart'
  import 'package:flutter_quill_to_pdf/flutter_quill_to_pdf.dart';
         ^
  lib/shared/export/data_export_service.dart:8:8: Error: Not found: 'package:pdf/pdf.dart'
  import 'package:pdf/pdf.dart';
         ^
  lib/shared/export/data_export_service.dart:16:8: Error: Error when reading 'lib/shared/security/encryption_service.dart': The system cannot find the path specified
  import '../security/encryption_service.dart';
         ^
  test/property_tests/export_data_property_test.dart:589:3: Error: Type 'StreamController' not found.
    StreamController<ExportProgress> get _progressController => 
    ^^^^^^^^^^^^^^^^
  lib/shared/export/data_export_service.dart:22:9: Error: Type 'EncryptionService' not found.
    final EncryptionService _encryptionService;
          ^^^^^^^^^^^^^^^^^
  lib/shared/export/data_export_service.dart:252:30: Error: Type 'PdfDocument' not found.
    Future<void> _addTitlePage(PdfDocument pdf, PDFExportOptions options) async {
                               ^^^^^^^^^^^
  lib/shared/export/data_export_service.dart:285:36: Error: Type 'PdfDocument' not found.
    Future<void> _addTableOfContents(PdfDocument pdf, List<TimelineEvent> events) async {
                                     ^^^^^^^^^^^
  lib/shared/export/data_export_service.dart:324:5: Error: Type 'PdfDocument' not found.
      PdfDocument pdf,
      ^^^^^^^^^^^
  lib/shared/export/data_export_service.dart:787:39: Error: Undefined name 'encryptionServiceProvider'.
    final encryptionService = ref.watch(encryptionServiceProvider);
                                        ^^^^^^^^^^^^^^^^^^^^^^^^^
  test/property_tests/export_data_property_test.dart:27:41: Error: Member not found: 'instance'.
        exportService = DataExportService.instance;
                                          ^^^^^^^^
  test/property_tests/export_data_property_test.dart:590:7: Error: The getter 'StreamController' isn't defined for the type 'DataExportService'.
   - 'DataExportService' is from 'lib/shared/export/data_export_service.dart'.
  Try correcting the name to the name of an existing getter, or defining a getter or field named 'StreamController'.
        StreamController<ExportProgress>.broadcast();
        ^^^^^^^^^^^^^^^^
  lib/shared/export/data_export_service.dart:22:9: Error: 'EncryptionService' isn't a type.
    final EncryptionService _encryptionService;
          ^^^^^^^^^^^^^^^^^
  lib/shared/export/data_export_service.dart:48:36: Error: Required named parameter 'progress' must be provided.
      final progress = ExportProgress(
                                     ^
  lib/shared/export/data_export_service.dart:697:3: Context: Found this candidate, but the arguments don't match.
    ExportProgress({
    ^^^^^^^^^^^^^^
  lib/shared/export/data_export_service.dart:95:36: Error: Required named parameter 'progress' must be provided.
      final progress = ExportProgress(
                                     ^
  lib/shared/export/data_export_service.dart:697:3: Context: Found this candidate, but the arguments don't match.
    ExportProgress({
    ^^^^^^^^^^^^^^
  lib/shared/export/data_export_service.dart:144:36: Error: Required named parameter 'progress' must be provided.
      final progress = ExportProgress(
                                     ^
  lib/shared/export/data_export_service.dart:697:3: Context: Found this candidate, but the arguments don't match.
    ExportProgress({
    ^^^^^^^^^^^^^^
  lib/shared/export/data_export_service.dart:217:17: Error: The method 'PdfDocument' isn't defined for the type 'DataExportService'.
   - 'DataExportService' is from 'lib/shared/export/data_export_service.dart'.
  Try correcting the name to the name of an existing method, or defining a method named 'PdfDocument'.
      final pdf = PdfDocument(defOrientation: PdfPageOrientation.portrait);
                  ^^^^^^^^^^^
  lib/shared/export/data_export_service.dart:217:45: Error: The getter 'PdfPageOrientation' isn't defined for the type 'DataExportService'.
   - 'DataExportService' is from 'lib/shared/export/data_export_service.dart'.
  Try correcting the name to the name of an existing getter, or defining a getter or field named 'PdfPageOrientation'.
      final pdf = PdfDocument(defOrientation: PdfPageOrientation.portrait);
                                              ^^^^^^^^^^^^^^^^^^
  lib/shared/export/data_export_service.dart:252:30: Error: 'PdfDocument' isn't a type.
    Future<void> _addTitlePage(PdfDocument pdf, PDFExportOptions options) async {
                               ^^^^^^^^^^^
  lib/shared/export/data_export_service.dart:255:21: Error: Couldn't find constructor 'PdfEdgeInsets.all'.
        margin: const PdfEdgeInsets.all(50),
                      ^^^^^^^^^^^^^
  lib/shared/export/data_export_service.dart:253:18: Error: The method 'PdfPage' isn't defined for the type 'DataExportService'.
   - 'DataExportService' is from 'lib/shared/export/data_export_service.dart'.
  Try correcting the name to the name of an existing method, or defining a method named 'PdfPage'.
      final page = PdfPage(
                   ^^^^^^^
  lib/shared/export/data_export_service.dart:262:13: Error: The getter 'PdfFont' isn't defined for the type 'DataExportService'.
   - 'DataExportService' is from 'lib/shared/export/data_export_service.dart'.
  Try correcting the name to the name of an existing getter, or defining a getter or field named 'PdfFont'.
        font: PdfFont.helveticaBold(),
              ^^^^^^^
  lib/shared/export/data_export_service.dart:263:18: Error: The getter 'PdfTextAlign' isn't defined for the type 'DataExportService'.
   - 'DataExportService' is from 'lib/shared/export/data_export_service.dart'.
  Try correcting the name to the name of an existing getter, or defining a getter or field named 'PdfTextAlign'.
        alignment: PdfTextAlign.center,
                   ^^^^^^^^^^^^
  lib/shared/export/data_export_service.dart:271:15: Error: The getter 'PdfFont' isn't defined for the type 'DataExportService'.
   - 'DataExportService' is from 'lib/shared/export/data_export_service.dart'.
  Try correcting the name to the name of an existing getter, or defining a getter or field named 'PdfFont'.
          font: PdfFont.helvetica(),
                ^^^^^^^
  lib/shared/export/data_export_service.dart:272:20: Error: The getter 'PdfTextAlign' isn't defined for the type 'DataExportService'.
   - 'DataExportService' is from 'lib/shared/export/data_export_service.dart'.
  Try correcting the name to the name of an existing getter, or defining a getter or field named 'PdfTextAlign'.
          alignment: PdfTextAlign.center,
                     ^^^^^^^^^^^^
  lib/shared/export/data_export_service.dart:280:13: Error: The getter 'PdfFont' isn't defined for the type 'DataExportService'.
   - 'DataExportService' is from 'lib/shared/export/data_export_service.dart'.
  Try correcting the name to the name of an existing getter, or defining a getter or field named 'PdfFont'.
        font: PdfFont.helvetica(),
              ^^^^^^^
  lib/shared/export/data_export_service.dart:281:18: Error: The getter 'PdfTextAlign' isn't defined for the type 'DataExportService'.
   - 'DataExportService' is from 'lib/shared/export/data_export_service.dart'.
  Try correcting the name to the name of an existing getter, or defining a getter or field named 'PdfTextAlign'.
        alignment: PdfTextAlign.center,
                   ^^^^^^^^^^^^
  lib/shared/export/data_export_service.dart:285:36: Error: 'PdfDocument' isn't a type.
    Future<void> _addTableOfContents(PdfDocument pdf, List<TimelineEvent> events) async {
                                     ^^^^^^^^^^^
  lib/shared/export/data_export_service.dart:288:21: Error: Couldn't find constructor 'PdfEdgeInsets.all'.
        margin: const PdfEdgeInsets.all(50),
                      ^^^^^^^^^^^^^
  lib/shared/export/data_export_service.dart:286:18: Error: The method 'PdfPage' isn't defined for the type 'DataExportService'.
   - 'DataExportService' is from 'lib/shared/export/data_export_service.dart'.
  Try correcting the name to the name of an existing method, or defining a method named 'PdfPage'.
      final page = PdfPage(
                   ^^^^^^^
  lib/shared/export/data_export_service.dart:294:13: Error: The getter 'PdfFont' isn't defined for the type 'DataExportService'.
   - 'DataExportService' is from 'lib/shared/export/data_export_service.dart'.
  Try correcting the name to the name of an existing getter, or defining a getter or field named 'PdfFont'.
        font: PdfFont.helveticaBold(),
              ^^^^^^^
  lib/shared/export/data_export_service.dart:306:15: Error: The getter 'PdfFont' isn't defined for the type 'DataExportService'.
   - 'DataExportService' is from 'lib/shared/export/data_export_service.dart'.
  Try correcting the name to the name of an existing getter, or defining a getter or field named 'PdfFont'.
          font: PdfFont.helvetica(),
                ^^^^^^^
  lib/shared/export/data_export_service.dart:309:17: Error: The getter 'startDate' isn't defined for the type 'TimelineEvent'.
   - 'TimelineEvent' is from 'lib/shared/models/timeline_event.dart'.
  Try correcting the name to the name of an existing getter, or defining a getter or field named 'startDate'.
        if (event.startDate != null) {
                  ^^^^^^^^^
  lib/shared/export/data_export_service.dart:311:35: Error: The getter 'startDate' isn't defined for the type 'TimelineEvent'.
   - 'TimelineEvent' is from 'lib/shared/models/timeline_event.dart'.
  Try correcting the name to the name of an existing getter, or defining a getter or field named 'startDate'.
            '   ${_formatDate(event.startDate!)}',
                                    ^^^^^^^^^
  lib/shared/export/data_export_service.dart:315:17: Error: The getter 'PdfFont' isn't defined for the type 'DataExportService'.
   - 'DataExportService' is from 'lib/shared/export/data_export_service.dart'.
  Try correcting the name to the name of an existing getter, or defining a getter or field named 'PdfFont'.
            font: PdfFont.helveticaOblique(),
                  ^^^^^^^
  lib/shared/export/data_export_service.dart:324:5: Error: 'PdfDocument' isn't a type.
      PdfDocument pdf,
      ^^^^^^^^^^^
  lib/shared/export/data_export_service.dart:330:21: Error: Couldn't find constructor 'PdfEdgeInsets.all'.
        margin: const PdfEdgeInsets.all(50),
                      ^^^^^^^^^^^^^
  lib/shared/export/data_export_service.dart:328:18: Error: The method 'PdfPage' isn't defined for the type 'DataExportService'.
   - 'DataExportService' is from 'lib/shared/export/data_export_service.dart'.
  Try correcting the name to the name of an existing method, or defining a method named 'PdfPage'.
      final page = PdfPage(
                   ^^^^^^^
  lib/shared/export/data_export_service.dart:341:13: Error: The getter 'PdfFont' isn't defined for the type 'DataExportService'.
   - 'DataExportService' is from 'lib/shared/export/data_export_service.dart'.
  Try correcting the name to the name of an existing getter, or defining a getter or field named 'PdfFont'.
        font: PdfFont.helveticaBold(),
              ^^^^^^^
  lib/shared/export/data_export_service.dart:346:15: Error: The getter 'startDate' isn't defined for the type 'TimelineEvent'.
   - 'TimelineEvent' is from 'lib/shared/models/timeline_event.dart'.
  Try correcting the name to the name of an existing getter, or defining a getter or field named 'startDate'.
      if (event.startDate != null) {
                ^^^^^^^^^
  lib/shared/export/data_export_service.dart:348:27: Error: The getter 'startDate' isn't defined for the type 'TimelineEvent'.
   - 'TimelineEvent' is from 'lib/shared/models/timeline_event.dart'.
  Try correcting the name to the name of an existing getter, or defining a getter or field named 'startDate'.
          _formatDate(event.startDate!),
                            ^^^^^^^^^
  lib/shared/export/data_export_service.dart:352:15: Error: The getter 'PdfFont' isn't defined for the type 'DataExportService'.
   - 'DataExportService' is from 'lib/shared/export/data_export_service.dart'.
  Try correcting the name to the name of an existing getter, or defining a getter or field named 'PdfFont'.
          font: PdfFont.helvetica(),
                ^^^^^^^
  lib/shared/export/data_export_service.dart:360:31: Error: The getter 'name' isn't defined for the type 'GeoLocation'.
   - 'GeoLocation' is from 'lib/shared/models/geo_location.dart'.
  Try correcting the name to the name of an existing getter, or defining a getter or field named 'name'.
          '≡ƒôì ${event.location!.name}',
                                ^^^^
  lib/shared/export/data_export_service.dart:364:15: Error: The getter 'PdfFont' isn't defined for the type 'DataExportService'.
   - 'DataExportService' is from 'lib/shared/export/data_export_service.dart'.
  Try correcting the name to the name of an existing getter, or defining a getter or field named 'PdfFont'.
          font: PdfFont.helvetica(),
                ^^^^^^^
  lib/shared/export/data_export_service.dart:382:17: Error: The getter 'PdfFont' isn't defined for the type 'DataExportService'.
   - 'DataExportService' is from 'lib/shared/export/data_export_service.dart'.
  Try correcting the name to the name of an existing getter, or defining a getter or field named 'PdfFont'.
            font: PdfFont.helvetica(),
                  ^^^^^^^
  lib/shared/export/data_export_service.dart:395:15: Error: The getter 'PdfFont' isn't defined for the type 'DataExportService'.
   - 'DataExportService' is from 'lib/shared/export/data_export_service.dart'.
  Try correcting the name to the name of an existing getter, or defining a getter or field named 'PdfFont'.
          font: PdfFont.helveticaOblique(),
                ^^^^^^^
  lib/shared/export/data_export_service.dart:495:52: Error: The getter 'fileName' isn't defined for the type 'MediaAsset'.
   - 'MediaAsset' is from 'lib/shared/models/media_asset.dart'.
  Try correcting the name to the name of an existing getter, or defining a getter or field named 'fileName'.
            final filename = 'media/original/${asset.fileName}';
                                                     ^^^^^^^^
  lib/shared/export/data_export_service.dart:502:46: Error: The getter 'thumbnailPath' isn't defined for the type 'MediaAsset'.
   - 'MediaAsset' is from 'lib/shared/models/media_asset.dart'.
  Try correcting the name to the name of an existing getter, or defining a getter or field named 'thumbnailPath'.
        if (options.includeThumbnails && asset.thumbnailPath != null) {
                                               ^^^^^^^^^^^^^
  lib/shared/export/data_export_service.dart:503:38: Error: The getter 'thumbnailPath' isn't defined for the type 'MediaAsset'.
   - 'MediaAsset' is from 'lib/shared/models/media_asset.dart'.
  Try correcting the name to the name of an existing getter, or defining a getter or field named 'thumbnailPath'.
          final thumbFile = File(asset.thumbnailPath!);
                                       ^^^^^^^^^^^^^
  lib/shared/export/data_export_service.dart:506:54: Error: The getter 'fileName' isn't defined for the type 'MediaAsset'.
   - 'MediaAsset' is from 'lib/shared/models/media_asset.dart'.
  Try correcting the name to the name of an existing getter, or defining a getter or field named 'fileName'.
            final filename = 'media/thumbnails/${asset.fileName}';
                                                       ^^^^^^^^
  lib/shared/export/data_export_service.dart:560:9: Error: Can't assign to the final variable 'eventData'.
          eventData = await _encryptSensitiveFields(eventData);
          ^^^^^^^^^
  lib/shared/export/data_export_service.dart:573:47: Error: The getter 'fileSize' isn't defined for the type 'MediaAsset'.
   - 'MediaAsset' is from 'lib/shared/models/media_asset.dart'.
  Try correcting the name to the name of an existing getter, or defining a getter or field named 'fileSize'.
        if (options.includeBase64Media && asset.fileSize < 10 * 1024 * 1024) {
                                                ^^^^^^^^
  .
00:07 +59 -17: loading C:/Users/Brad/Documents/~AppProjects/TimelineBiographyApp/test/integration/context_service_integration_test.dart [E]
  Error: The Dart compiler exited unexpectedly.
  package:flutter_tools/src/base/common.dart 34:3  throwToolExit
  package:flutter_tools/src/compile.dart 911:11    DefaultResidentCompiler._compile.<fn>
  dart:async/zone.dart 1538:47                     _rootRunUnary
  dart:async/zone.dart 1429:19                     _CustomZone.runUnary
  dart:async/future_impl.dart 948:45               Future._propagateToListeners.handleValueCallback
  dart:async/future_impl.dart 977:13               Future._propagateToListeners
  dart:async/future_impl.dart 862:9                Future._propagateToListeners
  dart:async/future_impl.dart 720:5                Future._completeWithValue
  dart:async/future_impl.dart 804:7                Future._asyncCompleteWithValue.<fn>
  dart:async/zone.dart 1525:13                     _rootRun
  dart:async/zone.dart 1422:19                     _CustomZone.run
  dart:async/zone.dart 1321:7                      _CustomZone.runGuarded
  dart:async/zone.dart 1362:23                     _CustomZone.bindCallbackGuarded.<fn>
  dart:async/schedule_microtask.dart 40:35         _microtaskLoop
  dart:async/schedule_microtask.dart 49:5          _startMicrotaskLoop
  dart:isolate-patch/isolate_patch.dart 127:13     _runPendingImmediateCallback
  dart:isolate-patch/isolate_patch.dart 194:5      _RawReceivePort._handleMessage
  
00:07 +60 -17: C:/Users/Brad/Documents/~AppProjects/TimelineBiographyApp/test/property_tests/exif_extraction_property_test.dart: EXIF Extraction Property Tests EXIF extraction handles missing data gracefully
Error: Couldn't resolve the package 'image' in 
'package:image/image.dart'.
lib/shared/intelligence/face_detection_service.dart:8:8: 
Error: Not found: 'package:image/image.dart'
import 'package:image/image.dart' as img;
       ^
lib/shared/intelligence/face_detection_service.dart:166:4
1: Error: Type 'img.Image' not found.
  List<List<double>> _imageToInputArray(img.Image image) 
{
                                        ^^^^^^^^^
lib/shared/intelligence/person_tagging_service.dart:413:9
: Error: Type 'Rect' not found.
  final Rect boundingBox;
        ^^^^
lib/shared/database/models/face_models.dart:11:9: Error: 
Type 'Rect' not found.
  final Rect boundingBox;
        ^^^^
lib/shared/database/models/face_models.dart:36:5: Error: 
Type 'Rect' not found.
    Rect? boundingBox,
    ^^^^
lib/shared/database/models/face_models.dart:92:42: 
Error: Type 'Rect' not found.
  static Map<String, dynamic> _rectToMap(Rect rect) {
                                         ^^^^
lib/shared/database/models/face_models.dart:101:10: 
Error: Type 'Rect' not found.
  static Rect _mapToRect(Map<String, dynamic> map) {
         ^^^^
test/property_tests/face_detection_property_test.dart:52:
54: Error: Method not found: 'File'.
        () => faceDetectionService.detectFacesInFile(File
('non_existent.jpg')),
                                                     ^^^^
test/property_tests/face_detection_property_test.dart:67:
22: Error: Undefined name 'Rect'.
        boundingBox: Rect.fromLTWH(100, 100, 200, 200),
                     ^^^^
test/property_tests/face_detection_property_test.dart:73:
39: Error: Undefined name 'Rect'.
      expect(face.boundingBox, equals(Rect.fromLTWH(100, 
100, 200, 200)));
                                      ^^^^
test/property_tests/face_detection_property_test.dart:86:
22: Error: Undefined name 'Rect'.
        boundingBox: Rect.zero,
                     ^^^^
test/property_tests/face_detection_property_test.dart:116
:24: Error: Undefined name 'Rect'.
          boundingBox: Rect.zero,
                       ^^^^
test/property_tests/face_detection_property_test.dart:131
:24: Error: Undefined name 'Rect'.
          boundingBox: Rect.zero,
                       ^^^^
test/property_tests/face_detection_property_test.dart:251
:22: Error: Undefined name 'Rect'.
        boundingBox: Rect.fromLTWH(100, 100, 200, 200),
                     ^^^^
test/property_tests/face_detection_property_test.dart:366
:22: Error: Undefined name 'Rect'.
        boundingBox: Rect.zero,
                     ^^^^
test/property_tests/face_detection_property_test.dart:369
:20: Error: Undefined name 'Uint8List'.
        embedding: Uint8List.fromList([0, 0, 0, 0]), // 
Dummy embedding
                   ^^^^^^^^^
test/property_tests/face_detection_property_test.dart:406
:22: Error: Undefined name 'Rect'.
        boundingBox: Rect.zero,
                     ^^^^
test/property_tests/face_detection_property_test.dart:443
:25: Error: Undefined name 'Uint8List'.
      final embedding = Uint8List.fromList([1, 2, 3, 4]);
                        ^^^^^^^^^
test/property_tests/face_detection_property_test.dart:444
:29: Error: 'Uint8List' isn't a type.
      expect(embedding, isA<Uint8List>());
                            ^^^^^^^^^
test/property_tests/face_detection_property_test.dart:496
:54: Error: Method not found: 'File'.
        () => faceDetectionService.detectFacesInFile(File
('invalid.jpg')),
                                                     ^^^^
test/property_tests/face_detection_property_test.dart:506
:22: Error: Undefined name 'Rect'.
        boundingBox: Rect.zero,
                     ^^^^
test/property_tests/face_detection_property_test.dart:98:
58: Error: The method 'sqrt' isn't defined for the type 
'double'.
Try correcting the name to the name of an existing 
method, or defining a method named 'sqrt'.
      final norm = embedding.reduce((a, b) => a + b * 
b).sqrt();
                                                         
^^^^
test/property_tests/face_detection_property_test.dart:543
:30: Error: The method 'sqrt' isn't defined for the type 
'double'.
Try correcting the name to the name of an existing 
method, or defining a method named 'sqrt'.
  return dotProduct / (normA.sqrt() * normB.sqrt());
                             ^^^^
test/property_tests/face_detection_property_test.dart:543
:45: Error: The method 'sqrt' isn't defined for the type 
'double'.
Try correcting the name to the name of an existing 
method, or defining a method named 'sqrt'.
  return dotProduct / (normA.sqrt() * normB.sqrt());
                                            ^^^^
lib/shared/intelligence/face_detection_service.dart:93:20
: Error: The getter 'id' isn't defined for the type 
'Face'.
 - 'Face' is from 'package:google_mlkit_face_detection/sr
c/face_detector.dart' ('../../../AppData/Local/Pub/Cache/
hosted/pub.dev/google_mlkit_face_detection-0.10.1/lib/src
/face_detector.dart').
Try correcting the name to the name of an existing 
getter, or defining a getter or field named 'id'.
          id: face.id,
                   ^^
lib/shared/intelligence/face_detection_service.dart:95:45
: Error: The argument type 'Map<FaceLandmarkType, 
FaceLandmark?>' can't be assigned to the parameter type 
'Map<FaceLandmarkType, FaceLandmark>?'.
 - 'Map' is from 'dart:core'.
 - 'FaceLandmarkType' is from 'package:google_mlkit_face_
detection/src/face_detector.dart' ('../../../AppData/Loca
l/Pub/Cache/hosted/pub.dev/google_mlkit_face_detection-0.
10.1/lib/src/face_detector.dart').
 - 'FaceLandmark' is from 'package:google_mlkit_face_dete
ction/src/face_detector.dart' ('../../../AppData/Local/Pu
b/Cache/hosted/pub.dev/google_mlkit_face_detection-0.10.1
/lib/src/face_detector.dart').
          landmarks: _convertLandmarks(face.landmarks),
                                            ^
lib/shared/intelligence/face_detection_service.dart:128:3
3: Error: Method not found: 'decodeImage'.
      final originalImage = img.decodeImage(imageBytes);
                                ^^^^^^^^^^^
lib/shared/intelligence/face_detection_service.dart:134:2
9: Error: Method not found: 'copyCrop'.
      final faceImage = img.copyCrop(
                            ^^^^^^^^
lib/shared/intelligence/face_detection_service.dart:147:2
8: Error: Undefined name 'Interpolation'.
        interpolation: img.Interpolation.linear,
                           ^^^^^^^^^^^^^
lib/shared/intelligence/face_detection_service.dart:143:3
2: Error: Method not found: 'copyResize'.
      final resizedImage = img.copyResize(
                               ^^^^^^^^^^
lib/shared/intelligence/face_detection_service.dart:155:4
0: Error: This expression has type 'void' and can't be 
used.
      await _faceEmbeddingInterpreter!.run(input, 
output);
                                       ^
lib/shared/intelligence/face_detection_service.dart:166:4
5: Error: 'Image' isn't a type.
  List<List<double>> _imageToInputArray(img.Image image) 
{
                                            ^^^^^
lib/shared/intelligence/face_detection_service.dart:184:6
5: Error: A value of type 'List<dynamic>' can't be 
assigned to a variable of type 'List<double>'.
 - 'List' is from 'dart:core'.
    return [input.expand((row) => row).expand((pixel) => 
pixel).toList()];
                                                         
       ^
lib/shared/intelligence/face_detection_service.dart:192:2
2: Error: The method 'sqrt' isn't defined for the type 
'double'.
Try correcting the name to the name of an existing 
method, or defining a method named 'sqrt'.
    final norm = sum.sqrt();
                     ^^^^
lib/shared/intelligence/face_detection_service.dart:265:3
2: Error: The method 'sqrt' isn't defined for the type 
'double'.
Try correcting the name to the name of an existing 
method, or defining a method named 'sqrt'.
    return dotProduct / (normA.sqrt() * normB.sqrt());
                               ^^^^
lib/shared/intelligence/face_detection_service.dart:265:4
7: Error: The method 'sqrt' isn't defined for the type 
'double'.
Try correcting the name to the name of an existing 
method, or defining a method named 'sqrt'.
    return dotProduct / (normA.sqrt() * normB.sqrt());
                                              ^^^^
lib/shared/intelligence/person_tagging_service.dart:50:71
: Error: The argument type 'Uint8List' can't be assigned 
to the parameter type 'List<double>'.
 - 'Uint8List' is from 'dart:typed_data'.
 - 'List' is from 'dart:core'.
        final embeddingBytes = 
_convertEmbeddingToBytes(face.embedding!);
                                                         
             ^
lib/shared/intelligence/person_tagging_service.dart:191:4
8: Error: The argument type 'FaceEntity' can't be 
assigned to the parameter type 'DetectedFace'.
 - 'FaceEntity' is from 
'lib/shared/database/models/face_models.dart'.
 - 'DetectedFace' is from 
'lib/shared/intelligence/face_detection_service.dart'.
      final match = await _findBestPersonMatch(face, 
persons);
                                               ^
lib/shared/intelligence/person_tagging_service.dart:269:5
5: Error: The argument type 'int' can't be assigned to 
the parameter type 'String'.
        await 
_faceDbService.assignFaceToCluster(face.id, clusterId);
                                                      ^
lib/shared/intelligence/person_tagging_service.dart:357:3
2: Error: The method 'sqrt' isn't defined for the type 
'double'.
Try correcting the name to the name of an existing 
method, or defining a method named 'sqrt'.
    return dotProduct / (normA.sqrt() * normB.sqrt());
                               ^^^^
lib/shared/intelligence/person_tagging_service.dart:357:4
7: Error: The method 'sqrt' isn't defined for the type 
'double'.
Try correcting the name to the name of an existing 
method, or defining a method named 'sqrt'.
    return dotProduct / (normA.sqrt() * normB.sqrt());
                                              ^^^^
lib/shared/intelligence/person_tagging_service.dart:413:9
: Error: 'Rect' isn't a type.
  final Rect boundingBox;
        ^^^^
lib/shared/database/models/face_models.dart:11:9: Error: 
'Rect' isn't a type.
  final Rect boundingBox;
        ^^^^
lib/shared/database/models/face_models.dart:36:5: Error: 
'Rect' isn't a type.
    Rect? boundingBox,
    ^^^^
lib/shared/database/models/face_models.dart:92:42: 
Error: 'Rect' isn't a type.
  static Map<String, dynamic> _rectToMap(Rect rect) {
                                         ^^^^
lib/shared/database/models/face_models.dart:102:12: 
Error: Undefined name 'Rect'.
    return Rect.fromLTRB(
           ^^^^
../../../AppData/Local/Pub/Cache/hosted/pub.dev/tflite_fl
utter-0.10.4/lib/src/tensor.dart:58:12: Error: The 
method 'UnmodifiableUint8ListView' isn't defined for the 
type 'Tensor'.
 - 'Tensor' is from 
'package:tflite_flutter/src/tensor.dart' ('../../../AppDa
ta/Local/Pub/Cache/hosted/pub.dev/tflite_flutter-0.10.4/l
ib/src/tensor.dart').
Try correcting the name to the name of an existing 
method, or defining a method named 
'UnmodifiableUint8ListView'.
    return UnmodifiableUint8ListView(
           ^^^^^^^^^^^^^^^^^^^^^^^^^
00:08 +61 -18: loading C:/Users/Brad/Documents/~AppProjects/TimelineBiographyApp/test/property_tests/face_detection_property_test.dart [E]
  Failed to load "C:/Users/Brad/Documents/~AppProjects/TimelineBiographyApp/test/property_tests/face_detection_property_test.dart":
  Compilation failed for testPath=C:/Users/Brad/Documents/~AppProjects/TimelineBiographyApp/test/property_tests/face_detection_property_test.dart: Error: Couldn't resolve the package 'image' in 'package:image/image.dart'.
  lib/shared/intelligence/face_detection_service.dart:8:8: Error: Not found: 'package:image/image.dart'
  import 'package:image/image.dart' as img;
         ^
  lib/shared/intelligence/face_detection_service.dart:166:41: Error: Type 'img.Image' not found.
    List<List<double>> _imageToInputArray(img.Image image) {
                                          ^^^^^^^^^
  lib/shared/intelligence/person_tagging_service.dart:413:9: Error: Type 'Rect' not found.
    final Rect boundingBox;
          ^^^^
  lib/shared/database/models/face_models.dart:11:9: Error: Type 'Rect' not found.
    final Rect boundingBox;
          ^^^^
  lib/shared/database/models/face_models.dart:36:5: Error: Type 'Rect' not found.
      Rect? boundingBox,
      ^^^^
  lib/shared/database/models/face_models.dart:92:42: Error: Type 'Rect' not found.
    static Map<String, dynamic> _rectToMap(Rect rect) {
                                           ^^^^
  lib/shared/database/models/face_models.dart:101:10: Error: Type 'Rect' not found.
    static Rect _mapToRect(Map<String, dynamic> map) {
           ^^^^
  test/property_tests/face_detection_property_test.dart:52:54: Error: Method not found: 'File'.
          () => faceDetectionService.detectFacesInFile(File('non_existent.jpg')),
                                                       ^^^^
  test/property_tests/face_detection_property_test.dart:67:22: Error: Undefined name 'Rect'.
          boundingBox: Rect.fromLTWH(100, 100, 200, 200),
                       ^^^^
  test/property_tests/face_detection_property_test.dart:73:39: Error: Undefined name 'Rect'.
        expect(face.boundingBox, equals(Rect.fromLTWH(100, 100, 200, 200)));
                                        ^^^^
  test/property_tests/face_detection_property_test.dart:86:22: Error: Undefined name 'Rect'.
          boundingBox: Rect.zero,
                       ^^^^
  test/property_tests/face_detection_property_test.dart:116:24: Error: Undefined name 'Rect'.
            boundingBox: Rect.zero,
                         ^^^^
  test/property_tests/face_detection_property_test.dart:131:24: Error: Undefined name 'Rect'.
            boundingBox: Rect.zero,
                         ^^^^
  test/property_tests/face_detection_property_test.dart:251:22: Error: Undefined name 'Rect'.
          boundingBox: Rect.fromLTWH(100, 100, 200, 200),
                       ^^^^
  test/property_tests/face_detection_property_test.dart:366:22: Error: Undefined name 'Rect'.
          boundingBox: Rect.zero,
                       ^^^^
  test/property_tests/face_detection_property_test.dart:369:20: Error: Undefined name 'Uint8List'.
          embedding: Uint8List.fromList([0, 0, 0, 0]), // Dummy embedding
                     ^^^^^^^^^
  test/property_tests/face_detection_property_test.dart:406:22: Error: Undefined name 'Rect'.
          boundingBox: Rect.zero,
                       ^^^^
  test/property_tests/face_detection_property_test.dart:443:25: Error: Undefined name 'Uint8List'.
        final embedding = Uint8List.fromList([1, 2, 3, 4]);
                          ^^^^^^^^^
  test/property_tests/face_detection_property_test.dart:444:29: Error: 'Uint8List' isn't a type.
        expect(embedding, isA<Uint8List>());
                              ^^^^^^^^^
  test/property_tests/face_detection_property_test.dart:496:54: Error: Method not found: 'File'.
          () => faceDetectionService.detectFacesInFile(File('invalid.jpg')),
                                                       ^^^^
  test/property_tests/face_detection_property_test.dart:506:22: Error: Undefined name 'Rect'.
          boundingBox: Rect.zero,
                       ^^^^
  test/property_tests/face_detection_property_test.dart:98:58: Error: The method 'sqrt' isn't defined for the type 'double'.
  Try correcting the name to the name of an existing method, or defining a method named 'sqrt'.
        final norm = embedding.reduce((a, b) => a + b * b).sqrt();
                                                           ^^^^
  test/property_tests/face_detection_property_test.dart:543:30: Error: The method 'sqrt' isn't defined for the type 'double'.
  Try correcting the name to the name of an existing method, or defining a method named 'sqrt'.
    return dotProduct / (normA.sqrt() * normB.sqrt());
                               ^^^^
  test/property_tests/face_detection_property_test.dart:543:45: Error: The method 'sqrt' isn't defined for the type 'double'.
  Try correcting the name to the name of an existing method, or defining a method named 'sqrt'.
    return dotProduct / (normA.sqrt() * normB.sqrt());
                                              ^^^^
  lib/shared/intelligence/face_detection_service.dart:93:20: Error: The getter 'id' isn't defined for the type 'Face'.
   - 'Face' is from 'package:google_mlkit_face_detection/src/face_detector.dart' ('../../../AppData/Local/Pub/Cache/hosted/pub.dev/google_mlkit_face_detection-0.10.1/lib/src/face_detector.dart').
  Try correcting the name to the name of an existing getter, or defining a getter or field named 'id'.
            id: face.id,
                     ^^
  lib/shared/intelligence/face_detection_service.dart:95:45: Error: The argument type 'Map<FaceLandmarkType, FaceLandmark?>' can't be assigned to the parameter type 'Map<FaceLandmarkType, FaceLandmark>?'.
   - 'Map' is from 'dart:core'.
   - 'FaceLandmarkType' is from 'package:google_mlkit_face_detection/src/face_detector.dart' ('../../../AppData/Local/Pub/Cache/hosted/pub.dev/google_mlkit_face_detection-0.10.1/lib/src/face_detector.dart').
   - 'FaceLandmark' is from 'package:google_mlkit_face_detection/src/face_detector.dart' ('../../../AppData/Local/Pub/Cache/hosted/pub.dev/google_mlkit_face_detection-0.10.1/lib/src/face_detector.dart').
            landmarks: _convertLandmarks(face.landmarks),
                                              ^
  lib/shared/intelligence/face_detection_service.dart:128:33: Error: Method not found: 'decodeImage'.
        final originalImage = img.decodeImage(imageBytes);
                                  ^^^^^^^^^^^
  lib/shared/intelligence/face_detection_service.dart:134:29: Error: Method not found: 'copyCrop'.
        final faceImage = img.copyCrop(
                              ^^^^^^^^
  lib/shared/intelligence/face_detection_service.dart:147:28: Error: Undefined name 'Interpolation'.
          interpolation: img.Interpolation.linear,
                             ^^^^^^^^^^^^^
  lib/shared/intelligence/face_detection_service.dart:143:32: Error: Method not found: 'copyResize'.
        final resizedImage = img.copyResize(
                                 ^^^^^^^^^^
  lib/shared/intelligence/face_detection_service.dart:155:40: Error: This expression has type 'void' and can't be used.
        await _faceEmbeddingInterpreter!.run(input, output);
                                         ^
  lib/shared/intelligence/face_detection_service.dart:166:45: Error: 'Image' isn't a type.
    List<List<double>> _imageToInputArray(img.Image image) {
                                              ^^^^^
  lib/shared/intelligence/face_detection_service.dart:184:65: Error: A value of type 'List<dynamic>' can't be assigned to a variable of type 'List<double>'.
   - 'List' is from 'dart:core'.
      return [input.expand((row) => row).expand((pixel) => pixel).toList()];
                                                                  ^
  lib/shared/intelligence/face_detection_service.dart:192:22: Error: The method 'sqrt' isn't defined for the type 'double'.
  Try correcting the name to the name of an existing method, or defining a method named 'sqrt'.
      final norm = sum.sqrt();
                       ^^^^
  lib/shared/intelligence/face_detection_service.dart:265:32: Error: The method 'sqrt' isn't defined for the type 'double'.
  Try correcting the name to the name of an existing method, or defining a method named 'sqrt'.
      return dotProduct / (normA.sqrt() * normB.sqrt());
                                 ^^^^
  lib/shared/intelligence/face_detection_service.dart:265:47: Error: The method 'sqrt' isn't defined for the type 'double'.
  Try correcting the name to the name of an existing method, or defining a method named 'sqrt'.
      return dotProduct / (normA.sqrt() * normB.sqrt());
                                                ^^^^
  lib/shared/intelligence/person_tagging_service.dart:50:71: Error: The argument type 'Uint8List' can't be assigned to the parameter type 'List<double>'.
   - 'Uint8List' is from 'dart:typed_data'.
   - 'List' is from 'dart:core'.
          final embeddingBytes = _convertEmbeddingToBytes(face.embedding!);
                                                                        ^
  lib/shared/intelligence/person_tagging_service.dart:191:48: Error: The argument type 'FaceEntity' can't be assigned to the parameter type 'DetectedFace'.
   - 'FaceEntity' is from 'lib/shared/database/models/face_models.dart'.
   - 'DetectedFace' is from 'lib/shared/intelligence/face_detection_service.dart'.
        final match = await _findBestPersonMatch(face, persons);
                                                 ^
  lib/shared/intelligence/person_tagging_service.dart:269:55: Error: The argument type 'int' can't be assigned to the parameter type 'String'.
          await _faceDbService.assignFaceToCluster(face.id, clusterId);
                                                        ^
  lib/shared/intelligence/person_tagging_service.dart:357:32: Error: The method 'sqrt' isn't defined for the type 'double'.
  Try correcting the name to the name of an existing method, or defining a method named 'sqrt'.
      return dotProduct / (normA.sqrt() * normB.sqrt());
                                 ^^^^
  lib/shared/intelligence/person_tagging_service.dart:357:47: Error: The method 'sqrt' isn't defined for the type 'double'.
  Try correcting the name to the name of an existing method, or defining a method named 'sqrt'.
      return dotProduct / (normA.sqrt() * normB.sqrt());
                                                ^^^^
  lib/shared/intelligence/person_tagging_service.dart:413:9: Error: 'Rect' isn't a type.
    final Rect boundingBox;
          ^^^^
  lib/shared/database/models/face_models.dart:11:9: Error: 'Rect' isn't a type.
    final Rect boundingBox;
          ^^^^
  lib/shared/database/models/face_models.dart:36:5: Error: 'Rect' isn't a type.
      Rect? boundingBox,
      ^^^^
  lib/shared/database/models/face_models.dart:92:42: Error: 'Rect' isn't a type.
    static Map<String, dynamic> _rectToMap(Rect rect) {
                                           ^^^^
  lib/shared/database/models/face_models.dart:102:12: Error: Undefined name 'Rect'.
      return Rect.fromLTRB(
             ^^^^
  ../../../AppData/Local/Pub/Cache/hosted/pub.dev/tflite_flutter-0.10.4/lib/src/tensor.dart:58:12: Error: The method 'UnmodifiableUint8ListView' isn't defined for the type 'Tensor'.
   - 'Tensor' is from 'package:tflite_flutter/src/tensor.dart' ('../../../AppData/Local/Pub/Cache/hosted/pub.dev/tflite_flutter-0.10.4/lib/src/tensor.dart').
  Try correcting the name to the name of an existing method, or defining a method named 'UnmodifiableUint8ListView'.
      return UnmodifiableUint8ListView(
             ^^^^^^^^^^^^^^^^^^^^^^^^^
  .
00:08 +61 -18: loading C:/Users/Brad/Documents/~AppProjects/TimelineBiographyApp/test/integration/context_service_integration_test.dart [E]
  Error: The Dart compiler exited unexpectedly.
  package:flutter_tools/src/base/common.dart 34:3  throwToolExit
  package:flutter_tools/src/compile.dart 911:11    DefaultResidentCompiler._compile.<fn>
  dart:async/zone.dart 1538:47                     _rootRunUnary
  dart:async/zone.dart 1429:19                     _CustomZone.runUnary
  dart:async/future_impl.dart 948:45               Future._propagateToListeners.handleValueCallback
  dart:async/future_impl.dart 977:13               Future._propagateToListeners
  dart:async/future_impl.dart 862:9                Future._propagateToListeners
  dart:async/future_impl.dart 720:5                Future._completeWithValue
  dart:async/future_impl.dart 804:7                Future._asyncCompleteWithValue.<fn>
  dart:async/zone.dart 1525:13                     _rootRun
  dart:async/zone.dart 1422:19                     _CustomZone.run
  dart:async/zone.dart 1321:7                      _CustomZone.runGuarded
  dart:async/zone.dart 1362:23                     _CustomZone.bindCallbackGuarded.<fn>
  dart:async/schedule_microtask.dart 40:35         _microtaskLoop
  dart:async/schedule_microtask.dart 49:5          _startMicrotaskLoop
  dart:isolate-patch/isolate_patch.dart 127:13     _runPendingImmediateCallback
  dart:isolate-patch/isolate_patch.dart 194:5      _RawReceivePort._handleMessage
  
00:09 +61 -18: C:/Users/Brad/Documents/~AppProjects/TimelineBiographyApp/test/property_tests/fuzzy_date_fallback_property_test.dart: Fuzzy Date Fallback Property Tests **Feature: users-timeline, Property 4: Context-Appropriate Fuzzy Date Granularity**
00:09 +62 -18: C:/Users/Brad/Documents/~AppProjects/TimelineBiographyApp/test/property_tests/fuzzy_date_fallback_property_test.dart: Fuzzy Date Fallback Property Tests Context-specific granularity restrictions are enforced
00:09 +63 -18: C:/Users/Brad/Documents/~AppProjects/TimelineBiographyApp/test/property_tests/fuzzy_date_fallback_property_test.dart: Fuzzy Date Fallback Property Tests Fuzzy date sorting works correctly across granularities
test/property_tests/ghost_camera_property_test.dart:3:8: 
Error: Error when reading 'lib/features/ghost_camera/serv
ices/ghost_camera_service.dart': The system cannot find 
the file specified
import '../../lib/features/ghost_camera/services/ghost_ca
mera_service.dart';
       ^
test/property_tests/ghost_camera_property_test.dart:4:8: 
Error: Error when reading 'lib/features/ghost_camera/widg
ets/ghost_camera_widget.dart': The system cannot find 
the file specified
import '../../lib/features/ghost_camera/widgets/ghost_cam
era_widget.dart';
       ^
test/property_tests/ghost_camera_property_test.dart:388:6
: Error: 'main' is already declared in this scope.
void main() {
     ^^^^
test/property_tests/ghost_camera_property_test.dart:18:6:
 Context: Previous declaration of 'main'.
void main() {
     ^^^^
test/property_tests/ghost_camera_property_test.dart:436:4
6: Error: Type 'GhostCameraService' not found.
extension GhostCameraServiceTestExtension on 
GhostCameraService {
                                             
^^^^^^^^^^^^^^^^^^
00:09 +64 -18: C:/Users/Brad/Documents/~AppProjects/TimelineBiographyApp/test/property_tests/fuzzy_date_fallback_property_test.dart: Fuzzy Date Fallback Property Tests Fuzzy date validation rejects invalid inputs
test/property_tests/ghost_camera_property_test.dart:22:10
: Error: 'GhostCameraService' isn't a type.
    late GhostCameraService ghostCameraService;
         ^^^^^^^^^^^^^^^^^^
test/property_tests/ghost_camera_property_test.dart:25:28
: Error: Undefined name 'GhostCameraService'.
      ghostCameraService = GhostCameraService.instance;
                           ^^^^^^^^^^^^^^^^^^
test/property_tests/ghost_camera_property_test.dart:33:23
: Error: Undefined name 'GhostCameraContext'.
      final context = GhostCameraContext.renovation;
                      ^^^^^^^^^^^^^^^^^^
test/property_tests/ghost_camera_property_test.dart:40:23
: Error: Undefined name 'GhostCameraContext'.
      final context = GhostCameraContext.pet;
                      ^^^^^^^^^^^^^^^^^^
test/property_tests/ghost_camera_property_test.dart:47:23
: Error: Undefined name 'GhostCameraContext'.
      final context = GhostCameraContext.personal;
                      ^^^^^^^^^^^^^^^^^^
test/property_tests/ghost_camera_property_test.dart:54:23
: Error: Undefined name 'GhostCameraContext'.
      final context = GhostCameraContext.general;
                      ^^^^^^^^^^^^^^^^^^
test/property_tests/ghost_camera_property_test.dart:77:23
: Error: 'GhostCameraException' isn't a type.
        expect(e, isA<GhostCameraException>());
                      ^^^^^^^^^^^^^^^^^^^^
test/property_tests/ghost_camera_property_test.dart:94:9:
 Error: No named parameter with the name 'fileSize'.
        fileSize: 1000000,
        ^^^^^^^^
lib/shared/models/media_asset.dart:22:9: Context: Found 
this candidate, but the arguments don't match.
  const MediaAsset({
        ^^^^^^^^^^
test/property_tests/ghost_camera_property_test.dart:108:2
3: Error: 'GhostCameraException' isn't a type.
        expect(e, isA<GhostCameraException>());
                      ^^^^^^^^^^^^^^^^^^^^
test/property_tests/ghost_camera_property_test.dart:193:2
1: Error: Method not found: 'AlignmentRuleOfThirds'.
      final guide = AlignmentRuleOfThirds();
                    ^^^^^^^^^^^^^^^^^^^^^
test/property_tests/ghost_camera_property_test.dart:208:2
1: Error: Method not found: 'AlignmentGrid'.
      final guide = AlignmentGrid();
                    ^^^^^^^^^^^^^
test/property_tests/ghost_camera_property_test.dart:221:2
1: Error: Method not found: 'AlignmentCrosshair'.
      final guide = AlignmentCrosshair();
                    ^^^^^^^^^^^^^^^^^^
test/property_tests/ghost_camera_property_test.dart:252:1
1: Error: No named parameter with the name 'fileSize'.
          fileSize: 1000,
          ^^^^^^^^
lib/shared/models/media_asset.dart:22:9: Context: Found 
this candidate, but the arguments don't match.
  const MediaAsset({
        ^^^^^^^^^^
test/property_tests/ghost_camera_property_test.dart:258:2
3: Error: Method not found: 'AlignmentGrid'.
        currentGuide: AlignmentGrid(),
                      ^^^^^^^^^^^^^
test/property_tests/ghost_camera_property_test.dart:244:2
9: Error: Method not found: 'GhostOverlayState'.
      final originalState = GhostOverlayState(
                            ^^^^^^^^^^^^^^^^^
test/property_tests/ghost_camera_property_test.dart:279:2
2: Error: Undefined name 'GhostCameraContext'.
            context: GhostCameraContext.renovation,
                     ^^^^^^^^^^^^^^^^^^
test/property_tests/ghost_camera_property_test.dart:278:1
7: Error: Method not found: 'GhostCameraWidget'.
          home: GhostCameraWidget(
                ^^^^^^^^^^^^^^^^^
test/property_tests/ghost_camera_property_test.dart:277:9
: Error: Method not found: 'MaterialApp'.
        MaterialApp(
        ^^^^^^^^^^^
test/property_tests/ghost_camera_property_test.dart:285:2
6: Error: Undefined name 'Icons'.
      expect(find.byIcon(Icons.photo_library), 
findsOneWidget);
                         ^^^^^
test/property_tests/ghost_camera_property_test.dart:292:2
2: Error: Undefined name 'GhostCameraContext'.
            context: GhostCameraContext.pet,
                     ^^^^^^^^^^^^^^^^^^
test/property_tests/ghost_camera_property_test.dart:291:1
7: Error: Method not found: 'GhostCameraWidget'.
          home: GhostCameraWidget(
                ^^^^^^^^^^^^^^^^^
test/property_tests/ghost_camera_property_test.dart:290:9
: Error: Method not found: 'MaterialApp'.
        MaterialApp(
        ^^^^^^^^^^^
test/property_tests/ghost_camera_property_test.dart:298:2
6: Error: Undefined name 'Icons'.
      expect(find.byIcon(Icons.photo_library), 
findsOneWidget);
                         ^^^^^
test/property_tests/ghost_camera_property_test.dart:305:2
2: Error: Undefined name 'GhostCameraContext'.
            context: GhostCameraContext.personal,
                     ^^^^^^^^^^^^^^^^^^
test/property_tests/ghost_camera_property_test.dart:304:1
7: Error: Method not found: 'GhostCameraWidget'.
          home: GhostCameraWidget(
                ^^^^^^^^^^^^^^^^^
test/property_tests/ghost_camera_property_test.dart:303:9
: Error: Method not found: 'MaterialApp'.
        MaterialApp(
        ^^^^^^^^^^^
test/property_tests/ghost_camera_property_test.dart:311:2
6: Error: Undefined name 'Icons'.
      expect(find.byIcon(Icons.photo_library), 
findsNothing);
                         ^^^^^
test/property_tests/ghost_camera_property_test.dart:318:2
2: Error: Undefined name 'GhostCameraContext'.
            context: GhostCameraContext.general,
                     ^^^^^^^^^^^^^^^^^^
test/property_tests/ghost_camera_property_test.dart:317:1
7: Error: Method not found: 'GhostCameraWidget'.
          home: GhostCameraWidget(
                ^^^^^^^^^^^^^^^^^
test/property_tests/ghost_camera_property_test.dart:316:9
: Error: Method not found: 'MaterialApp'.
        MaterialApp(
        ^^^^^^^^^^^
test/property_tests/ghost_camera_property_test.dart:324:2
6: Error: Undefined name 'Icons'.
      expect(find.byIcon(Icons.photo_library), 
findsNothing);
                         ^^^^^
test/property_tests/ghost_camera_property_test.dart:333:1
5: Error: Method not found: 'GhostCameraException'.
        () => GhostCameraException('Test 
error').toString(),
              ^^^^^^^^^^^^^^^^^^^^
test/property_tests/ghost_camera_property_test.dart:356:2
6: Error: 'GhostOverlayState' isn't a type.
      final emissions = <GhostOverlayState>[];
                         ^^^^^^^^^^^^^^^^^
00:09 +65 -19: loading C:/Users/Brad/Documents/~AppProjects/TimelineBiographyApp/test/property_tests/ghost_camera_property_test.dart [E]
  Failed to load "C:/Users/Brad/Documents/~AppProjects/TimelineBiographyApp/test/property_tests/ghost_camera_property_test.dart":
  Compilation failed for testPath=C:/Users/Brad/Documents/~AppProjects/TimelineBiographyApp/test/property_tests/ghost_camera_property_test.dart: test/property_tests/ghost_camera_property_test.dart:3:8: Error: Error when reading 'lib/features/ghost_camera/services/ghost_camera_service.dart': The system cannot find the file specified
  import '../../lib/features/ghost_camera/services/ghost_camera_service.dart';
         ^
  test/property_tests/ghost_camera_property_test.dart:4:8: Error: Error when reading 'lib/features/ghost_camera/widgets/ghost_camera_widget.dart': The system cannot find the file specified
  import '../../lib/features/ghost_camera/widgets/ghost_camera_widget.dart';
         ^
  test/property_tests/ghost_camera_property_test.dart:388:6: Error: 'main' is already declared in this scope.
  void main() {
       ^^^^
  test/property_tests/ghost_camera_property_test.dart:18:6: Context: Previous declaration of 'main'.
  void main() {
       ^^^^
  test/property_tests/ghost_camera_property_test.dart:436:46: Error: Type 'GhostCameraService' not found.
  extension GhostCameraServiceTestExtension on GhostCameraService {
                                               ^^^^^^^^^^^^^^^^^^
  test/property_tests/ghost_camera_property_test.dart:22:10: Error: 'GhostCameraService' isn't a type.
      late GhostCameraService ghostCameraService;
           ^^^^^^^^^^^^^^^^^^
  test/property_tests/ghost_camera_property_test.dart:25:28: Error: Undefined name 'GhostCameraService'.
        ghostCameraService = GhostCameraService.instance;
                             ^^^^^^^^^^^^^^^^^^
  test/property_tests/ghost_camera_property_test.dart:33:23: Error: Undefined name 'GhostCameraContext'.
        final context = GhostCameraContext.renovation;
                        ^^^^^^^^^^^^^^^^^^
  test/property_tests/ghost_camera_property_test.dart:40:23: Error: Undefined name 'GhostCameraContext'.
        final context = GhostCameraContext.pet;
                        ^^^^^^^^^^^^^^^^^^
  test/property_tests/ghost_camera_property_test.dart:47:23: Error: Undefined name 'GhostCameraContext'.
        final context = GhostCameraContext.personal;
                        ^^^^^^^^^^^^^^^^^^
  test/property_tests/ghost_camera_property_test.dart:54:23: Error: Undefined name 'GhostCameraContext'.
        final context = GhostCameraContext.general;
                        ^^^^^^^^^^^^^^^^^^
  test/property_tests/ghost_camera_property_test.dart:77:23: Error: 'GhostCameraException' isn't a type.
          expect(e, isA<GhostCameraException>());
                        ^^^^^^^^^^^^^^^^^^^^
  test/property_tests/ghost_camera_property_test.dart:94:9: Error: No named parameter with the name 'fileSize'.
          fileSize: 1000000,
          ^^^^^^^^
  lib/shared/models/media_asset.dart:22:9: Context: Found this candidate, but the arguments don't match.
    const MediaAsset({
          ^^^^^^^^^^
  test/property_tests/ghost_camera_property_test.dart:108:23: Error: 'GhostCameraException' isn't a type.
          expect(e, isA<GhostCameraException>());
                        ^^^^^^^^^^^^^^^^^^^^
  test/property_tests/ghost_camera_property_test.dart:193:21: Error: Method not found: 'AlignmentRuleOfThirds'.
        final guide = AlignmentRuleOfThirds();
                      ^^^^^^^^^^^^^^^^^^^^^
  test/property_tests/ghost_camera_property_test.dart:208:21: Error: Method not found: 'AlignmentGrid'.
        final guide = AlignmentGrid();
                      ^^^^^^^^^^^^^
  test/property_tests/ghost_camera_property_test.dart:221:21: Error: Method not found: 'AlignmentCrosshair'.
        final guide = AlignmentCrosshair();
                      ^^^^^^^^^^^^^^^^^^
  test/property_tests/ghost_camera_property_test.dart:252:11: Error: No named parameter with the name 'fileSize'.
            fileSize: 1000,
            ^^^^^^^^
  lib/shared/models/media_asset.dart:22:9: Context: Found this candidate, but the arguments don't match.
    const MediaAsset({
          ^^^^^^^^^^
  test/property_tests/ghost_camera_property_test.dart:258:23: Error: Method not found: 'AlignmentGrid'.
          currentGuide: AlignmentGrid(),
                        ^^^^^^^^^^^^^
  test/property_tests/ghost_camera_property_test.dart:244:29: Error: Method not found: 'GhostOverlayState'.
        final originalState = GhostOverlayState(
                              ^^^^^^^^^^^^^^^^^
  test/property_tests/ghost_camera_property_test.dart:279:22: Error: Undefined name 'GhostCameraContext'.
              context: GhostCameraContext.renovation,
                       ^^^^^^^^^^^^^^^^^^
  test/property_tests/ghost_camera_property_test.dart:278:17: Error: Method not found: 'GhostCameraWidget'.
            home: GhostCameraWidget(
                  ^^^^^^^^^^^^^^^^^
  test/property_tests/ghost_camera_property_test.dart:277:9: Error: Method not found: 'MaterialApp'.
          MaterialApp(
          ^^^^^^^^^^^
  test/property_tests/ghost_camera_property_test.dart:285:26: Error: Undefined name 'Icons'.
        expect(find.byIcon(Icons.photo_library), findsOneWidget);
                           ^^^^^
  test/property_tests/ghost_camera_property_test.dart:292:22: Error: Undefined name 'GhostCameraContext'.
              context: GhostCameraContext.pet,
                       ^^^^^^^^^^^^^^^^^^
  test/property_tests/ghost_camera_property_test.dart:291:17: Error: Method not found: 'GhostCameraWidget'.
            home: GhostCameraWidget(
                  ^^^^^^^^^^^^^^^^^
  test/property_tests/ghost_camera_property_test.dart:290:9: Error: Method not found: 'MaterialApp'.
          MaterialApp(
          ^^^^^^^^^^^
  test/property_tests/ghost_camera_property_test.dart:298:26: Error: Undefined name 'Icons'.
        expect(find.byIcon(Icons.photo_library), findsOneWidget);
                           ^^^^^
  test/property_tests/ghost_camera_property_test.dart:305:22: Error: Undefined name 'GhostCameraContext'.
              context: GhostCameraContext.personal,
                       ^^^^^^^^^^^^^^^^^^
  test/property_tests/ghost_camera_property_test.dart:304:17: Error: Method not found: 'GhostCameraWidget'.
            home: GhostCameraWidget(
                  ^^^^^^^^^^^^^^^^^
  test/property_tests/ghost_camera_property_test.dart:303:9: Error: Method not found: 'MaterialApp'.
          MaterialApp(
          ^^^^^^^^^^^
  test/property_tests/ghost_camera_property_test.dart:311:26: Error: Undefined name 'Icons'.
        expect(find.byIcon(Icons.photo_library), findsNothing);
                           ^^^^^
  test/property_tests/ghost_camera_property_test.dart:318:22: Error: Undefined name 'GhostCameraContext'.
              context: GhostCameraContext.general,
                       ^^^^^^^^^^^^^^^^^^
  test/property_tests/ghost_camera_property_test.dart:317:17: Error: Method not found: 'GhostCameraWidget'.
            home: GhostCameraWidget(
                  ^^^^^^^^^^^^^^^^^
  test/property_tests/ghost_camera_property_test.dart:316:9: Error: Method not found: 'MaterialApp'.
          MaterialApp(
          ^^^^^^^^^^^
  test/property_tests/ghost_camera_property_test.dart:324:26: Error: Undefined name 'Icons'.
        expect(find.byIcon(Icons.photo_library), findsNothing);
                           ^^^^^
  test/property_tests/ghost_camera_property_test.dart:333:15: Error: Method not found: 'GhostCameraException'.
          () => GhostCameraException('Test error').toString(),
                ^^^^^^^^^^^^^^^^^^^^
  test/property_tests/ghost_camera_property_test.dart:356:26: Error: 'GhostOverlayState' isn't a type.
        final emissions = <GhostOverlayState>[];
                           ^^^^^^^^^^^^^^^^^
  .
00:09 +65 -19: loading C:/Users/Brad/Documents/~AppProjects/TimelineBiographyApp/test/integration/context_service_integration_test.dart [E]
  Error: The Dart compiler exited unexpectedly.
  package:flutter_tools/src/base/common.dart 34:3  throwToolExit
  package:flutter_tools/src/compile.dart 911:11    DefaultResidentCompiler._compile.<fn>
  dart:async/zone.dart 1538:47                     _rootRunUnary
  dart:async/zone.dart 1429:19                     _CustomZone.runUnary
  dart:async/future_impl.dart 948:45               Future._propagateToListeners.handleValueCallback
  dart:async/future_impl.dart 977:13               Future._propagateToListeners
  dart:async/future_impl.dart 862:9                Future._propagateToListeners
  dart:async/future_impl.dart 720:5                Future._completeWithValue
  dart:async/future_impl.dart 804:7                Future._asyncCompleteWithValue.<fn>
  dart:async/zone.dart 1525:13                     _rootRun
  dart:async/zone.dart 1422:19                     _CustomZone.run
  dart:async/zone.dart 1321:7                      _CustomZone.runGuarded
  dart:async/zone.dart 1362:23                     _CustomZone.bindCallbackGuarded.<fn>
  dart:async/schedule_microtask.dart 40:35         _microtaskLoop
  dart:async/schedule_microtask.dart 49:5          _startMicrotaskLoop
  dart:isolate-patch/isolate_patch.dart 127:13     _runPendingImmediateCallback
  dart:isolate-patch/isolate_patch.dart 194:5      _RawReceivePort._handleMessage
  
00:09 +65 -19: C:/Users/Brad/Documents/~AppProjects/TimelineBiographyApp/test/property_tests/geocoding_reliability_property_test.dart: Geocoding Reliability Property Tests **Feature: users-timeline, Property 3: Geocoding Service Reliability**
test/property_tests/iconography_typography_property_test.
dart:180:44: Error: Member not found: 
'_fontScaleFactors'.
      final factors = 
ResponsiveTypography._fontScaleFactors;
                                           
^^^^^^^^^^^^^^^^^
test/property_tests/iconography_typography_property_test.
dart:247:42: Error: Member not found: 
'AccessibilitySystem.AccessibilityConfig'.
      final config = 
AccessibilitySystem.AccessibilityConfig(
                                         
^^^^^^^^^^^^^^^^^^^
test/property_tests/iconography_typography_property_test.
dart:272:43: Error: Member not found: 
'AccessibilityConfig'.
      final fromMap = 
AccessibilitySystem.AccessibilityConfig.fromMap(map);
                                          
^^^^^^^^^^^^^^^^^^^
test/property_tests/iconography_typography_property_test.
dart:410:42: Error: Member not found: 
'AccessibilitySystem.AccessibilityConfig'.
      final config = 
AccessibilitySystem.AccessibilityConfig(
                                         
^^^^^^^^^^^^^^^^^^^
test/property_tests/iconography_typography_property_test.
dart:418:39: Error: Member not found: 
'AccessibilitySystem.AccessibilityProvider'.
            home: 
AccessibilitySystem.AccessibilityProvider(
                                      
^^^^^^^^^^^^^^^^^^^^^
lib/shared/design_system/responsive_typography.dart:249:3
9: Error: The method 'call' isn't defined for the type 
'BuildContext?'.
 - 'BuildContext' is from 
'package:flutter/src/widgets/framework.dart' ('/C:/flutte
r/packages/flutter/lib/src/widgets/framework.dart').
Try correcting the name to the name of an existing 
method, or defining a method named 'call'.
    final context = _getCurrentContext();
                                      ^
lib/shared/design_system/responsive_typography.dart:34:56
: Error: Constant evaluation error:
  static const Map<double, double> _fontScaleFactors = {
                                                       ^
lib/shared/design_system/responsive_typography.dart:35:5:
 Context: The key '360.0' does not have a primitive 
equality.
    breakpointXS: 0.85,
    ^
lib/shared/design_system/responsive_typography.dart:34:36
: Context: While analyzing:
  static const Map<double, double> _fontScaleFactors = {
                                   ^
00:10 +65 -20: loading C:/Users/Brad/Documents/~AppProjects/TimelineBiographyApp/test/property_tests/iconography_typography_property_test.dart [E]
  Failed to load "C:/Users/Brad/Documents/~AppProjects/TimelineBiographyApp/test/property_tests/iconography_typography_property_test.dart":
  Compilation failed for testPath=C:/Users/Brad/Documents/~AppProjects/TimelineBiographyApp/test/property_tests/iconography_typography_property_test.dart: test/property_tests/iconography_typography_property_test.dart:180:44: Error: Member not found: '_fontScaleFactors'.
        final factors = ResponsiveTypography._fontScaleFactors;
                                             ^^^^^^^^^^^^^^^^^
  test/property_tests/iconography_typography_property_test.dart:247:42: Error: Member not found: 'AccessibilitySystem.AccessibilityConfig'.
        final config = AccessibilitySystem.AccessibilityConfig(
                                           ^^^^^^^^^^^^^^^^^^^
  test/property_tests/iconography_typography_property_test.dart:272:43: Error: Member not found: 'AccessibilityConfig'.
        final fromMap = AccessibilitySystem.AccessibilityConfig.fromMap(map);
                                            ^^^^^^^^^^^^^^^^^^^
  test/property_tests/iconography_typography_property_test.dart:410:42: Error: Member not found: 'AccessibilitySystem.AccessibilityConfig'.
        final config = AccessibilitySystem.AccessibilityConfig(
                                           ^^^^^^^^^^^^^^^^^^^
  test/property_tests/iconography_typography_property_test.dart:418:39: Error: Member not found: 'AccessibilitySystem.AccessibilityProvider'.
              home: AccessibilitySystem.AccessibilityProvider(
                                        ^^^^^^^^^^^^^^^^^^^^^
  lib/shared/design_system/responsive_typography.dart:249:39: Error: The method 'call' isn't defined for the type 'BuildContext?'.
   - 'BuildContext' is from 'package:flutter/src/widgets/framework.dart' ('/C:/flutter/packages/flutter/lib/src/widgets/framework.dart').
  Try correcting the name to the name of an existing method, or defining a method named 'call'.
      final context = _getCurrentContext();
                                        ^
  lib/shared/design_system/responsive_typography.dart:34:56: Error: Constant evaluation error:
    static const Map<double, double> _fontScaleFactors = {
                                                         ^
  lib/shared/design_system/responsive_typography.dart:35:5: Context: The key '360.0' does not have a primitive equality.
      breakpointXS: 0.85,
      ^
  lib/shared/design_system/responsive_typography.dart:34:36: Context: While analyzing:
    static const Map<double, double> _fontScaleFactors = {
                                     ^
  .
00:10 +65 -20: loading C:/Users/Brad/Documents/~AppProjects/TimelineBiographyApp/test/integration/context_service_integration_test.dart [E]
  Error: The Dart compiler exited unexpectedly.
  package:flutter_tools/src/base/common.dart 34:3  throwToolExit
  package:flutter_tools/src/compile.dart 911:11    DefaultResidentCompiler._compile.<fn>
  dart:async/zone.dart 1538:47                     _rootRunUnary
  dart:async/zone.dart 1429:19                     _CustomZone.runUnary
  dart:async/future_impl.dart 948:45               Future._propagateToListeners.handleValueCallback
  dart:async/future_impl.dart 977:13               Future._propagateToListeners
  dart:async/future_impl.dart 862:9                Future._propagateToListeners
  dart:async/future_impl.dart 720:5                Future._completeWithValue
  dart:async/future_impl.dart 804:7                Future._asyncCompleteWithValue.<fn>
  dart:async/zone.dart 1525:13                     _rootRun
  dart:async/zone.dart 1422:19                     _CustomZone.run
  dart:async/zone.dart 1321:7                      _CustomZone.runGuarded
  dart:async/zone.dart 1362:23                     _CustomZone.bindCallbackGuarded.<fn>
  dart:async/schedule_microtask.dart 40:35         _microtaskLoop
  dart:async/schedule_microtask.dart 49:5          _startMicrotaskLoop
  dart:isolate-patch/isolate_patch.dart 127:13     _runPendingImmediateCallback
  dart:isolate-patch/isolate_patch.dart 194:5      _RawReceivePort._handleMessage
  
00:10 +66 -20: C:/Users/Brad/Documents/~AppProjects/TimelineBiographyApp/test/property_tests/geocoding_reliability_property_test.dart: Geocoding Reliability Property Tests **Feature: users-timeline, Property 3: Geocoding Service Reliability**
00:10 +67 -20: C:/Users/Brad/Documents/~AppProjects/TimelineBiographyApp/test/property_tests/geocoding_reliability_property_test.dart: Geocoding Reliability Property Tests **Feature: users-timeline, Property 3: Geocoding Service Reliability**
00:10 +68 -20: C:/Users/Brad/Documents/~AppProjects/TimelineBiographyApp/test/property_tests/geocoding_reliability_property_test.dart: Geocoding Reliability Property Tests **Feature: users-timeline, Property 3: Geocoding Service Reliability**
00:10 +69 -20: C:/Users/Brad/Documents/~AppProjects/TimelineBiographyApp/test/property_tests/geocoding_reliability_property_test.dart: Geocoding Reliability Property Tests **Feature: users-timeline, Property 3: Geocoding Service Reliability**
00:10 +70 -20: C:/Users/Brad/Documents/~AppProjects/TimelineBiographyApp/test/property_tests/geocoding_reliability_property_test.dart: Geocoding Reliability Property Tests **Feature: users-timeline, Property 3: Geocoding Service Reliability**
00:10 +71 -20: C:/Users/Brad/Documents/~AppProjects/TimelineBiographyApp/test/property_tests/geocoding_reliability_property_test.dart: Geocoding Reliability Property Tests **Feature: users-timeline, Property 3: Geocoding Service Reliability**
00:10 +72 -20: C:/Users/Brad/Documents/~AppProjects/TimelineBiographyApp/test/property_tests/geocoding_reliability_property_test.dart: Geocoding Reliability Property Tests **Feature: users-timeline, Property 3: Geocoding Service Reliability**
00:10 +73 -20: C:/Users/Brad/Documents/~AppProjects/TimelineBiographyApp/test/property_tests/geocoding_reliability_property_test.dart: Geocoding Reliability Property Tests **Feature: users-timeline, Property 3: Geocoding Service Reliability**
00:10 +74 -20: C:/Users/Brad/Documents/~AppProjects/TimelineBiographyApp/test/property_tests/geocoding_reliability_property_test.dart: Geocoding Reliability Property Tests **Feature: users-timeline, Property 3: Geocoding Service Reliability**
00:10 +75 -20: C:/Users/Brad/Documents/~AppProjects/TimelineBiographyApp/test/property_tests/geocoding_reliability_property_test.dart: Geocoding Reliability Property Tests **Feature: users-timeline, Property 3: Geocoding Service Reliability**
00:10 +76 -20: C:/Users/Brad/Documents/~AppProjects/TimelineBiographyApp/test/property_tests/geocoding_reliability_property_test.dart: Geocoding Reliability Property Tests **Feature: users-timeline, Property 3: Geocoding Service Reliability**
00:10 +77 -20: C:/Users/Brad/Documents/~AppProjects/TimelineBiographyApp/test/property_tests/geocoding_reliability_property_test.dart: Geocoding Reliability Property Tests **Feature: users-timeline, Property 3: Geocoding Service Reliability**
00:10 +78 -20: C:/Users/Brad/Documents/~AppProjects/TimelineBiographyApp/test/property_tests/geocoding_reliability_property_test.dart: Geocoding Reliability Property Tests Geocoding service handles edge case coordinates
00:10 +79 -20: C:/Users/Brad/Documents/~AppProjects/TimelineBiographyApp/test/property_tests/geocoding_reliability_property_test.dart: Geocoding Reliability Property Tests Geocoding service validates coordinate ranges
00:10 +80 -20: C:/Users/Brad/Documents/~AppProjects/TimelineBiographyApp/test/property_tests/geocoding_reliability_property_test.dart: Geocoding Reliability Property Tests Batch geocoding maintains order and handles failures
test/property_tests/intelligent_media_cache_minimal_test.
dart:18:44: Error: Required named parameter 
'databaseService' must be provided.
      mediaCacheService = MediaCacheService();
                                           ^
lib/features/offline/services/media_cache_service.dart:26
:3: Context: Found this candidate, but the arguments 
don't match.
  MediaCacheService({
  ^^^^^^^^^^^^^^^^^
test/property_tests/intelligent_media_cache_minimal_test.
dart:31:14: Error: 'CachePriority' is imported from both 
'lib/features/offline/models/offline_models.dart' and 'li
b/features/offline/services/intelligent_media_cache_servi
ce.dart'.
      expect(CachePriority.high.name, equals('high'));
             ^^^^^^^^^^^^^
test/property_tests/intelligent_media_cache_minimal_test.
dart:32:14: Error: 'CachePriority' is imported from both 
'lib/features/offline/models/offline_models.dart' and 'li
b/features/offline/services/intelligent_media_cache_servi
ce.dart'.
      expect(CachePriority.medium.name, 
equals('medium'));
             ^^^^^^^^^^^^^
test/property_tests/intelligent_media_cache_minimal_test.
dart:33:14: Error: 'CachePriority' is imported from both 
'lib/features/offline/models/offline_models.dart' and 'li
b/features/offline/services/intelligent_media_cache_servi
ce.dart'.
      expect(CachePriority.low.name, equals('low'));
             ^^^^^^^^^^^^^
test/property_tests/intelligent_media_cache_minimal_test.
dart:55:19: Error: 'CachePriority' is imported from both 
'lib/features/offline/models/offline_models.dart' and 'li
b/features/offline/services/intelligent_media_cache_servi
ce.dart'.
        priority: CachePriority.high,
                  ^^^^^^^^^^^^^
test/property_tests/intelligent_media_cache_minimal_test.
dart:51:28: Error: 'MediaFileMetadata' is imported from 
both 'lib/features/offline/models/offline_models.dart' 
and 'lib/features/offline/services/intelligent_media_cach
e_service.dart'.
      final highPriority = MediaFileMetadata(
                           ^^^^^^^^^^^^^^^^^
test/property_tests/intelligent_media_cache_minimal_test.
dart:68:19: Error: 'CachePriority' is imported from both 
'lib/features/offline/models/offline_models.dart' and 'li
b/features/offline/services/intelligent_media_cache_servi
ce.dart'.
        priority: CachePriority.low,
                  ^^^^^^^^^^^^^
test/property_tests/intelligent_media_cache_minimal_test.
dart:64:27: Error: 'MediaFileMetadata' is imported from 
both 'lib/features/offline/models/offline_models.dart' 
and 'lib/features/offline/services/intelligent_media_cach
e_service.dart'.
      final lowPriority = MediaFileMetadata(
                          ^^^^^^^^^^^^^^^^^
test/property_tests/intelligent_media_cache_minimal_test.
dart:87:18: Error: 'CachePriority' is imported from both 
'lib/features/offline/models/offline_models.dart' and 'li
b/features/offline/services/intelligent_media_cache_servi
ce.dart'.
          return CachePriority.high;
                 ^^^^^^^^^^^^^
test/property_tests/intelligent_media_cache_minimal_test.
dart:89:18: Error: 'CachePriority' is imported from both 
'lib/features/offline/models/offline_models.dart' and 'li
b/features/offline/services/intelligent_media_cache_servi
ce.dart'.
          return CachePriority.low;
                 ^^^^^^^^^^^^^
test/property_tests/intelligent_media_cache_minimal_test.
dart:92:16: Error: 'CachePriority' is imported from both 
'lib/features/offline/models/offline_models.dart' and 'li
b/features/offline/services/intelligent_media_cache_servi
ce.dart'.
        return CachePriority.medium;
               ^^^^^^^^^^^^^
test/property_tests/intelligent_media_cache_minimal_test.
dart:6:1: Error: 'CachePriority' is imported from both 
'lib/features/offline/models/offline_models.dart' and 'li
b/features/offline/services/intelligent_media_cache_servi
ce.dart'.
import 
'../../lib/features/offline/models/offline_models.dart';
^^^^^^^^^^^^^
test/property_tests/intelligent_media_cache_minimal_test.
dart:96:53: Error: 'CachePriority' is imported from both 
'lib/features/offline/models/offline_models.dart' and 'li
b/features/offline/services/intelligent_media_cache_servi
ce.dart'.
      expect(determinePriority('image.jpg'), 
equals(CachePriority.high));
                                                    
^^^^^^^^^^^^^
test/property_tests/intelligent_media_cache_minimal_test.
dart:97:53: Error: 'CachePriority' is imported from both 
'lib/features/offline/models/offline_models.dart' and 'li
b/features/offline/services/intelligent_media_cache_servi
ce.dart'.
      expect(determinePriority('photo.png'), 
equals(CachePriority.high));
                                                    
^^^^^^^^^^^^^
test/property_tests/intelligent_media_cache_minimal_test.
dart:98:56: Error: 'CachePriority' is imported from both 
'lib/features/offline/models/offline_models.dart' and 'li
b/features/offline/services/intelligent_media_cache_servi
ce.dart'.
      expect(determinePriority('graphic.webp'), 
equals(CachePriority.high));
                                                       
^^^^^^^^^^^^^
test/property_tests/intelligent_media_cache_minimal_test.
dart:101:57: Error: 'CachePriority' is imported from 
both 'lib/features/offline/models/offline_models.dart' 
and 'lib/features/offline/services/intelligent_media_cach
e_service.dart'.
      expect(determinePriority('animation.gif'), 
equals(CachePriority.low));
                                                        
^^^^^^^^^^^^^
test/property_tests/intelligent_media_cache_minimal_test.
dart:102:54: Error: 'CachePriority' is imported from 
both 'lib/features/offline/models/offline_models.dart' 
and 'lib/features/offline/services/intelligent_media_cach
e_service.dart'.
      expect(determinePriority('bitmap.bmp'), 
equals(CachePriority.low));
                                                     
^^^^^^^^^^^^^
test/property_tests/intelligent_media_cache_minimal_test.
dart:105:53: Error: 'CachePriority' is imported from 
both 'lib/features/offline/models/offline_models.dart' 
and 'lib/features/offline/services/intelligent_media_cach
e_service.dart'.
      expect(determinePriority('video.mp4'), 
equals(CachePriority.medium));
                                                    
^^^^^^^^^^^^^
test/property_tests/intelligent_media_cache_minimal_test.
dart:106:56: Error: 'CachePriority' is imported from 
both 'lib/features/offline/models/offline_models.dart' 
and 'lib/features/offline/services/intelligent_media_cach
e_service.dart'.
      expect(determinePriority('document.pdf'), 
equals(CachePriority.medium));
                                                       
^^^^^^^^^^^^^
test/property_tests/intelligent_media_cache_minimal_test.
dart:144:21: Error: 'CachePriority' is imported from 
both 'lib/features/offline/models/offline_models.dart' 
and 'lib/features/offline/services/intelligent_media_cach
e_service.dart'.
          priority: CachePriority.high,
                    ^^^^^^^^^^^^^
test/property_tests/intelligent_media_cache_minimal_test.
dart:140:9: Error: 'MediaFileMetadata' is imported from 
both 'lib/features/offline/models/offline_models.dart' 
and 'lib/features/offline/services/intelligent_media_cach
e_service.dart'.
        MediaFileMetadata(
        ^^^^^^^^^^^^^^^^^
test/property_tests/intelligent_media_cache_minimal_test.
dart:153:21: Error: 'CachePriority' is imported from 
both 'lib/features/offline/models/offline_models.dart' 
and 'lib/features/offline/services/intelligent_media_cach
e_service.dart'.
          priority: CachePriority.low,
                    ^^^^^^^^^^^^^
test/property_tests/intelligent_media_cache_minimal_test.
dart:149:9: Error: 'MediaFileMetadata' is imported from 
both 'lib/features/offline/models/offline_models.dart' 
and 'lib/features/offline/services/intelligent_media_cach
e_service.dart'.
        MediaFileMetadata(
        ^^^^^^^^^^^^^^^^^
test/property_tests/intelligent_media_cache_minimal_test.
dart:162:21: Error: 'CachePriority' is imported from 
both 'lib/features/offline/models/offline_models.dart' 
and 'lib/features/offline/services/intelligent_media_cach
e_service.dart'.
          priority: CachePriority.medium,
                    ^^^^^^^^^^^^^
test/property_tests/intelligent_media_cache_minimal_test.
dart:158:9: Error: 'MediaFileMetadata' is imported from 
both 'lib/features/offline/models/offline_models.dart' 
and 'lib/features/offline/services/intelligent_media_cach
e_service.dart'.
        MediaFileMetadata(
        ^^^^^^^^^^^^^^^^^
test/property_tests/intelligent_media_cache_minimal_test.
dart:219:19: Error: 'CachePriority' is imported from 
both 'lib/features/offline/models/offline_models.dart' 
and 'lib/features/offline/services/intelligent_media_cach
e_service.dart'.
        priority: CachePriority.medium,
                  ^^^^^^^^^^^^^
test/property_tests/intelligent_media_cache_minimal_test.
dart:215:25: Error: 'MediaFileMetadata' is imported from 
both 'lib/features/offline/models/offline_models.dart' 
and 'lib/features/offline/services/intelligent_media_cach
e_service.dart'.
      final freshFile = MediaFileMetadata(
                        ^^^^^^^^^^^^^^^^^
test/property_tests/intelligent_media_cache_minimal_test.
dart:231:19: Error: 'CachePriority' is imported from 
both 'lib/features/offline/models/offline_models.dart' 
and 'lib/features/offline/services/intelligent_media_cach
e_service.dart'.
        priority: CachePriority.medium,
                  ^^^^^^^^^^^^^
test/property_tests/intelligent_media_cache_minimal_test.
dart:227:27: Error: 'MediaFileMetadata' is imported from 
both 'lib/features/offline/models/offline_models.dart' 
and 'lib/features/offline/services/intelligent_media_cach
e_service.dart'.
      final expiredFile = MediaFileMetadata(
                          ^^^^^^^^^^^^^^^^^
test/property_tests/intelligent_media_cache_minimal_test.
dart:245:21: Error: 'CachePriority' is imported from 
both 'lib/features/offline/models/offline_models.dart' 
and 'lib/features/offline/services/intelligent_media_cach
e_service.dart'.
          priority: CachePriority.high,
                    ^^^^^^^^^^^^^
test/property_tests/intelligent_media_cache_minimal_test.
dart:241:9: Error: 'MediaFileMetadata' is imported from 
both 'lib/features/offline/models/offline_models.dart' 
and 'lib/features/offline/services/intelligent_media_cach
e_service.dart'.
        MediaFileMetadata(
        ^^^^^^^^^^^^^^^^^
test/property_tests/intelligent_media_cache_minimal_test.
dart:253:21: Error: 'CachePriority' is imported from 
both 'lib/features/offline/models/offline_models.dart' 
and 'lib/features/offline/services/intelligent_media_cach
e_service.dart'.
          priority: CachePriority.low,
                    ^^^^^^^^^^^^^
test/property_tests/intelligent_media_cache_minimal_test.
dart:249:9: Error: 'MediaFileMetadata' is imported from 
both 'lib/features/offline/models/offline_models.dart' 
and 'lib/features/offline/services/intelligent_media_cach
e_service.dart'.
        MediaFileMetadata(
        ^^^^^^^^^^^^^^^^^
test/property_tests/intelligent_media_cache_minimal_test.
dart:261:21: Error: 'CachePriority' is imported from 
both 'lib/features/offline/models/offline_models.dart' 
and 'lib/features/offline/services/intelligent_media_cach
e_service.dart'.
          priority: CachePriority.medium,
                    ^^^^^^^^^^^^^
test/property_tests/intelligent_media_cache_minimal_test.
dart:257:9: Error: 'MediaFileMetadata' is imported from 
both 'lib/features/offline/models/offline_models.dart' 
and 'lib/features/offline/services/intelligent_media_cach
e_service.dart'.
        MediaFileMetadata(
        ^^^^^^^^^^^^^^^^^
test/property_tests/intelligent_media_cache_minimal_test.
dart:281:21: Error: 'CachePriority' is imported from 
both 'lib/features/offline/models/offline_models.dart' 
and 'lib/features/offline/services/intelligent_media_cach
e_service.dart'.
          priority: CachePriority.high,
                    ^^^^^^^^^^^^^
test/property_tests/intelligent_media_cache_minimal_test.
dart:277:22: Error: 'MediaFileMetadata' is imported from 
both 'lib/features/offline/models/offline_models.dart' 
and 'lib/features/offline/services/intelligent_media_cach
e_service.dart'.
        'file1.jpg': MediaFileMetadata(
                     ^^^^^^^^^^^^^^^^^
test/property_tests/intelligent_media_cache_minimal_test.
dart:289:21: Error: 'CachePriority' is imported from 
both 'lib/features/offline/models/offline_models.dart' 
and 'lib/features/offline/services/intelligent_media_cach
e_service.dart'.
          priority: CachePriority.low,
                    ^^^^^^^^^^^^^
test/property_tests/intelligent_media_cache_minimal_test.
dart:285:22: Error: 'MediaFileMetadata' is imported from 
both 'lib/features/offline/models/offline_models.dart' 
and 'lib/features/offline/services/intelligent_media_cach
e_service.dart'.
        'file2.gif': MediaFileMetadata(
                     ^^^^^^^^^^^^^^^^^
test/property_tests/intelligent_media_cache_minimal_test.
dart:370:21: Error: 'CachePriority' is imported from 
both 'lib/features/offline/models/offline_models.dart' 
and 'lib/features/offline/services/intelligent_media_cach
e_service.dart'.
          priority: CachePriority.high,
                    ^^^^^^^^^^^^^
test/property_tests/intelligent_media_cache_minimal_test.
dart:366:9: Error: 'MediaFileMetadata' is imported from 
both 'lib/features/offline/models/offline_models.dart' 
and 'lib/features/offline/services/intelligent_media_cach
e_service.dart'.
        MediaFileMetadata(
        ^^^^^^^^^^^^^^^^^
test/property_tests/intelligent_media_cache_minimal_test.
dart:379:21: Error: 'CachePriority' is imported from 
both 'lib/features/offline/models/offline_models.dart' 
and 'lib/features/offline/services/intelligent_media_cach
e_service.dart'.
          priority: CachePriority.high,
                    ^^^^^^^^^^^^^
test/property_tests/intelligent_media_cache_minimal_test.
dart:375:9: Error: 'MediaFileMetadata' is imported from 
both 'lib/features/offline/models/offline_models.dart' 
and 'lib/features/offline/services/intelligent_media_cach
e_service.dart'.
        MediaFileMetadata(
        ^^^^^^^^^^^^^^^^^
test/property_tests/intelligent_media_cache_minimal_test.
dart:180:21: Error: A value of type 'num' can't be 
assigned to a variable of type 'int'.
          usedSpace += file.fileSize;
                    ^
lib/features/offline/services/intelligent_media_cache_ser
vice.dart:215:50: Error: The method 'getAllCachedFiles' 
isn't defined for the type 'MediaCacheService'.
 - 'MediaCacheService' is from 
'lib/features/offline/services/media_cache_service.dart'.
Try correcting the name to the name of an existing 
method, or defining a method named 'getAllCachedFiles'.
    final cachedFiles = await 
_mediaCacheService.getAllCachedFiles();
                                                 
^^^^^^^^^^^^^^^^^
lib/features/offline/services/intelligent_media_cache_ser
vice.dart:226:44: Error: The method 'getCacheStatistics' 
isn't defined for the type 'MediaCacheService'.
 - 'MediaCacheService' is from 
'lib/features/offline/services/media_cache_service.dart'.
Try correcting the name to the name of an existing 
method, or defining a method named 'getCacheStatistics'.
    final stats = await 
_mediaCacheService.getCacheStatistics();
                                           
^^^^^^^^^^^^^^^^^^
lib/features/offline/services/intelligent_media_cache_ser
vice.dart:319:44: Error: The method 'getCacheStatistics' 
isn't defined for the type 'MediaCacheService'.
 - 'MediaCacheService' is from 
'lib/features/offline/services/media_cache_service.dart'.
Try correcting the name to the name of an existing 
method, or defining a method named 'getCacheStatistics'.
    final stats = await 
_mediaCacheService.getCacheStatistics();
                                           
^^^^^^^^^^^^^^^^^^
lib/features/offline/services/intelligent_media_cache_ser
vice.dart:342:32: Error: The method 'removeCachedFile' 
isn't defined for the type 'MediaCacheService'.
 - 'MediaCacheService' is from 
'lib/features/offline/services/media_cache_service.dart'.
Try correcting the name to the name of an existing 
method, or defining a method named 'removeCachedFile'.
      await 
_mediaCacheService.removeCachedFile(file.url);
                               ^^^^^^^^^^^^^^^^
lib/features/offline/services/intelligent_media_cache_ser
vice.dart:362:49: Error: The method 'cacheMediaFile' 
isn't defined for the type 'MediaCacheService'.
 - 'MediaCacheService' is from 
'lib/features/offline/services/media_cache_service.dart'.
Try correcting the name to the name of an existing 
method, or defining a method named 'cacheMediaFile'.
    final cachedFile = await 
_mediaCacheService.cacheMediaFile(
                                                
^^^^^^^^^^^^^^
lib/features/offline/services/intelligent_media_cache_ser
vice.dart:401:50: Error: The method 'getAllCachedFiles' 
isn't defined for the type 'MediaCacheService'.
 - 'MediaCacheService' is from 
'lib/features/offline/services/media_cache_service.dart'.
Try correcting the name to the name of an existing 
method, or defining a method named 'getAllCachedFiles'.
    final cachedFiles = await 
_mediaCacheService.getAllCachedFiles();
                                                 
^^^^^^^^^^^^^^^^^
lib/features/offline/services/intelligent_media_cache_ser
vice.dart:425:32: Error: The method 'removeCachedFile' 
isn't defined for the type 'MediaCacheService'.
 - 'MediaCacheService' is from 
'lib/features/offline/services/media_cache_service.dart'.
Try correcting the name to the name of an existing 
method, or defining a method named 'removeCachedFile'.
      await _mediaCacheService.removeCachedFile(url);
                               ^^^^^^^^^^^^^^^^
lib/features/offline/services/intelligent_media_cache_ser
vice.dart:435:44: Error: The method 'getCacheStatistics' 
isn't defined for the type 'MediaCacheService'.
 - 'MediaCacheService' is from 
'lib/features/offline/services/media_cache_service.dart'.
Try correcting the name to the name of an existing 
method, or defining a method named 'getCacheStatistics'.
    final stats = await 
_mediaCacheService.getCacheStatistics();
                                           
^^^^^^^^^^^^^^^^^^
lib/features/offline/services/intelligent_media_cache_ser
vice.dart:445:50: Error: The method 'getAllCachedFiles' 
isn't defined for the type 'MediaCacheService'.
 - 'MediaCacheService' is from 
'lib/features/offline/services/media_cache_service.dart'.
Try correcting the name to the name of an existing 
method, or defining a method named 'getAllCachedFiles'.
    final cachedFiles = await 
_mediaCacheService.getAllCachedFiles();
                                                 
^^^^^^^^^^^^^^^^^
lib/features/offline/services/intelligent_media_cache_ser
vice.dart:449:34: Error: The method 'removeCachedFile' 
isn't defined for the type 'MediaCacheService'.
 - 'MediaCacheService' is from 
'lib/features/offline/services/media_cache_service.dart'.
Try correcting the name to the name of an existing 
method, or defining a method named 'removeCachedFile'.
        await 
_mediaCacheService.removeCachedFile(file.originalUrl);
                                 ^^^^^^^^^^^^^^^^
00:11 +80 -21: loading C:/Users/Brad/Documents/~AppProjects/TimelineBiographyApp/test/property_tests/intelligent_media_cache_minimal_test.dart [E]
  Failed to load "C:/Users/Brad/Documents/~AppProjects/TimelineBiographyApp/test/property_tests/intelligent_media_cache_minimal_test.dart":
  Compilation failed for testPath=C:/Users/Brad/Documents/~AppProjects/TimelineBiographyApp/test/property_tests/intelligent_media_cache_minimal_test.dart: test/property_tests/intelligent_media_cache_minimal_test.dart:18:44: Error: Required named parameter 'databaseService' must be provided.
        mediaCacheService = MediaCacheService();
                                             ^
  lib/features/offline/services/media_cache_service.dart:26:3: Context: Found this candidate, but the arguments don't match.
    MediaCacheService({
    ^^^^^^^^^^^^^^^^^
  test/property_tests/intelligent_media_cache_minimal_test.dart:31:14: Error: 'CachePriority' is imported from both 'lib/features/offline/models/offline_models.dart' and 'lib/features/offline/services/intelligent_media_cache_service.dart'.
        expect(CachePriority.high.name, equals('high'));
               ^^^^^^^^^^^^^
  test/property_tests/intelligent_media_cache_minimal_test.dart:32:14: Error: 'CachePriority' is imported from both 'lib/features/offline/models/offline_models.dart' and 'lib/features/offline/services/intelligent_media_cache_service.dart'.
        expect(CachePriority.medium.name, equals('medium'));
               ^^^^^^^^^^^^^
  test/property_tests/intelligent_media_cache_minimal_test.dart:33:14: Error: 'CachePriority' is imported from both 'lib/features/offline/models/offline_models.dart' and 'lib/features/offline/services/intelligent_media_cache_service.dart'.
        expect(CachePriority.low.name, equals('low'));
               ^^^^^^^^^^^^^
  test/property_tests/intelligent_media_cache_minimal_test.dart:55:19: Error: 'CachePriority' is imported from both 'lib/features/offline/models/offline_models.dart' and 'lib/features/offline/services/intelligent_media_cache_service.dart'.
          priority: CachePriority.high,
                    ^^^^^^^^^^^^^
  test/property_tests/intelligent_media_cache_minimal_test.dart:51:28: Error: 'MediaFileMetadata' is imported from both 'lib/features/offline/models/offline_models.dart' and 'lib/features/offline/services/intelligent_media_cache_service.dart'.
        final highPriority = MediaFileMetadata(
                             ^^^^^^^^^^^^^^^^^
  test/property_tests/intelligent_media_cache_minimal_test.dart:68:19: Error: 'CachePriority' is imported from both 'lib/features/offline/models/offline_models.dart' and 'lib/features/offline/services/intelligent_media_cache_service.dart'.
          priority: CachePriority.low,
                    ^^^^^^^^^^^^^
  test/property_tests/intelligent_media_cache_minimal_test.dart:64:27: Error: 'MediaFileMetadata' is imported from both 'lib/features/offline/models/offline_models.dart' and 'lib/features/offline/services/intelligent_media_cache_service.dart'.
        final lowPriority = MediaFileMetadata(
                            ^^^^^^^^^^^^^^^^^
  test/property_tests/intelligent_media_cache_minimal_test.dart:87:18: Error: 'CachePriority' is imported from both 'lib/features/offline/models/offline_models.dart' and 'lib/features/offline/services/intelligent_media_cache_service.dart'.
            return CachePriority.high;
                   ^^^^^^^^^^^^^
  test/property_tests/intelligent_media_cache_minimal_test.dart:89:18: Error: 'CachePriority' is imported from both 'lib/features/offline/models/offline_models.dart' and 'lib/features/offline/services/intelligent_media_cache_service.dart'.
            return CachePriority.low;
                   ^^^^^^^^^^^^^
  test/property_tests/intelligent_media_cache_minimal_test.dart:92:16: Error: 'CachePriority' is imported from both 'lib/features/offline/models/offline_models.dart' and 'lib/features/offline/services/intelligent_media_cache_service.dart'.
          return CachePriority.medium;
                 ^^^^^^^^^^^^^
  test/property_tests/intelligent_media_cache_minimal_test.dart:6:1: Error: 'CachePriority' is imported from both 'lib/features/offline/models/offline_models.dart' and 'lib/features/offline/services/intelligent_media_cache_service.dart'.
  import '../../lib/features/offline/models/offline_models.dart';
  ^^^^^^^^^^^^^
  test/property_tests/intelligent_media_cache_minimal_test.dart:96:53: Error: 'CachePriority' is imported from both 'lib/features/offline/models/offline_models.dart' and 'lib/features/offline/services/intelligent_media_cache_service.dart'.
        expect(determinePriority('image.jpg'), equals(CachePriority.high));
                                                      ^^^^^^^^^^^^^
  test/property_tests/intelligent_media_cache_minimal_test.dart:97:53: Error: 'CachePriority' is imported from both 'lib/features/offline/models/offline_models.dart' and 'lib/features/offline/services/intelligent_media_cache_service.dart'.
        expect(determinePriority('photo.png'), equals(CachePriority.high));
                                                      ^^^^^^^^^^^^^
  test/property_tests/intelligent_media_cache_minimal_test.dart:98:56: Error: 'CachePriority' is imported from both 'lib/features/offline/models/offline_models.dart' and 'lib/features/offline/services/intelligent_media_cache_service.dart'.
        expect(determinePriority('graphic.webp'), equals(CachePriority.high));
                                                         ^^^^^^^^^^^^^
  test/property_tests/intelligent_media_cache_minimal_test.dart:101:57: Error: 'CachePriority' is imported from both 'lib/features/offline/models/offline_models.dart' and 'lib/features/offline/services/intelligent_media_cache_service.dart'.
        expect(determinePriority('animation.gif'), equals(CachePriority.low));
                                                          ^^^^^^^^^^^^^
  test/property_tests/intelligent_media_cache_minimal_test.dart:102:54: Error: 'CachePriority' is imported from both 'lib/features/offline/models/offline_models.dart' and 'lib/features/offline/services/intelligent_media_cache_service.dart'.
        expect(determinePriority('bitmap.bmp'), equals(CachePriority.low));
                                                       ^^^^^^^^^^^^^
  test/property_tests/intelligent_media_cache_minimal_test.dart:105:53: Error: 'CachePriority' is imported from both 'lib/features/offline/models/offline_models.dart' and 'lib/features/offline/services/intelligent_media_cache_service.dart'.
        expect(determinePriority('video.mp4'), equals(CachePriority.medium));
                                                      ^^^^^^^^^^^^^
  test/property_tests/intelligent_media_cache_minimal_test.dart:106:56: Error: 'CachePriority' is imported from both 'lib/features/offline/models/offline_models.dart' and 'lib/features/offline/services/intelligent_media_cache_service.dart'.
        expect(determinePriority('document.pdf'), equals(CachePriority.medium));
                                                         ^^^^^^^^^^^^^
  test/property_tests/intelligent_media_cache_minimal_test.dart:144:21: Error: 'CachePriority' is imported from both 'lib/features/offline/models/offline_models.dart' and 'lib/features/offline/services/intelligent_media_cache_service.dart'.
            priority: CachePriority.high,
                      ^^^^^^^^^^^^^
  test/property_tests/intelligent_media_cache_minimal_test.dart:140:9: Error: 'MediaFileMetadata' is imported from both 'lib/features/offline/models/offline_models.dart' and 'lib/features/offline/services/intelligent_media_cache_service.dart'.
          MediaFileMetadata(
          ^^^^^^^^^^^^^^^^^
  test/property_tests/intelligent_media_cache_minimal_test.dart:153:21: Error: 'CachePriority' is imported from both 'lib/features/offline/models/offline_models.dart' and 'lib/features/offline/services/intelligent_media_cache_service.dart'.
            priority: CachePriority.low,
                      ^^^^^^^^^^^^^
  test/property_tests/intelligent_media_cache_minimal_test.dart:149:9: Error: 'MediaFileMetadata' is imported from both 'lib/features/offline/models/offline_models.dart' and 'lib/features/offline/services/intelligent_media_cache_service.dart'.
          MediaFileMetadata(
          ^^^^^^^^^^^^^^^^^
  test/property_tests/intelligent_media_cache_minimal_test.dart:162:21: Error: 'CachePriority' is imported from both 'lib/features/offline/models/offline_models.dart' and 'lib/features/offline/services/intelligent_media_cache_service.dart'.
            priority: CachePriority.medium,
                      ^^^^^^^^^^^^^
  test/property_tests/intelligent_media_cache_minimal_test.dart:158:9: Error: 'MediaFileMetadata' is imported from both 'lib/features/offline/models/offline_models.dart' and 'lib/features/offline/services/intelligent_media_cache_service.dart'.
          MediaFileMetadata(
          ^^^^^^^^^^^^^^^^^
  test/property_tests/intelligent_media_cache_minimal_test.dart:219:19: Error: 'CachePriority' is imported from both 'lib/features/offline/models/offline_models.dart' and 'lib/features/offline/services/intelligent_media_cache_service.dart'.
          priority: CachePriority.medium,
                    ^^^^^^^^^^^^^
  test/property_tests/intelligent_media_cache_minimal_test.dart:215:25: Error: 'MediaFileMetadata' is imported from both 'lib/features/offline/models/offline_models.dart' and 'lib/features/offline/services/intelligent_media_cache_service.dart'.
        final freshFile = MediaFileMetadata(
                          ^^^^^^^^^^^^^^^^^
  test/property_tests/intelligent_media_cache_minimal_test.dart:231:19: Error: 'CachePriority' is imported from both 'lib/features/offline/models/offline_models.dart' and 'lib/features/offline/services/intelligent_media_cache_service.dart'.
          priority: CachePriority.medium,
                    ^^^^^^^^^^^^^
  test/property_tests/intelligent_media_cache_minimal_test.dart:227:27: Error: 'MediaFileMetadata' is imported from both 'lib/features/offline/models/offline_models.dart' and 'lib/features/offline/services/intelligent_media_cache_service.dart'.
        final expiredFile = MediaFileMetadata(
                            ^^^^^^^^^^^^^^^^^
  test/property_tests/intelligent_media_cache_minimal_test.dart:245:21: Error: 'CachePriority' is imported from both 'lib/features/offline/models/offline_models.dart' and 'lib/features/offline/services/intelligent_media_cache_service.dart'.
            priority: CachePriority.high,
                      ^^^^^^^^^^^^^
  test/property_tests/intelligent_media_cache_minimal_test.dart:241:9: Error: 'MediaFileMetadata' is imported from both 'lib/features/offline/models/offline_models.dart' and 'lib/features/offline/services/intelligent_media_cache_service.dart'.
          MediaFileMetadata(
          ^^^^^^^^^^^^^^^^^
  test/property_tests/intelligent_media_cache_minimal_test.dart:253:21: Error: 'CachePriority' is imported from both 'lib/features/offline/models/offline_models.dart' and 'lib/features/offline/services/intelligent_media_cache_service.dart'.
            priority: CachePriority.low,
                      ^^^^^^^^^^^^^
  test/property_tests/intelligent_media_cache_minimal_test.dart:249:9: Error: 'MediaFileMetadata' is imported from both 'lib/features/offline/models/offline_models.dart' and 'lib/features/offline/services/intelligent_media_cache_service.dart'.
          MediaFileMetadata(
          ^^^^^^^^^^^^^^^^^
  test/property_tests/intelligent_media_cache_minimal_test.dart:261:21: Error: 'CachePriority' is imported from both 'lib/features/offline/models/offline_models.dart' and 'lib/features/offline/services/intelligent_media_cache_service.dart'.
            priority: CachePriority.medium,
                      ^^^^^^^^^^^^^
  test/property_tests/intelligent_media_cache_minimal_test.dart:257:9: Error: 'MediaFileMetadata' is imported from both 'lib/features/offline/models/offline_models.dart' and 'lib/features/offline/services/intelligent_media_cache_service.dart'.
          MediaFileMetadata(
          ^^^^^^^^^^^^^^^^^
  test/property_tests/intelligent_media_cache_minimal_test.dart:281:21: Error: 'CachePriority' is imported from both 'lib/features/offline/models/offline_models.dart' and 'lib/features/offline/services/intelligent_media_cache_service.dart'.
            priority: CachePriority.high,
                      ^^^^^^^^^^^^^
  test/property_tests/intelligent_media_cache_minimal_test.dart:277:22: Error: 'MediaFileMetadata' is imported from both 'lib/features/offline/models/offline_models.dart' and 'lib/features/offline/services/intelligent_media_cache_service.dart'.
          'file1.jpg': MediaFileMetadata(
                       ^^^^^^^^^^^^^^^^^
  test/property_tests/intelligent_media_cache_minimal_test.dart:289:21: Error: 'CachePriority' is imported from both 'lib/features/offline/models/offline_models.dart' and 'lib/features/offline/services/intelligent_media_cache_service.dart'.
            priority: CachePriority.low,
                      ^^^^^^^^^^^^^
  test/property_tests/intelligent_media_cache_minimal_test.dart:285:22: Error: 'MediaFileMetadata' is imported from both 'lib/features/offline/models/offline_models.dart' and 'lib/features/offline/services/intelligent_media_cache_service.dart'.
          'file2.gif': MediaFileMetadata(
                       ^^^^^^^^^^^^^^^^^
  test/property_tests/intelligent_media_cache_minimal_test.dart:370:21: Error: 'CachePriority' is imported from both 'lib/features/offline/models/offline_models.dart' and 'lib/features/offline/services/intelligent_media_cache_service.dart'.
            priority: CachePriority.high,
                      ^^^^^^^^^^^^^
  test/property_tests/intelligent_media_cache_minimal_test.dart:366:9: Error: 'MediaFileMetadata' is imported from both 'lib/features/offline/models/offline_models.dart' and 'lib/features/offline/services/intelligent_media_cache_service.dart'.
          MediaFileMetadata(
          ^^^^^^^^^^^^^^^^^
  test/property_tests/intelligent_media_cache_minimal_test.dart:379:21: Error: 'CachePriority' is imported from both 'lib/features/offline/models/offline_models.dart' and 'lib/features/offline/services/intelligent_media_cache_service.dart'.
            priority: CachePriority.high,
                      ^^^^^^^^^^^^^
  test/property_tests/intelligent_media_cache_minimal_test.dart:375:9: Error: 'MediaFileMetadata' is imported from both 'lib/features/offline/models/offline_models.dart' and 'lib/features/offline/services/intelligent_media_cache_service.dart'.
          MediaFileMetadata(
          ^^^^^^^^^^^^^^^^^
  test/property_tests/intelligent_media_cache_minimal_test.dart:180:21: Error: A value of type 'num' can't be assigned to a variable of type 'int'.
            usedSpace += file.fileSize;
                      ^
  lib/features/offline/services/intelligent_media_cache_service.dart:215:50: Error: The method 'getAllCachedFiles' isn't defined for the type 'MediaCacheService'.
   - 'MediaCacheService' is from 'lib/features/offline/services/media_cache_service.dart'.
  Try correcting the name to the name of an existing method, or defining a method named 'getAllCachedFiles'.
      final cachedFiles = await _mediaCacheService.getAllCachedFiles();
                                                   ^^^^^^^^^^^^^^^^^
  lib/features/offline/services/intelligent_media_cache_service.dart:226:44: Error: The method 'getCacheStatistics' isn't defined for the type 'MediaCacheService'.
   - 'MediaCacheService' is from 'lib/features/offline/services/media_cache_service.dart'.
  Try correcting the name to the name of an existing method, or defining a method named 'getCacheStatistics'.
      final stats = await _mediaCacheService.getCacheStatistics();
                                             ^^^^^^^^^^^^^^^^^^
  lib/features/offline/services/intelligent_media_cache_service.dart:319:44: Error: The method 'getCacheStatistics' isn't defined for the type 'MediaCacheService'.
   - 'MediaCacheService' is from 'lib/features/offline/services/media_cache_service.dart'.
  Try correcting the name to the name of an existing method, or defining a method named 'getCacheStatistics'.
      final stats = await _mediaCacheService.getCacheStatistics();
                                             ^^^^^^^^^^^^^^^^^^
  lib/features/offline/services/intelligent_media_cache_service.dart:342:32: Error: The method 'removeCachedFile' isn't defined for the type 'MediaCacheService'.
   - 'MediaCacheService' is from 'lib/features/offline/services/media_cache_service.dart'.
  Try correcting the name to the name of an existing method, or defining a method named 'removeCachedFile'.
        await _mediaCacheService.removeCachedFile(file.url);
                                 ^^^^^^^^^^^^^^^^
  lib/features/offline/services/intelligent_media_cache_service.dart:362:49: Error: The method 'cacheMediaFile' isn't defined for the type 'MediaCacheService'.
   - 'MediaCacheService' is from 'lib/features/offline/services/media_cache_service.dart'.
  Try correcting the name to the name of an existing method, or defining a method named 'cacheMediaFile'.
      final cachedFile = await _mediaCacheService.cacheMediaFile(
                                                  ^^^^^^^^^^^^^^
  lib/features/offline/services/intelligent_media_cache_service.dart:401:50: Error: The method 'getAllCachedFiles' isn't defined for the type 'MediaCacheService'.
   - 'MediaCacheService' is from 'lib/features/offline/services/media_cache_service.dart'.
  Try correcting the name to the name of an existing method, or defining a method named 'getAllCachedFiles'.
      final cachedFiles = await _mediaCacheService.getAllCachedFiles();
                                                   ^^^^^^^^^^^^^^^^^
  lib/features/offline/services/intelligent_media_cache_service.dart:425:32: Error: The method 'removeCachedFile' isn't defined for the type 'MediaCacheService'.
   - 'MediaCacheService' is from 'lib/features/offline/services/media_cache_service.dart'.
  Try correcting the name to the name of an existing method, or defining a method named 'removeCachedFile'.
        await _mediaCacheService.removeCachedFile(url);
                                 ^^^^^^^^^^^^^^^^
  lib/features/offline/services/intelligent_media_cache_service.dart:435:44: Error: The method 'getCacheStatistics' isn't defined for the type 'MediaCacheService'.
   - 'MediaCacheService' is from 'lib/features/offline/services/media_cache_service.dart'.
  Try correcting the name to the name of an existing method, or defining a method named 'getCacheStatistics'.
      final stats = await _mediaCacheService.getCacheStatistics();
                                             ^^^^^^^^^^^^^^^^^^
  lib/features/offline/services/intelligent_media_cache_service.dart:445:50: Error: The method 'getAllCachedFiles' isn't defined for the type 'MediaCacheService'.
   - 'MediaCacheService' is from 'lib/features/offline/services/media_cache_service.dart'.
  Try correcting the name to the name of an existing method, or defining a method named 'getAllCachedFiles'.
      final cachedFiles = await _mediaCacheService.getAllCachedFiles();
                                                   ^^^^^^^^^^^^^^^^^
  lib/features/offline/services/intelligent_media_cache_service.dart:449:34: Error: The method 'removeCachedFile' isn't defined for the type 'MediaCacheService'.
   - 'MediaCacheService' is from 'lib/features/offline/services/media_cache_service.dart'.
  Try correcting the name to the name of an existing method, or defining a method named 'removeCachedFile'.
          await _mediaCacheService.removeCachedFile(file.originalUrl);
                                   ^^^^^^^^^^^^^^^^
  .
00:11 +80 -21: loading C:/Users/Brad/Documents/~AppProjects/TimelineBiographyApp/test/integration/context_service_integration_test.dart [E]
  Error: The Dart compiler exited unexpectedly.
  package:flutter_tools/src/base/common.dart 34:3  throwToolExit
  package:flutter_tools/src/compile.dart 911:11    DefaultResidentCompiler._compile.<fn>
  dart:async/zone.dart 1538:47                     _rootRunUnary
  dart:async/zone.dart 1429:19                     _CustomZone.runUnary
  dart:async/future_impl.dart 948:45               Future._propagateToListeners.handleValueCallback
  dart:async/future_impl.dart 977:13               Future._propagateToListeners
  dart:async/future_impl.dart 862:9                Future._propagateToListeners
  dart:async/future_impl.dart 720:5                Future._completeWithValue
  dart:async/future_impl.dart 804:7                Future._asyncCompleteWithValue.<fn>
  dart:async/zone.dart 1525:13                     _rootRun
  dart:async/zone.dart 1422:19                     _CustomZone.run
  dart:async/zone.dart 1321:7                      _CustomZone.runGuarded
  dart:async/zone.dart 1362:23                     _CustomZone.bindCallbackGuarded.<fn>
  dart:async/schedule_microtask.dart 40:35         _microtaskLoop
  dart:async/schedule_microtask.dart 49:5          _startMicrotaskLoop
  dart:isolate-patch/isolate_patch.dart 127:13     _runPendingImmediateCallback
  dart:isolate-patch/isolate_patch.dart 194:5      _RawReceivePort._handleMessage
  
00:11 +81 -21: C:/Users/Brad/Documents/~AppProjects/TimelineBiographyApp/test/property_tests/geocoding_reliability_property_test.dart: Geocoding Reliability Property Tests Batch geocoding maintains order and handles failures
00:11 +82 -21: C:/Users/Brad/Documents/~AppProjects/TimelineBiographyApp/test/property_tests/geocoding_reliability_property_test.dart: Geocoding Reliability Property Tests Batch geocoding maintains order and handles failures
00:11 +83 -21: C:/Users/Brad/Documents/~AppProjects/TimelineBiographyApp/test/property_tests/geocoding_reliability_property_test.dart: Geocoding Reliability Property Tests Batch geocoding maintains order and handles failures
00:11 +84 -21: C:/Users/Brad/Documents/~AppProjects/TimelineBiographyApp/test/property_tests/geocoding_reliability_property_test.dart: Geocoding Reliability Property Tests Batch geocoding maintains order and handles failures
00:11 +85 -21: C:/Users/Brad/Documents/~AppProjects/TimelineBiographyApp/test/property_tests/geocoding_reliability_property_test.dart: Geocoding Reliability Property Tests Batch geocoding maintains order and handles failures
00:11 +86 -21: C:/Users/Brad/Documents/~AppProjects/TimelineBiographyApp/test/property_tests/geocoding_reliability_property_test.dart: Geocoding Reliability Property Tests Batch geocoding maintains order and handles failures
00:11 +87 -21: C:/Users/Brad/Documents/~AppProjects/TimelineBiographyApp/test/property_tests/geocoding_reliability_property_test.dart: Geocoding Reliability Property Tests Batch geocoding maintains order and handles failures
00:11 +88 -21: C:/Users/Brad/Documents/~AppProjects/TimelineBiographyApp/test/property_tests/geocoding_reliability_property_test.dart: Geocoding Reliability Property Tests Batch geocoding maintains order and handles failures
00:11 +89 -21: C:/Users/Brad/Documents/~AppProjects/TimelineBiographyApp/test/property_tests/geocoding_reliability_property_test.dart: Geocoding Reliability Property Tests Batch geocoding maintains order and handles failures
00:11 +90 -21: C:/Users/Brad/Documents/~AppProjects/TimelineBiographyApp/test/property_tests/geocoding_reliability_property_test.dart: Geocoding Reliability Property Tests Batch geocoding maintains order and handles failures
00:11 +91 -21: C:/Users/Brad/Documents/~AppProjects/TimelineBiographyApp/test/property_tests/geocoding_reliability_property_test.dart: Geocoding Reliability Property Tests Batch geocoding maintains order and handles failures
00:11 +92 -21: C:/Users/Brad/Documents/~AppProjects/TimelineBiographyApp/test/property_tests/geocoding_reliability_property_test.dart: Geocoding Reliability Property Tests Batch geocoding maintains order and handles failures
00:11 +93 -21: C:/Users/Brad/Documents/~AppProjects/TimelineBiographyApp/test/property_tests/geocoding_reliability_property_test.dart: Geocoding Reliability Property Tests Batch geocoding maintains order and handles failures
00:11 +94 -21: C:/Users/Brad/Documents/~AppProjects/TimelineBiographyApp/test/property_tests/geocoding_reliability_property_test.dart: Geocoding Reliability Property Tests Batch geocoding maintains order and handles failures
test/property_tests/intelligent_media_cache_property_test
.dart:27:44: Error: Required named parameter 
'databaseService' must be provided.
      mediaCacheService = MediaCacheService();
                                           ^
lib/features/offline/services/media_cache_service.dart:26
:3: Context: Found this candidate, but the arguments 
don't match.
  MediaCacheService({
  ^^^^^^^^^^^^^^^^^
test/property_tests/intelligent_media_cache_property_test
.dart:40:14: Error: 'CachePriority' is imported from 
both 'lib/features/offline/models/offline_models.dart' 
and 'lib/features/offline/services/intelligent_media_cach
e_service.dart'.
      expect(CachePriority.high.name, equals('high'));
             ^^^^^^^^^^^^^
test/property_tests/intelligent_media_cache_property_test
.dart:41:14: Error: 'CachePriority' is imported from 
both 'lib/features/offline/models/offline_models.dart' 
and 'lib/features/offline/services/intelligent_media_cach
e_service.dart'.
      expect(CachePriority.medium.name, 
equals('medium'));
             ^^^^^^^^^^^^^
test/property_tests/intelligent_media_cache_property_test
.dart:42:14: Error: 'CachePriority' is imported from 
both 'lib/features/offline/models/offline_models.dart' 
and 'lib/features/offline/services/intelligent_media_cach
e_service.dart'.
      expect(CachePriority.low.name, equals('low'));
             ^^^^^^^^^^^^^
test/property_tests/intelligent_media_cache_property_test
.dart:64:19: Error: 'CachePriority' is imported from 
both 'lib/features/offline/models/offline_models.dart' 
and 'lib/features/offline/services/intelligent_media_cach
e_service.dart'.
        priority: CachePriority.high,
                  ^^^^^^^^^^^^^
test/property_tests/intelligent_media_cache_property_test
.dart:60:28: Error: 'MediaFileMetadata' is imported from 
both 'lib/features/offline/models/offline_models.dart' 
and 'lib/features/offline/services/intelligent_media_cach
e_service.dart'.
      final highPriority = MediaFileMetadata(
                           ^^^^^^^^^^^^^^^^^
test/property_tests/intelligent_media_cache_property_test
.dart:77:19: Error: 'CachePriority' is imported from 
both 'lib/features/offline/models/offline_models.dart' 
and 'lib/features/offline/services/intelligent_media_cach
e_service.dart'.
        priority: CachePriority.low,
                  ^^^^^^^^^^^^^
test/property_tests/intelligent_media_cache_property_test
.dart:73:27: Error: 'MediaFileMetadata' is imported from 
both 'lib/features/offline/models/offline_models.dart' 
and 'lib/features/offline/services/intelligent_media_cach
e_service.dart'.
      final lowPriority = MediaFileMetadata(
                          ^^^^^^^^^^^^^^^^^
test/property_tests/intelligent_media_cache_property_test
.dart:94:62: Error: 'CachePriority' is imported from 
both 'lib/features/offline/models/offline_models.dart' 
and 'lib/features/offline/services/intelligent_media_cach
e_service.dart'.
      expect(service._determinePriority('image.jpg'), 
equals(CachePriority.high));
                                                         
    ^^^^^^^^^^^^^
test/property_tests/intelligent_media_cache_property_test
.dart:95:62: Error: 'CachePriority' is imported from 
both 'lib/features/offline/models/offline_models.dart' 
and 'lib/features/offline/services/intelligent_media_cach
e_service.dart'.
      expect(service._determinePriority('photo.png'), 
equals(CachePriority.high));
                                                         
    ^^^^^^^^^^^^^
test/property_tests/intelligent_media_cache_property_test
.dart:96:65: Error: 'CachePriority' is imported from 
both 'lib/features/offline/models/offline_models.dart' 
and 'lib/features/offline/services/intelligent_media_cach
e_service.dart'.
      expect(service._determinePriority('graphic.webp'), 
equals(CachePriority.high));
                                                         
       ^^^^^^^^^^^^^
test/property_tests/intelligent_media_cache_property_test
.dart:99:66: Error: 'CachePriority' is imported from 
both 'lib/features/offline/models/offline_models.dart' 
and 'lib/features/offline/services/intelligent_media_cach
e_service.dart'.
      
expect(service._determinePriority('animation.gif'), 
equals(CachePriority.low));
                                                         
        ^^^^^^^^^^^^^
test/property_tests/intelligent_media_cache_property_test
.dart:100:63: Error: 'CachePriority' is imported from 
both 'lib/features/offline/models/offline_models.dart' 
and 'lib/features/offline/services/intelligent_media_cach
e_service.dart'.
      expect(service._determinePriority('bitmap.bmp'), 
equals(CachePriority.low));
                                                         
     ^^^^^^^^^^^^^
test/property_tests/intelligent_media_cache_property_test
.dart:103:62: Error: 'CachePriority' is imported from 
both 'lib/features/offline/models/offline_models.dart' 
and 'lib/features/offline/services/intelligent_media_cach
e_service.dart'.
      expect(service._determinePriority('video.mp4'), 
equals(CachePriority.medium));
                                                         
    ^^^^^^^^^^^^^
test/property_tests/intelligent_media_cache_property_test
.dart:104:65: Error: 'CachePriority' is imported from 
both 'lib/features/offline/models/offline_models.dart' 
and 'lib/features/offline/services/intelligent_media_cach
e_service.dart'.
      expect(service._determinePriority('document.pdf'), 
equals(CachePriority.medium));
                                                         
       ^^^^^^^^^^^^^
test/property_tests/intelligent_media_cache_property_test
.dart:141:21: Error: 'CachePriority' is imported from 
both 'lib/features/offline/models/offline_models.dart' 
and 'lib/features/offline/services/intelligent_media_cach
e_service.dart'.
          priority: CachePriority.high,
                    ^^^^^^^^^^^^^
test/property_tests/intelligent_media_cache_property_test
.dart:137:9: Error: 'MediaFileMetadata' is imported from 
both 'lib/features/offline/models/offline_models.dart' 
and 'lib/features/offline/services/intelligent_media_cach
e_service.dart'.
        MediaFileMetadata(
        ^^^^^^^^^^^^^^^^^
test/property_tests/intelligent_media_cache_property_test
.dart:150:21: Error: 'CachePriority' is imported from 
both 'lib/features/offline/models/offline_models.dart' 
and 'lib/features/offline/services/intelligent_media_cach
e_service.dart'.
          priority: CachePriority.low,
                    ^^^^^^^^^^^^^
test/property_tests/intelligent_media_cache_property_test
.dart:146:9: Error: 'MediaFileMetadata' is imported from 
both 'lib/features/offline/models/offline_models.dart' 
and 'lib/features/offline/services/intelligent_media_cach
e_service.dart'.
        MediaFileMetadata(
        ^^^^^^^^^^^^^^^^^
test/property_tests/intelligent_media_cache_property_test
.dart:159:21: Error: 'CachePriority' is imported from 
both 'lib/features/offline/models/offline_models.dart' 
and 'lib/features/offline/services/intelligent_media_cach
e_service.dart'.
          priority: CachePriority.medium,
                    ^^^^^^^^^^^^^
test/property_tests/intelligent_media_cache_property_test
.dart:155:9: Error: 'MediaFileMetadata' is imported from 
both 'lib/features/offline/models/offline_models.dart' 
and 'lib/features/offline/services/intelligent_media_cach
e_service.dart'.
        MediaFileMetadata(
        ^^^^^^^^^^^^^^^^^
test/property_tests/intelligent_media_cache_property_test
.dart:216:19: Error: 'CachePriority' is imported from 
both 'lib/features/offline/models/offline_models.dart' 
and 'lib/features/offline/services/intelligent_media_cach
e_service.dart'.
        priority: CachePriority.medium,
                  ^^^^^^^^^^^^^
test/property_tests/intelligent_media_cache_property_test
.dart:212:25: Error: 'MediaFileMetadata' is imported 
from both 
'lib/features/offline/models/offline_models.dart' and 'li
b/features/offline/services/intelligent_media_cache_servi
ce.dart'.
      final freshFile = MediaFileMetadata(
                        ^^^^^^^^^^^^^^^^^
test/property_tests/intelligent_media_cache_property_test
.dart:228:19: Error: 'CachePriority' is imported from 
both 'lib/features/offline/models/offline_models.dart' 
and 'lib/features/offline/services/intelligent_media_cach
e_service.dart'.
        priority: CachePriority.medium,
                  ^^^^^^^^^^^^^
test/property_tests/intelligent_media_cache_property_test
.dart:224:27: Error: 'MediaFileMetadata' is imported 
from both 
'lib/features/offline/models/offline_models.dart' and 'li
b/features/offline/services/intelligent_media_cache_servi
ce.dart'.
      final expiredFile = MediaFileMetadata(
                          ^^^^^^^^^^^^^^^^^
test/property_tests/intelligent_media_cache_property_test
.dart:242:21: Error: 'CachePriority' is imported from 
both 'lib/features/offline/models/offline_models.dart' 
and 'lib/features/offline/services/intelligent_media_cach
e_service.dart'.
          priority: CachePriority.high,
                    ^^^^^^^^^^^^^
test/property_tests/intelligent_media_cache_property_test
.dart:238:9: Error: 'MediaFileMetadata' is imported from 
both 'lib/features/offline/models/offline_models.dart' 
and 'lib/features/offline/services/intelligent_media_cach
e_service.dart'.
        MediaFileMetadata(
        ^^^^^^^^^^^^^^^^^
test/property_tests/intelligent_media_cache_property_test
.dart:250:21: Error: 'CachePriority' is imported from 
both 'lib/features/offline/models/offline_models.dart' 
and 'lib/features/offline/services/intelligent_media_cach
e_service.dart'.
          priority: CachePriority.low,
                    ^^^^^^^^^^^^^
test/property_tests/intelligent_media_cache_property_test
.dart:246:9: Error: 'MediaFileMetadata' is imported from 
both 'lib/features/offline/models/offline_models.dart' 
and 'lib/features/offline/services/intelligent_media_cach
e_service.dart'.
        MediaFileMetadata(
        ^^^^^^^^^^^^^^^^^
test/property_tests/intelligent_media_cache_property_test
.dart:258:21: Error: 'CachePriority' is imported from 
both 'lib/features/offline/models/offline_models.dart' 
and 'lib/features/offline/services/intelligent_media_cach
e_service.dart'.
          priority: CachePriority.medium,
                    ^^^^^^^^^^^^^
test/property_tests/intelligent_media_cache_property_test
.dart:254:9: Error: 'MediaFileMetadata' is imported from 
both 'lib/features/offline/models/offline_models.dart' 
and 'lib/features/offline/services/intelligent_media_cach
e_service.dart'.
        MediaFileMetadata(
        ^^^^^^^^^^^^^^^^^
test/property_tests/intelligent_media_cache_property_test
.dart:278:21: Error: 'CachePriority' is imported from 
both 'lib/features/offline/models/offline_models.dart' 
and 'lib/features/offline/services/intelligent_media_cach
e_service.dart'.
          priority: CachePriority.high,
                    ^^^^^^^^^^^^^
test/property_tests/intelligent_media_cache_property_test
.dart:274:22: Error: 'MediaFileMetadata' is imported 
from both 
'lib/features/offline/models/offline_models.dart' and 'li
b/features/offline/services/intelligent_media_cache_servi
ce.dart'.
        'file1.jpg': MediaFileMetadata(
                     ^^^^^^^^^^^^^^^^^
test/property_tests/intelligent_media_cache_property_test
.dart:286:21: Error: 'CachePriority' is imported from 
both 'lib/features/offline/models/offline_models.dart' 
and 'lib/features/offline/services/intelligent_media_cach
e_service.dart'.
          priority: CachePriority.low,
                    ^^^^^^^^^^^^^
test/property_tests/intelligent_media_cache_property_test
.dart:282:22: Error: 'MediaFileMetadata' is imported 
from both 
'lib/features/offline/models/offline_models.dart' and 'li
b/features/offline/services/intelligent_media_cache_servi
ce.dart'.
        'file2.gif': MediaFileMetadata(
                     ^^^^^^^^^^^^^^^^^
test/property_tests/intelligent_media_cache_property_test
.dart:348:21: Error: 'CachePriority' is imported from 
both 'lib/features/offline/models/offline_models.dart' 
and 'lib/features/offline/services/intelligent_media_cach
e_service.dart'.
          priority: CachePriority.high,
                    ^^^^^^^^^^^^^
test/property_tests/intelligent_media_cache_property_test
.dart:344:9: Error: 'MediaFileMetadata' is imported from 
both 'lib/features/offline/models/offline_models.dart' 
and 'lib/features/offline/services/intelligent_media_cach
e_service.dart'.
        MediaFileMetadata(
        ^^^^^^^^^^^^^^^^^
test/property_tests/intelligent_media_cache_property_test
.dart:357:21: Error: 'CachePriority' is imported from 
both 'lib/features/offline/models/offline_models.dart' 
and 'lib/features/offline/services/intelligent_media_cach
e_service.dart'.
          priority: CachePriority.high,
                    ^^^^^^^^^^^^^
test/property_tests/intelligent_media_cache_property_test
.dart:353:9: Error: 'MediaFileMetadata' is imported from 
both 'lib/features/offline/models/offline_models.dart' 
and 'lib/features/offline/services/intelligent_media_cach
e_service.dart'.
        MediaFileMetadata(
        ^^^^^^^^^^^^^^^^^
test/property_tests/intelligent_media_cache_property_test
.dart:94:22: Error: The method '_determinePriority' 
isn't defined for the type 
'IntelligentMediaCacheService'.
 - 'IntelligentMediaCacheService' is from 'lib/features/o
ffline/services/intelligent_media_cache_service.dart'.
Try correcting the name to the name of an existing 
method, or defining a method named '_determinePriority'.
      expect(service._determinePriority('image.jpg'), 
equals(CachePriority.high));
                     ^^^^^^^^^^^^^^^^^^
test/property_tests/intelligent_media_cache_property_test
.dart:95:22: Error: The method '_determinePriority' 
isn't defined for the type 
'IntelligentMediaCacheService'.
 - 'IntelligentMediaCacheService' is from 'lib/features/o
ffline/services/intelligent_media_cache_service.dart'.
Try correcting the name to the name of an existing 
method, or defining a method named '_determinePriority'.
      expect(service._determinePriority('photo.png'), 
equals(CachePriority.high));
                     ^^^^^^^^^^^^^^^^^^
test/property_tests/intelligent_media_cache_property_test
.dart:96:22: Error: The method '_determinePriority' 
isn't defined for the type 
'IntelligentMediaCacheService'.
 - 'IntelligentMediaCacheService' is from 'lib/features/o
ffline/services/intelligent_media_cache_service.dart'.
Try correcting the name to the name of an existing 
method, or defining a method named '_determinePriority'.
      expect(service._determinePriority('graphic.webp'), 
equals(CachePriority.high));
                     ^^^^^^^^^^^^^^^^^^
test/property_tests/intelligent_media_cache_property_test
.dart:99:22: Error: The method '_determinePriority' 
isn't defined for the type 
'IntelligentMediaCacheService'.
 - 'IntelligentMediaCacheService' is from 'lib/features/o
ffline/services/intelligent_media_cache_service.dart'.
Try correcting the name to the name of an existing 
method, or defining a method named '_determinePriority'.
      
expect(service._determinePriority('animation.gif'), 
equals(CachePriority.low));
                     ^^^^^^^^^^^^^^^^^^
test/property_tests/intelligent_media_cache_property_test
.dart:100:22: Error: The method '_determinePriority' 
isn't defined for the type 
'IntelligentMediaCacheService'.
 - 'IntelligentMediaCacheService' is from 'lib/features/o
ffline/services/intelligent_media_cache_service.dart'.
Try correcting the name to the name of an existing 
method, or defining a method named '_determinePriority'.
      expect(service._determinePriority('bitmap.bmp'), 
equals(CachePriority.low));
                     ^^^^^^^^^^^^^^^^^^
test/property_tests/intelligent_media_cache_property_test
.dart:103:22: Error: The method '_determinePriority' 
isn't defined for the type 
'IntelligentMediaCacheService'.
 - 'IntelligentMediaCacheService' is from 'lib/features/o
ffline/services/intelligent_media_cache_service.dart'.
Try correcting the name to the name of an existing 
method, or defining a method named '_determinePriority'.
      expect(service._determinePriority('video.mp4'), 
equals(CachePriority.medium));
                     ^^^^^^^^^^^^^^^^^^
test/property_tests/intelligent_media_cache_property_test
.dart:104:22: Error: The method '_determinePriority' 
isn't defined for the type 
'IntelligentMediaCacheService'.
 - 'IntelligentMediaCacheService' is from 'lib/features/o
ffline/services/intelligent_media_cache_service.dart'.
Try correcting the name to the name of an existing 
method, or defining a method named '_determinePriority'.
      expect(service._determinePriority('document.pdf'), 
equals(CachePriority.medium));
                     ^^^^^^^^^^^^^^^^^^
test/property_tests/intelligent_media_cache_property_test
.dart:113:22: Error: The method '_isEssentialFile' isn't 
defined for the type 'IntelligentMediaCacheService'.
 - 'IntelligentMediaCacheService' is from 'lib/features/o
ffline/services/intelligent_media_cache_service.dart'.
Try correcting the name to the name of an existing 
method, or defining a method named '_isEssentialFile'.
      expect(service._isEssentialFile('https://example.co
m/profile/user123.jpg'), isTrue);
                     ^^^^^^^^^^^^^^^^
test/property_tests/intelligent_media_cache_property_test
.dart:114:22: Error: The method '_isEssentialFile' isn't 
defined for the type 'IntelligentMediaCacheService'.
 - 'IntelligentMediaCacheService' is from 'lib/features/o
ffline/services/intelligent_media_cache_service.dart'.
Try correcting the name to the name of an existing 
method, or defining a method named '_isEssentialFile'.
      expect(service._isEssentialFile('https://cdn.exampl
e.com/cover/timeline_456.png'), isTrue);
                     ^^^^^^^^^^^^^^^^
test/property_tests/intelligent_media_cache_property_test
.dart:117:22: Error: The method '_isEssentialFile' isn't 
defined for the type 'IntelligentMediaCacheService'.
 - 'IntelligentMediaCacheService' is from 'lib/features/o
ffline/services/intelligent_media_cache_service.dart'.
Try correcting the name to the name of an existing 
method, or defining a method named '_isEssentialFile'.
      expect(service._isEssentialFile('https://example.co
m/media/vacation.jpg'), isFalse);
                     ^^^^^^^^^^^^^^^^
test/property_tests/intelligent_media_cache_property_test
.dart:118:22: Error: The method '_isEssentialFile' isn't 
defined for the type 'IntelligentMediaCacheService'.
 - 'IntelligentMediaCacheService' is from 'lib/features/o
ffline/services/intelligent_media_cache_service.dart'.
Try correcting the name to the name of an existing 
method, or defining a method named '_isEssentialFile'.
      expect(service._isEssentialFile('https://example.co
m/gallery/photo.jpg'), isFalse);
                     ^^^^^^^^^^^^^^^^
test/property_tests/intelligent_media_cache_property_test
.dart:177:21: Error: A value of type 'num' can't be 
assigned to a variable of type 'int'.
          usedSpace += file.fileSize;
                    ^
test/property_tests/intelligent_media_cache_property_test
.dart:308:22: Error: The method '_getMimeType' isn't 
defined for the type 'IntelligentMediaCacheService'.
 - 'IntelligentMediaCacheService' is from 'lib/features/o
ffline/services/intelligent_media_cache_service.dart'.
Try correcting the name to the name of an existing 
method, or defining a method named '_getMimeType'.
      expect(service._getMimeType('jpg'), 
equals('image/jpeg'));
                     ^^^^^^^^^^^^
test/property_tests/intelligent_media_cache_property_test
.dart:309:22: Error: The method '_getMimeType' isn't 
defined for the type 'IntelligentMediaCacheService'.
 - 'IntelligentMediaCacheService' is from 'lib/features/o
ffline/services/intelligent_media_cache_service.dart'.
Try correcting the name to the name of an existing 
method, or defining a method named '_getMimeType'.
      expect(service._getMimeType('png'), 
equals('image/png'));
                     ^^^^^^^^^^^^
test/property_tests/intelligent_media_cache_property_test
.dart:310:22: Error: The method '_getMimeType' isn't 
defined for the type 'IntelligentMediaCacheService'.
 - 'IntelligentMediaCacheService' is from 'lib/features/o
ffline/services/intelligent_media_cache_service.dart'.
Try correcting the name to the name of an existing 
method, or defining a method named '_getMimeType'.
      expect(service._getMimeType('gif'), 
equals('image/gif'));
                     ^^^^^^^^^^^^
test/property_tests/intelligent_media_cache_property_test
.dart:311:22: Error: The method '_getMimeType' isn't 
defined for the type 'IntelligentMediaCacheService'.
 - 'IntelligentMediaCacheService' is from 'lib/features/o
ffline/services/intelligent_media_cache_service.dart'.
Try correcting the name to the name of an existing 
method, or defining a method named '_getMimeType'.
      expect(service._getMimeType('webp'), 
equals('image/webp'));
                     ^^^^^^^^^^^^
test/property_tests/intelligent_media_cache_property_test
.dart:312:22: Error: The method '_getMimeType' isn't 
defined for the type 'IntelligentMediaCacheService'.
 - 'IntelligentMediaCacheService' is from 'lib/features/o
ffline/services/intelligent_media_cache_service.dart'.
Try correcting the name to the name of an existing 
method, or defining a method named '_getMimeType'.
      expect(service._getMimeType('mp4'), 
equals('video/mp4'));
                     ^^^^^^^^^^^^
test/property_tests/intelligent_media_cache_property_test
.dart:313:22: Error: The method '_getMimeType' isn't 
defined for the type 'IntelligentMediaCacheService'.
 - 'IntelligentMediaCacheService' is from 'lib/features/o
ffline/services/intelligent_media_cache_service.dart'.
Try correcting the name to the name of an existing 
method, or defining a method named '_getMimeType'.
      expect(service._getMimeType('mov'), 
equals('video/quicktime'));
                     ^^^^^^^^^^^^
test/property_tests/intelligent_media_cache_property_test
.dart:314:22: Error: The method '_getMimeType' isn't 
defined for the type 'IntelligentMediaCacheService'.
 - 'IntelligentMediaCacheService' is from 'lib/features/o
ffline/services/intelligent_media_cache_service.dart'.
Try correcting the name to the name of an existing 
method, or defining a method named '_getMimeType'.
      expect(service._getMimeType('unknown'), 
equals('application/octet-stream'));
                     ^^^^^^^^^^^^
lib/features/offline/services/intelligent_media_cache_ser
vice.dart:215:50: Error: The method 'getAllCachedFiles' 
isn't defined for the type 'MediaCacheService'.
 - 'MediaCacheService' is from 
'lib/features/offline/services/media_cache_service.dart'.
Try correcting the name to the name of an existing 
method, or defining a method named 'getAllCachedFiles'.
    final cachedFiles = await 
_mediaCacheService.getAllCachedFiles();
                                                 
^^^^^^^^^^^^^^^^^
lib/features/offline/services/intelligent_media_cache_ser
vice.dart:226:44: Error: The method 'getCacheStatistics' 
isn't defined for the type 'MediaCacheService'.
 - 'MediaCacheService' is from 
'lib/features/offline/services/media_cache_service.dart'.
Try correcting the name to the name of an existing 
method, or defining a method named 'getCacheStatistics'.
    final stats = await 
_mediaCacheService.getCacheStatistics();
                                           
^^^^^^^^^^^^^^^^^^
lib/features/offline/services/intelligent_media_cache_ser
vice.dart:319:44: Error: The method 'getCacheStatistics' 
isn't defined for the type 'MediaCacheService'.
 - 'MediaCacheService' is from 
'lib/features/offline/services/media_cache_service.dart'.
Try correcting the name to the name of an existing 
method, or defining a method named 'getCacheStatistics'.
    final stats = await 
_mediaCacheService.getCacheStatistics();
                                           
^^^^^^^^^^^^^^^^^^
lib/features/offline/services/intelligent_media_cache_ser
vice.dart:342:32: Error: The method 'removeCachedFile' 
isn't defined for the type 'MediaCacheService'.
 - 'MediaCacheService' is from 
'lib/features/offline/services/media_cache_service.dart'.
Try correcting the name to the name of an existing 
method, or defining a method named 'removeCachedFile'.
      await 
_mediaCacheService.removeCachedFile(file.url);
                               ^^^^^^^^^^^^^^^^
lib/features/offline/services/intelligent_media_cache_ser
vice.dart:362:49: Error: The method 'cacheMediaFile' 
isn't defined for the type 'MediaCacheService'.
 - 'MediaCacheService' is from 
'lib/features/offline/services/media_cache_service.dart'.
Try correcting the name to the name of an existing 
method, or defining a method named 'cacheMediaFile'.
    final cachedFile = await 
_mediaCacheService.cacheMediaFile(
                                                
^^^^^^^^^^^^^^
lib/features/offline/services/intelligent_media_cache_ser
vice.dart:401:50: Error: The method 'getAllCachedFiles' 
isn't defined for the type 'MediaCacheService'.
 - 'MediaCacheService' is from 
'lib/features/offline/services/media_cache_service.dart'.
Try correcting the name to the name of an existing 
method, or defining a method named 'getAllCachedFiles'.
    final cachedFiles = await 
_mediaCacheService.getAllCachedFiles();
                                                 
^^^^^^^^^^^^^^^^^
lib/features/offline/services/intelligent_media_cache_ser
vice.dart:425:32: Error: The method 'removeCachedFile' 
isn't defined for the type 'MediaCacheService'.
 - 'MediaCacheService' is from 
'lib/features/offline/services/media_cache_service.dart'.
Try correcting the name to the name of an existing 
method, or defining a method named 'removeCachedFile'.
      await _mediaCacheService.removeCachedFile(url);
                               ^^^^^^^^^^^^^^^^
lib/features/offline/services/intelligent_media_cache_ser
vice.dart:435:44: Error: The method 'getCacheStatistics' 
isn't defined for the type 'MediaCacheService'.
 - 'MediaCacheService' is from 
'lib/features/offline/services/media_cache_service.dart'.
Try correcting the name to the name of an existing 
method, or defining a method named 'getCacheStatistics'.
    final stats = await 
_mediaCacheService.getCacheStatistics();
                                           
^^^^^^^^^^^^^^^^^^
lib/features/offline/services/intelligent_media_cache_ser
vice.dart:445:50: Error: The method 'getAllCachedFiles' 
isn't defined for the type 'MediaCacheService'.
 - 'MediaCacheService' is from 
'lib/features/offline/services/media_cache_service.dart'.
Try correcting the name to the name of an existing 
method, or defining a method named 'getAllCachedFiles'.
    final cachedFiles = await 
_mediaCacheService.getAllCachedFiles();
                                                 
^^^^^^^^^^^^^^^^^
lib/features/offline/services/intelligent_media_cache_ser
vice.dart:449:34: Error: The method 'removeCachedFile' 
isn't defined for the type 'MediaCacheService'.
 - 'MediaCacheService' is from 
'lib/features/offline/services/media_cache_service.dart'.
Try correcting the name to the name of an existing 
method, or defining a method named 'removeCachedFile'.
        await 
_mediaCacheService.removeCachedFile(file.originalUrl);
                                 ^^^^^^^^^^^^^^^^
00:12 +95 -22: loading C:/Users/Brad/Documents/~AppProjects/TimelineBiographyApp/test/property_tests/intelligent_media_cache_property_test.dart [E]
  Failed to load "C:/Users/Brad/Documents/~AppProjects/TimelineBiographyApp/test/property_tests/intelligent_media_cache_property_test.dart":
  Compilation failed for testPath=C:/Users/Brad/Documents/~AppProjects/TimelineBiographyApp/test/property_tests/intelligent_media_cache_property_test.dart: test/property_tests/intelligent_media_cache_property_test.dart:27:44: Error: Required named parameter 'databaseService' must be provided.
        mediaCacheService = MediaCacheService();
                                             ^
  lib/features/offline/services/media_cache_service.dart:26:3: Context: Found this candidate, but the arguments don't match.
    MediaCacheService({
    ^^^^^^^^^^^^^^^^^
  test/property_tests/intelligent_media_cache_property_test.dart:40:14: Error: 'CachePriority' is imported from both 'lib/features/offline/models/offline_models.dart' and 'lib/features/offline/services/intelligent_media_cache_service.dart'.
        expect(CachePriority.high.name, equals('high'));
               ^^^^^^^^^^^^^
  test/property_tests/intelligent_media_cache_property_test.dart:41:14: Error: 'CachePriority' is imported from both 'lib/features/offline/models/offline_models.dart' and 'lib/features/offline/services/intelligent_media_cache_service.dart'.
        expect(CachePriority.medium.name, equals('medium'));
               ^^^^^^^^^^^^^
  test/property_tests/intelligent_media_cache_property_test.dart:42:14: Error: 'CachePriority' is imported from both 'lib/features/offline/models/offline_models.dart' and 'lib/features/offline/services/intelligent_media_cache_service.dart'.
        expect(CachePriority.low.name, equals('low'));
               ^^^^^^^^^^^^^
  test/property_tests/intelligent_media_cache_property_test.dart:64:19: Error: 'CachePriority' is imported from both 'lib/features/offline/models/offline_models.dart' and 'lib/features/offline/services/intelligent_media_cache_service.dart'.
          priority: CachePriority.high,
                    ^^^^^^^^^^^^^
  test/property_tests/intelligent_media_cache_property_test.dart:60:28: Error: 'MediaFileMetadata' is imported from both 'lib/features/offline/models/offline_models.dart' and 'lib/features/offline/services/intelligent_media_cache_service.dart'.
        final highPriority = MediaFileMetadata(
                             ^^^^^^^^^^^^^^^^^
  test/property_tests/intelligent_media_cache_property_test.dart:77:19: Error: 'CachePriority' is imported from both 'lib/features/offline/models/offline_models.dart' and 'lib/features/offline/services/intelligent_media_cache_service.dart'.
          priority: CachePriority.low,
                    ^^^^^^^^^^^^^
  test/property_tests/intelligent_media_cache_property_test.dart:73:27: Error: 'MediaFileMetadata' is imported from both 'lib/features/offline/models/offline_models.dart' and 'lib/features/offline/services/intelligent_media_cache_service.dart'.
        final lowPriority = MediaFileMetadata(
                            ^^^^^^^^^^^^^^^^^
  test/property_tests/intelligent_media_cache_property_test.dart:94:62: Error: 'CachePriority' is imported from both 'lib/features/offline/models/offline_models.dart' and 'lib/features/offline/services/intelligent_media_cache_service.dart'.
        expect(service._determinePriority('image.jpg'), equals(CachePriority.high));
                                                               ^^^^^^^^^^^^^
  test/property_tests/intelligent_media_cache_property_test.dart:95:62: Error: 'CachePriority' is imported from both 'lib/features/offline/models/offline_models.dart' and 'lib/features/offline/services/intelligent_media_cache_service.dart'.
        expect(service._determinePriority('photo.png'), equals(CachePriority.high));
                                                               ^^^^^^^^^^^^^
  test/property_tests/intelligent_media_cache_property_test.dart:96:65: Error: 'CachePriority' is imported from both 'lib/features/offline/models/offline_models.dart' and 'lib/features/offline/services/intelligent_media_cache_service.dart'.
        expect(service._determinePriority('graphic.webp'), equals(CachePriority.high));
                                                                  ^^^^^^^^^^^^^
  test/property_tests/intelligent_media_cache_property_test.dart:99:66: Error: 'CachePriority' is imported from both 'lib/features/offline/models/offline_models.dart' and 'lib/features/offline/services/intelligent_media_cache_service.dart'.
        expect(service._determinePriority('animation.gif'), equals(CachePriority.low));
                                                                   ^^^^^^^^^^^^^
  test/property_tests/intelligent_media_cache_property_test.dart:100:63: Error: 'CachePriority' is imported from both 'lib/features/offline/models/offline_models.dart' and 'lib/features/offline/services/intelligent_media_cache_service.dart'.
        expect(service._determinePriority('bitmap.bmp'), equals(CachePriority.low));
                                                                ^^^^^^^^^^^^^
  test/property_tests/intelligent_media_cache_property_test.dart:103:62: Error: 'CachePriority' is imported from both 'lib/features/offline/models/offline_models.dart' and 'lib/features/offline/services/intelligent_media_cache_service.dart'.
        expect(service._determinePriority('video.mp4'), equals(CachePriority.medium));
                                                               ^^^^^^^^^^^^^
  test/property_tests/intelligent_media_cache_property_test.dart:104:65: Error: 'CachePriority' is imported from both 'lib/features/offline/models/offline_models.dart' and 'lib/features/offline/services/intelligent_media_cache_service.dart'.
        expect(service._determinePriority('document.pdf'), equals(CachePriority.medium));
                                                                  ^^^^^^^^^^^^^
  test/property_tests/intelligent_media_cache_property_test.dart:141:21: Error: 'CachePriority' is imported from both 'lib/features/offline/models/offline_models.dart' and 'lib/features/offline/services/intelligent_media_cache_service.dart'.
            priority: CachePriority.high,
                      ^^^^^^^^^^^^^
  test/property_tests/intelligent_media_cache_property_test.dart:137:9: Error: 'MediaFileMetadata' is imported from both 'lib/features/offline/models/offline_models.dart' and 'lib/features/offline/services/intelligent_media_cache_service.dart'.
          MediaFileMetadata(
          ^^^^^^^^^^^^^^^^^
  test/property_tests/intelligent_media_cache_property_test.dart:150:21: Error: 'CachePriority' is imported from both 'lib/features/offline/models/offline_models.dart' and 'lib/features/offline/services/intelligent_media_cache_service.dart'.
            priority: CachePriority.low,
                      ^^^^^^^^^^^^^
  test/property_tests/intelligent_media_cache_property_test.dart:146:9: Error: 'MediaFileMetadata' is imported from both 'lib/features/offline/models/offline_models.dart' and 'lib/features/offline/services/intelligent_media_cache_service.dart'.
          MediaFileMetadata(
          ^^^^^^^^^^^^^^^^^
  test/property_tests/intelligent_media_cache_property_test.dart:159:21: Error: 'CachePriority' is imported from both 'lib/features/offline/models/offline_models.dart' and 'lib/features/offline/services/intelligent_media_cache_service.dart'.
            priority: CachePriority.medium,
                      ^^^^^^^^^^^^^
  test/property_tests/intelligent_media_cache_property_test.dart:155:9: Error: 'MediaFileMetadata' is imported from both 'lib/features/offline/models/offline_models.dart' and 'lib/features/offline/services/intelligent_media_cache_service.dart'.
          MediaFileMetadata(
          ^^^^^^^^^^^^^^^^^
  test/property_tests/intelligent_media_cache_property_test.dart:216:19: Error: 'CachePriority' is imported from both 'lib/features/offline/models/offline_models.dart' and 'lib/features/offline/services/intelligent_media_cache_service.dart'.
          priority: CachePriority.medium,
                    ^^^^^^^^^^^^^
  test/property_tests/intelligent_media_cache_property_test.dart:212:25: Error: 'MediaFileMetadata' is imported from both 'lib/features/offline/models/offline_models.dart' and 'lib/features/offline/services/intelligent_media_cache_service.dart'.
        final freshFile = MediaFileMetadata(
                          ^^^^^^^^^^^^^^^^^
  test/property_tests/intelligent_media_cache_property_test.dart:228:19: Error: 'CachePriority' is imported from both 'lib/features/offline/models/offline_models.dart' and 'lib/features/offline/services/intelligent_media_cache_service.dart'.
          priority: CachePriority.medium,
                    ^^^^^^^^^^^^^
  test/property_tests/intelligent_media_cache_property_test.dart:224:27: Error: 'MediaFileMetadata' is imported from both 'lib/features/offline/models/offline_models.dart' and 'lib/features/offline/services/intelligent_media_cache_service.dart'.
        final expiredFile = MediaFileMetadata(
                            ^^^^^^^^^^^^^^^^^
  test/property_tests/intelligent_media_cache_property_test.dart:242:21: Error: 'CachePriority' is imported from both 'lib/features/offline/models/offline_models.dart' and 'lib/features/offline/services/intelligent_media_cache_service.dart'.
            priority: CachePriority.high,
                      ^^^^^^^^^^^^^
  test/property_tests/intelligent_media_cache_property_test.dart:238:9: Error: 'MediaFileMetadata' is imported from both 'lib/features/offline/models/offline_models.dart' and 'lib/features/offline/services/intelligent_media_cache_service.dart'.
          MediaFileMetadata(
          ^^^^^^^^^^^^^^^^^
  test/property_tests/intelligent_media_cache_property_test.dart:250:21: Error: 'CachePriority' is imported from both 'lib/features/offline/models/offline_models.dart' and 'lib/features/offline/services/intelligent_media_cache_service.dart'.
            priority: CachePriority.low,
                      ^^^^^^^^^^^^^
  test/property_tests/intelligent_media_cache_property_test.dart:246:9: Error: 'MediaFileMetadata' is imported from both 'lib/features/offline/models/offline_models.dart' and 'lib/features/offline/services/intelligent_media_cache_service.dart'.
          MediaFileMetadata(
          ^^^^^^^^^^^^^^^^^
  test/property_tests/intelligent_media_cache_property_test.dart:258:21: Error: 'CachePriority' is imported from both 'lib/features/offline/models/offline_models.dart' and 'lib/features/offline/services/intelligent_media_cache_service.dart'.
            priority: CachePriority.medium,
                      ^^^^^^^^^^^^^
  test/property_tests/intelligent_media_cache_property_test.dart:254:9: Error: 'MediaFileMetadata' is imported from both 'lib/features/offline/models/offline_models.dart' and 'lib/features/offline/services/intelligent_media_cache_service.dart'.
          MediaFileMetadata(
          ^^^^^^^^^^^^^^^^^
  test/property_tests/intelligent_media_cache_property_test.dart:278:21: Error: 'CachePriority' is imported from both 'lib/features/offline/models/offline_models.dart' and 'lib/features/offline/services/intelligent_media_cache_service.dart'.
            priority: CachePriority.high,
                      ^^^^^^^^^^^^^
  test/property_tests/intelligent_media_cache_property_test.dart:274:22: Error: 'MediaFileMetadata' is imported from both 'lib/features/offline/models/offline_models.dart' and 'lib/features/offline/services/intelligent_media_cache_service.dart'.
          'file1.jpg': MediaFileMetadata(
                       ^^^^^^^^^^^^^^^^^
  test/property_tests/intelligent_media_cache_property_test.dart:286:21: Error: 'CachePriority' is imported from both 'lib/features/offline/models/offline_models.dart' and 'lib/features/offline/services/intelligent_media_cache_service.dart'.
            priority: CachePriority.low,
                      ^^^^^^^^^^^^^
  test/property_tests/intelligent_media_cache_property_test.dart:282:22: Error: 'MediaFileMetadata' is imported from both 'lib/features/offline/models/offline_models.dart' and 'lib/features/offline/services/intelligent_media_cache_service.dart'.
          'file2.gif': MediaFileMetadata(
                       ^^^^^^^^^^^^^^^^^
  test/property_tests/intelligent_media_cache_property_test.dart:348:21: Error: 'CachePriority' is imported from both 'lib/features/offline/models/offline_models.dart' and 'lib/features/offline/services/intelligent_media_cache_service.dart'.
            priority: CachePriority.high,
                      ^^^^^^^^^^^^^
  test/property_tests/intelligent_media_cache_property_test.dart:344:9: Error: 'MediaFileMetadata' is imported from both 'lib/features/offline/models/offline_models.dart' and 'lib/features/offline/services/intelligent_media_cache_service.dart'.
          MediaFileMetadata(
          ^^^^^^^^^^^^^^^^^
  test/property_tests/intelligent_media_cache_property_test.dart:357:21: Error: 'CachePriority' is imported from both 'lib/features/offline/models/offline_models.dart' and 'lib/features/offline/services/intelligent_media_cache_service.dart'.
            priority: CachePriority.high,
                      ^^^^^^^^^^^^^
  test/property_tests/intelligent_media_cache_property_test.dart:353:9: Error: 'MediaFileMetadata' is imported from both 'lib/features/offline/models/offline_models.dart' and 'lib/features/offline/services/intelligent_media_cache_service.dart'.
          MediaFileMetadata(
          ^^^^^^^^^^^^^^^^^
  test/property_tests/intelligent_media_cache_property_test.dart:94:22: Error: The method '_determinePriority' isn't defined for the type 'IntelligentMediaCacheService'.
   - 'IntelligentMediaCacheService' is from 'lib/features/offline/services/intelligent_media_cache_service.dart'.
  Try correcting the name to the name of an existing method, or defining a method named '_determinePriority'.
        expect(service._determinePriority('image.jpg'), equals(CachePriority.high));
                       ^^^^^^^^^^^^^^^^^^
  test/property_tests/intelligent_media_cache_property_test.dart:95:22: Error: The method '_determinePriority' isn't defined for the type 'IntelligentMediaCacheService'.
   - 'IntelligentMediaCacheService' is from 'lib/features/offline/services/intelligent_media_cache_service.dart'.
  Try correcting the name to the name of an existing method, or defining a method named '_determinePriority'.
        expect(service._determinePriority('photo.png'), equals(CachePriority.high));
                       ^^^^^^^^^^^^^^^^^^
  test/property_tests/intelligent_media_cache_property_test.dart:96:22: Error: The method '_determinePriority' isn't defined for the type 'IntelligentMediaCacheService'.
   - 'IntelligentMediaCacheService' is from 'lib/features/offline/services/intelligent_media_cache_service.dart'.
  Try correcting the name to the name of an existing method, or defining a method named '_determinePriority'.
        expect(service._determinePriority('graphic.webp'), equals(CachePriority.high));
                       ^^^^^^^^^^^^^^^^^^
  test/property_tests/intelligent_media_cache_property_test.dart:99:22: Error: The method '_determinePriority' isn't defined for the type 'IntelligentMediaCacheService'.
   - 'IntelligentMediaCacheService' is from 'lib/features/offline/services/intelligent_media_cache_service.dart'.
  Try correcting the name to the name of an existing method, or defining a method named '_determinePriority'.
        expect(service._determinePriority('animation.gif'), equals(CachePriority.low));
                       ^^^^^^^^^^^^^^^^^^
  test/property_tests/intelligent_media_cache_property_test.dart:100:22: Error: The method '_determinePriority' isn't defined for the type 'IntelligentMediaCacheService'.
   - 'IntelligentMediaCacheService' is from 'lib/features/offline/services/intelligent_media_cache_service.dart'.
  Try correcting the name to the name of an existing method, or defining a method named '_determinePriority'.
        expect(service._determinePriority('bitmap.bmp'), equals(CachePriority.low));
                       ^^^^^^^^^^^^^^^^^^
  test/property_tests/intelligent_media_cache_property_test.dart:103:22: Error: The method '_determinePriority' isn't defined for the type 'IntelligentMediaCacheService'.
   - 'IntelligentMediaCacheService' is from 'lib/features/offline/services/intelligent_media_cache_service.dart'.
  Try correcting the name to the name of an existing method, or defining a method named '_determinePriority'.
        expect(service._determinePriority('video.mp4'), equals(CachePriority.medium));
                       ^^^^^^^^^^^^^^^^^^
  test/property_tests/intelligent_media_cache_property_test.dart:104:22: Error: The method '_determinePriority' isn't defined for the type 'IntelligentMediaCacheService'.
   - 'IntelligentMediaCacheService' is from 'lib/features/offline/services/intelligent_media_cache_service.dart'.
  Try correcting the name to the name of an existing method, or defining a method named '_determinePriority'.
        expect(service._determinePriority('document.pdf'), equals(CachePriority.medium));
                       ^^^^^^^^^^^^^^^^^^
  test/property_tests/intelligent_media_cache_property_test.dart:113:22: Error: The method '_isEssentialFile' isn't defined for the type 'IntelligentMediaCacheService'.
   - 'IntelligentMediaCacheService' is from 'lib/features/offline/services/intelligent_media_cache_service.dart'.
  Try correcting the name to the name of an existing method, or defining a method named '_isEssentialFile'.
        expect(service._isEssentialFile('https://example.com/profile/user123.jpg'), isTrue);
                       ^^^^^^^^^^^^^^^^
  test/property_tests/intelligent_media_cache_property_test.dart:114:22: Error: The method '_isEssentialFile' isn't defined for the type 'IntelligentMediaCacheService'.
   - 'IntelligentMediaCacheService' is from 'lib/features/offline/services/intelligent_media_cache_service.dart'.
  Try correcting the name to the name of an existing method, or defining a method named '_isEssentialFile'.
        expect(service._isEssentialFile('https://cdn.example.com/cover/timeline_456.png'), isTrue);
                       ^^^^^^^^^^^^^^^^
  test/property_tests/intelligent_media_cache_property_test.dart:117:22: Error: The method '_isEssentialFile' isn't defined for the type 'IntelligentMediaCacheService'.
   - 'IntelligentMediaCacheService' is from 'lib/features/offline/services/intelligent_media_cache_service.dart'.
  Try correcting the name to the name of an existing method, or defining a method named '_isEssentialFile'.
        expect(service._isEssentialFile('https://example.com/media/vacation.jpg'), isFalse);
                       ^^^^^^^^^^^^^^^^
  test/property_tests/intelligent_media_cache_property_test.dart:118:22: Error: The method '_isEssentialFile' isn't defined for the type 'IntelligentMediaCacheService'.
   - 'IntelligentMediaCacheService' is from 'lib/features/offline/services/intelligent_media_cache_service.dart'.
  Try correcting the name to the name of an existing method, or defining a method named '_isEssentialFile'.
        expect(service._isEssentialFile('https://example.com/gallery/photo.jpg'), isFalse);
                       ^^^^^^^^^^^^^^^^
  test/property_tests/intelligent_media_cache_property_test.dart:177:21: Error: A value of type 'num' can't be assigned to a variable of type 'int'.
            usedSpace += file.fileSize;
                      ^
  test/property_tests/intelligent_media_cache_property_test.dart:308:22: Error: The method '_getMimeType' isn't defined for the type 'IntelligentMediaCacheService'.
   - 'IntelligentMediaCacheService' is from 'lib/features/offline/services/intelligent_media_cache_service.dart'.
  Try correcting the name to the name of an existing method, or defining a method named '_getMimeType'.
        expect(service._getMimeType('jpg'), equals('image/jpeg'));
                       ^^^^^^^^^^^^
  test/property_tests/intelligent_media_cache_property_test.dart:309:22: Error: The method '_getMimeType' isn't defined for the type 'IntelligentMediaCacheService'.
   - 'IntelligentMediaCacheService' is from 'lib/features/offline/services/intelligent_media_cache_service.dart'.
  Try correcting the name to the name of an existing method, or defining a method named '_getMimeType'.
        expect(service._getMimeType('png'), equals('image/png'));
                       ^^^^^^^^^^^^
  test/property_tests/intelligent_media_cache_property_test.dart:310:22: Error: The method '_getMimeType' isn't defined for the type 'IntelligentMediaCacheService'.
   - 'IntelligentMediaCacheService' is from 'lib/features/offline/services/intelligent_media_cache_service.dart'.
  Try correcting the name to the name of an existing method, or defining a method named '_getMimeType'.
        expect(service._getMimeType('gif'), equals('image/gif'));
                       ^^^^^^^^^^^^
  test/property_tests/intelligent_media_cache_property_test.dart:311:22: Error: The method '_getMimeType' isn't defined for the type 'IntelligentMediaCacheService'.
   - 'IntelligentMediaCacheService' is from 'lib/features/offline/services/intelligent_media_cache_service.dart'.
  Try correcting the name to the name of an existing method, or defining a method named '_getMimeType'.
        expect(service._getMimeType('webp'), equals('image/webp'));
                       ^^^^^^^^^^^^
  test/property_tests/intelligent_media_cache_property_test.dart:312:22: Error: The method '_getMimeType' isn't defined for the type 'IntelligentMediaCacheService'.
   - 'IntelligentMediaCacheService' is from 'lib/features/offline/services/intelligent_media_cache_service.dart'.
  Try correcting the name to the name of an existing method, or defining a method named '_getMimeType'.
        expect(service._getMimeType('mp4'), equals('video/mp4'));
                       ^^^^^^^^^^^^
  test/property_tests/intelligent_media_cache_property_test.dart:313:22: Error: The method '_getMimeType' isn't defined for the type 'IntelligentMediaCacheService'.
   - 'IntelligentMediaCacheService' is from 'lib/features/offline/services/intelligent_media_cache_service.dart'.
  Try correcting the name to the name of an existing method, or defining a method named '_getMimeType'.
        expect(service._getMimeType('mov'), equals('video/quicktime'));
                       ^^^^^^^^^^^^
  test/property_tests/intelligent_media_cache_property_test.dart:314:22: Error: The method '_getMimeType' isn't defined for the type 'IntelligentMediaCacheService'.
   - 'IntelligentMediaCacheService' is from 'lib/features/offline/services/intelligent_media_cache_service.dart'.
  Try correcting the name to the name of an existing method, or defining a method named '_getMimeType'.
        expect(service._getMimeType('unknown'), equals('application/octet-stream'));
                       ^^^^^^^^^^^^
  lib/features/offline/services/intelligent_media_cache_service.dart:215:50: Error: The method 'getAllCachedFiles' isn't defined for the type 'MediaCacheService'.
   - 'MediaCacheService' is from 'lib/features/offline/services/media_cache_service.dart'.
  Try correcting the name to the name of an existing method, or defining a method named 'getAllCachedFiles'.
      final cachedFiles = await _mediaCacheService.getAllCachedFiles();
                                                   ^^^^^^^^^^^^^^^^^
  lib/features/offline/services/intelligent_media_cache_service.dart:226:44: Error: The method 'getCacheStatistics' isn't defined for the type 'MediaCacheService'.
   - 'MediaCacheService' is from 'lib/features/offline/services/media_cache_service.dart'.
  Try correcting the name to the name of an existing method, or defining a method named 'getCacheStatistics'.
      final stats = await _mediaCacheService.getCacheStatistics();
                                             ^^^^^^^^^^^^^^^^^^
  lib/features/offline/services/intelligent_media_cache_service.dart:319:44: Error: The method 'getCacheStatistics' isn't defined for the type 'MediaCacheService'.
   - 'MediaCacheService' is from 'lib/features/offline/services/media_cache_service.dart'.
  Try correcting the name to the name of an existing method, or defining a method named 'getCacheStatistics'.
      final stats = await _mediaCacheService.getCacheStatistics();
                                             ^^^^^^^^^^^^^^^^^^
  lib/features/offline/services/intelligent_media_cache_service.dart:342:32: Error: The method 'removeCachedFile' isn't defined for the type 'MediaCacheService'.
   - 'MediaCacheService' is from 'lib/features/offline/services/media_cache_service.dart'.
  Try correcting the name to the name of an existing method, or defining a method named 'removeCachedFile'.
        await _mediaCacheService.removeCachedFile(file.url);
                                 ^^^^^^^^^^^^^^^^
  lib/features/offline/services/intelligent_media_cache_service.dart:362:49: Error: The method 'cacheMediaFile' isn't defined for the type 'MediaCacheService'.
   - 'MediaCacheService' is from 'lib/features/offline/services/media_cache_service.dart'.
  Try correcting the name to the name of an existing method, or defining a method named 'cacheMediaFile'.
      final cachedFile = await _mediaCacheService.cacheMediaFile(
                                                  ^^^^^^^^^^^^^^
  lib/features/offline/services/intelligent_media_cache_service.dart:401:50: Error: The method 'getAllCachedFiles' isn't defined for the type 'MediaCacheService'.
   - 'MediaCacheService' is from 'lib/features/offline/services/media_cache_service.dart'.
  Try correcting the name to the name of an existing method, or defining a method named 'getAllCachedFiles'.
      final cachedFiles = await _mediaCacheService.getAllCachedFiles();
                                                   ^^^^^^^^^^^^^^^^^
  lib/features/offline/services/intelligent_media_cache_service.dart:425:32: Error: The method 'removeCachedFile' isn't defined for the type 'MediaCacheService'.
   - 'MediaCacheService' is from 'lib/features/offline/services/media_cache_service.dart'.
  Try correcting the name to the name of an existing method, or defining a method named 'removeCachedFile'.
        await _mediaCacheService.removeCachedFile(url);
                                 ^^^^^^^^^^^^^^^^
  lib/features/offline/services/intelligent_media_cache_service.dart:435:44: Error: The method 'getCacheStatistics' isn't defined for the type 'MediaCacheService'.
   - 'MediaCacheService' is from 'lib/features/offline/services/media_cache_service.dart'.
  Try correcting the name to the name of an existing method, or defining a method named 'getCacheStatistics'.
      final stats = await _mediaCacheService.getCacheStatistics();
                                             ^^^^^^^^^^^^^^^^^^
  lib/features/offline/services/intelligent_media_cache_service.dart:445:50: Error: The method 'getAllCachedFiles' isn't defined for the type 'MediaCacheService'.
   - 'MediaCacheService' is from 'lib/features/offline/services/media_cache_service.dart'.
  Try correcting the name to the name of an existing method, or defining a method named 'getAllCachedFiles'.
      final cachedFiles = await _mediaCacheService.getAllCachedFiles();
                                                   ^^^^^^^^^^^^^^^^^
  lib/features/offline/services/intelligent_media_cache_service.dart:449:34: Error: The method 'removeCachedFile' isn't defined for the type 'MediaCacheService'.
   - 'MediaCacheService' is from 'lib/features/offline/services/media_cache_service.dart'.
  Try correcting the name to the name of an existing method, or defining a method named 'removeCachedFile'.
          await _mediaCacheService.removeCachedFile(file.originalUrl);
                                   ^^^^^^^^^^^^^^^^
  .
00:12 +95 -22: loading C:/Users/Brad/Documents/~AppProjects/TimelineBiographyApp/test/integration/context_service_integration_test.dart [E]
  Error: The Dart compiler exited unexpectedly.
  package:flutter_tools/src/base/common.dart 34:3  throwToolExit
  package:flutter_tools/src/compile.dart 911:11    DefaultResidentCompiler._compile.<fn>
  dart:async/zone.dart 1538:47                     _rootRunUnary
  dart:async/zone.dart 1429:19                     _CustomZone.runUnary
  dart:async/future_impl.dart 948:45               Future._propagateToListeners.handleValueCallback
  dart:async/future_impl.dart 977:13               Future._propagateToListeners
  dart:async/future_impl.dart 862:9                Future._propagateToListeners
  dart:async/future_impl.dart 720:5                Future._completeWithValue
  dart:async/future_impl.dart 804:7                Future._asyncCompleteWithValue.<fn>
  dart:async/zone.dart 1525:13                     _rootRun
  dart:async/zone.dart 1422:19                     _CustomZone.run
  dart:async/zone.dart 1321:7                      _CustomZone.runGuarded
  dart:async/zone.dart 1362:23                     _CustomZone.bindCallbackGuarded.<fn>
  dart:async/schedule_microtask.dart 40:35         _microtaskLoop
  dart:async/schedule_microtask.dart 49:5          _startMicrotaskLoop
  dart:isolate-patch/isolate_patch.dart 127:13     _runPendingImmediateCallback
  dart:isolate-patch/isolate_patch.dart 194:5      _RawReceivePort._handleMessage
  
test/property_tests/interactive_components_property_test.
dart:48:34: Error: Member not found: 'HapticIntensity'.
      expect(InteractionFeedback.HapticIntensity.values, 
contains(InteractionFeedback.HapticIntensity.none));
                                 ^^^^^^^^^^^^^^^
test/property_tests/interactive_components_property_test.
dart:48:87: Error: Member not found: 'HapticIntensity'.
      expect(InteractionFeedback.HapticIntensity.values, 
contains(InteractionFeedback.HapticIntensity.none));
                                                         
                             ^^^^^^^^^^^^^^^
test/property_tests/interactive_components_property_test.
dart:49:34: Error: Member not found: 'HapticIntensity'.
      expect(InteractionFeedback.HapticIntensity.values, 
contains(InteractionFeedback.HapticIntensity.light));
                                 ^^^^^^^^^^^^^^^
test/property_tests/interactive_components_property_test.
dart:49:87: Error: Member not found: 'HapticIntensity'.
      expect(InteractionFeedback.HapticIntensity.values, 
contains(InteractionFeedback.HapticIntensity.light));
                                                         
                             ^^^^^^^^^^^^^^^
test/property_tests/interactive_components_property_test.
dart:50:34: Error: Member not found: 'HapticIntensity'.
      expect(InteractionFeedback.HapticIntensity.values, 
contains(InteractionFeedback.HapticIntensity.medium));
                                 ^^^^^^^^^^^^^^^
test/property_tests/interactive_components_property_test.
dart:50:87: Error: Member not found: 'HapticIntensity'.
      expect(InteractionFeedback.HapticIntensity.values, 
contains(InteractionFeedback.HapticIntensity.medium));
                                                         
                             ^^^^^^^^^^^^^^^
test/property_tests/interactive_components_property_test.
dart:51:34: Error: Member not found: 'HapticIntensity'.
      expect(InteractionFeedback.HapticIntensity.values, 
contains(InteractionFeedback.HapticIntensity.heavy));
                                 ^^^^^^^^^^^^^^^
test/property_tests/interactive_components_property_test.
dart:51:87: Error: Member not found: 'HapticIntensity'.
      expect(InteractionFeedback.HapticIntensity.values, 
contains(InteractionFeedback.HapticIntensity.heavy));
                                                         
                             ^^^^^^^^^^^^^^^
test/property_tests/interactive_components_property_test.
dart:69:29: Error: Member not found: 'HapticIntensity'.
        InteractionFeedback.HapticIntensity.medium,
                            ^^^^^^^^^^^^^^^
test/property_tests/interactive_components_property_test.
dart:202:46: Error: Member not found: 'HapticIntensity'.
        hapticIntensity: 
InteractionFeedback.HapticIntensity.light,
                                             
^^^^^^^^^^^^^^^
test/property_tests/interactive_components_property_test.
dart:323:55: Error: Member not found: 'HapticIntensity'.
      expect(() => context.haptic(InteractionFeedback.Hap
ticIntensity.light), returnsNormally);
                                                      
^^^^^^^^^^^^^^^
test/property_tests/interactive_components_property_test.
dart:387:29: Error: Member not found: 'HapticIntensity'.
        InteractionFeedback.HapticIntensity.heavy,
                            ^^^^^^^^^^^^^^^
test/property_tests/interactive_components_property_test.
dart:126:24: Error: The getter 'child' isn't defined for 
the type 'Widget'.
 - 'Widget' is from 
'package:flutter/src/widgets/framework.dart' ('/C:/flutte
r/packages/flutter/lib/src/widgets/framework.dart').
Try correcting the name to the name of an existing 
getter, or defining a getter or field named 'child'.
      expect(container.child, isNotNull);
                       ^^^^^
test/property_tests/interactive_components_property_test.
dart:138:22: Error: The getter 'opacity' isn't defined 
for the type 'Widget'.
 - 'Widget' is from 
'package:flutter/src/widgets/framework.dart' ('/C:/flutte
r/packages/flutter/lib/src/widgets/framework.dart').
Try correcting the name to the name of an existing 
getter, or defining a getter or field named 'opacity'.
      expect(opacity.opacity, equals(0.5));
                     ^^^^^^^
test/property_tests/interactive_components_property_test.
dart:162:24: Error: The getter 'value' isn't defined for 
the type 'Widget'.
 - 'Widget' is from 
'package:flutter/src/widgets/framework.dart' ('/C:/flutte
r/packages/flutter/lib/src/widgets/framework.dart').
Try correcting the name to the name of an existing 
getter, or defining a getter or field named 'value'.
      expect(indicator.value, isNull); // Indeterminate 
by default
                       ^^^^^
test/property_tests/interactive_components_property_test.
dart:173:24: Error: The getter 'value' isn't defined for 
the type 'Widget'.
 - 'Widget' is from 
'package:flutter/src/widgets/framework.dart' ('/C:/flutte
r/packages/flutter/lib/src/widgets/framework.dart').
Try correcting the name to the name of an existing 
getter, or defining a getter or field named 'value'.
      expect(indicator.value, equals(0.5));
                       ^^^^^
test/property_tests/interactive_components_property_test.
dart:208:21: Error: The getter 'child' isn't defined for 
the type 'Widget'.
 - 'Widget' is from 
'package:flutter/src/widgets/framework.dart' ('/C:/flutte
r/packages/flutter/lib/src/widgets/framework.dart').
Try correcting the name to the name of an existing 
getter, or defining a getter or field named 'child'.
      expect(button.child, isNotNull);
                    ^^^^^
test/property_tests/interactive_components_property_test.
dart:221:19: Error: The getter 'child' isn't defined for 
the type 'Widget'.
 - 'Widget' is from 
'package:flutter/src/widgets/framework.dart' ('/C:/flutte
r/packages/flutter/lib/src/widgets/framework.dart').
Try correcting the name to the name of an existing 
getter, or defining a getter or field named 'child'.
      expect(card.child, isNotNull);
                  ^^^^^
test/property_tests/interactive_components_property_test.
dart:235:19: Error: The getter 'leading' isn't defined 
for the type 'Widget'.
 - 'Widget' is from 
'package:flutter/src/widgets/framework.dart' ('/C:/flutte
r/packages/flutter/lib/src/widgets/framework.dart').
Try correcting the name to the name of an existing 
getter, or defining a getter or field named 'leading'.
      expect(tile.leading, isNotNull);
                  ^^^^^^^
test/property_tests/interactive_components_property_test.
dart:236:19: Error: The getter 'title' isn't defined for 
the type 'Widget'.
 - 'Widget' is from 
'package:flutter/src/widgets/framework.dart' ('/C:/flutte
r/packages/flutter/lib/src/widgets/framework.dart').
Try correcting the name to the name of an existing 
getter, or defining a getter or field named 'title'.
      expect(tile.title, isNotNull);
                  ^^^^^
lib/shared/design_system/interaction_feedback.dart:150:7:
 Error: No named parameter with the name 'curve'.
      curve: getAnimationCurve(context: context, 
defaultCurve: curve),
      ^^^^^
/C:/flutter/packages/flutter/lib/src/widgets/animated_swi
tcher.dart:112:9: Context: Found this candidate, but the 
arguments don't match.
  const AnimatedSwitcher({
        ^^^^^^^^^^^^^^^^
lib/shared/design_system/interaction_feedback.dart:169:18
: Error: The getter 'theme' isn't defined for the type 
'BuildContext'.
 - 'BuildContext' is from 
'package:flutter/src/widgets/framework.dart' ('/C:/flutte
r/packages/flutter/lib/src/widgets/framework.dart').
Try correcting the name to the name of an existing 
getter, or defining a getter or field named 'theme'.
        context?.theme.colorScheme.primary ?? 
                 ^^^^^
lib/shared/design_system/interaction_feedback.dart:186:18
: Error: The getter 'theme' isn't defined for the type 
'BuildContext'.
 - 'BuildContext' is from 
'package:flutter/src/widgets/framework.dart' ('/C:/flutte
r/packages/flutter/lib/src/widgets/framework.dart').
Try correcting the name to the name of an existing 
getter, or defining a getter or field named 'theme'.
        context?.theme.colorScheme.primary ?? 
                 ^^^^^
lib/shared/design_system/interaction_feedback.dart:202:18
: Error: The getter 'theme' isn't defined for the type 
'BuildContext'.
 - 'BuildContext' is from 
'package:flutter/src/widgets/framework.dart' ('/C:/flutte
r/packages/flutter/lib/src/widgets/framework.dart').
Try correcting the name to the name of an existing 
getter, or defining a getter or field named 'theme'.
        context?.theme.colorScheme.primary ?? 
                 ^^^^^
lib/shared/design_system/interaction_feedback.dart:222:18
: Error: The getter 'theme' isn't defined for the type 
'BuildContext'.
 - 'BuildContext' is from 
'package:flutter/src/widgets/framework.dart' ('/C:/flutte
r/packages/flutter/lib/src/widgets/framework.dart').
Try correcting the name to the name of an existing 
getter, or defining a getter or field named 'theme'.
        context?.theme.colorScheme.primary ?? 
                 ^^^^^
lib/shared/design_system/interaction_feedback.dart:463:52
: Error: The method 'overrideWithValue' isn't defined 
for the type 'StateProvider<bool>'.
 - 'StateProvider' is from 
'package:riverpod/src/state_provider.dart' ('../../../App
Data/Local/Pub/Cache/hosted/pub.dev/riverpod-2.6.1/lib/sr
c/state_provider.dart').
Try correcting the name to the name of an existing 
method, or defining a method named 'overrideWithValue'.
        InteractionFeedback.hapticFeedbackProvider.overri
deWithValue(enableHaptics),
                                                   
^^^^^^^^^^^^^^^^^
lib/shared/design_system/interaction_feedback.dart:464:52
: Error: The method 'overrideWithValue' isn't defined 
for the type 'StateProvider<double>'.
 - 'StateProvider' is from 
'package:riverpod/src/state_provider.dart' ('../../../App
Data/Local/Pub/Cache/hosted/pub.dev/riverpod-2.6.1/lib/sr
c/state_provider.dart').
Try correcting the name to the name of an existing 
method, or defining a method named 'overrideWithValue'.
        InteractionFeedback.animationSpeedProvider.overri
deWithValue(animationSpeed),
                                                   
^^^^^^^^^^^^^^^^^
lib/shared/design_system/responsive_typography.dart:249:3
9: Error: The method 'call' isn't defined for the type 
'BuildContext?'.
 - 'BuildContext' is from 
'package:flutter/src/widgets/framework.dart' ('/C:/flutte
r/packages/flutter/lib/src/widgets/framework.dart').
Try correcting the name to the name of an existing 
method, or defining a method named 'call'.
    final context = _getCurrentContext();
                                      ^
lib/shared/design_system/responsive_typography.dart:34:56
: Error: Constant evaluation error:
  static const Map<double, double> _fontScaleFactors = {
                                                       ^
lib/shared/design_system/responsive_typography.dart:35:5:
 Context: The key '360.0' does not have a primitive 
equality.
    breakpointXS: 0.85,
    ^
lib/shared/design_system/responsive_typography.dart:34:36
: Context: While analyzing:
  static const Map<double, double> _fontScaleFactors = {
                                   ^
00:13 +95 -23: loading C:/Users/Brad/Documents/~AppProjects/TimelineBiographyApp/test/property_tests/interactive_components_property_test.dart [E]
  Failed to load "C:/Users/Brad/Documents/~AppProjects/TimelineBiographyApp/test/property_tests/interactive_components_property_test.dart":
  Compilation failed for testPath=C:/Users/Brad/Documents/~AppProjects/TimelineBiographyApp/test/property_tests/interactive_components_property_test.dart: test/property_tests/interactive_components_property_test.dart:48:34: Error: Member not found: 'HapticIntensity'.
        expect(InteractionFeedback.HapticIntensity.values, contains(InteractionFeedback.HapticIntensity.none));
                                   ^^^^^^^^^^^^^^^
  test/property_tests/interactive_components_property_test.dart:48:87: Error: Member not found: 'HapticIntensity'.
        expect(InteractionFeedback.HapticIntensity.values, contains(InteractionFeedback.HapticIntensity.none));
                                                                                        ^^^^^^^^^^^^^^^
  test/property_tests/interactive_components_property_test.dart:49:34: Error: Member not found: 'HapticIntensity'.
        expect(InteractionFeedback.HapticIntensity.values, contains(InteractionFeedback.HapticIntensity.light));
                                   ^^^^^^^^^^^^^^^
  test/property_tests/interactive_components_property_test.dart:49:87: Error: Member not found: 'HapticIntensity'.
        expect(InteractionFeedback.HapticIntensity.values, contains(InteractionFeedback.HapticIntensity.light));
                                                                                        ^^^^^^^^^^^^^^^
  test/property_tests/interactive_components_property_test.dart:50:34: Error: Member not found: 'HapticIntensity'.
        expect(InteractionFeedback.HapticIntensity.values, contains(InteractionFeedback.HapticIntensity.medium));
                                   ^^^^^^^^^^^^^^^
  test/property_tests/interactive_components_property_test.dart:50:87: Error: Member not found: 'HapticIntensity'.
        expect(InteractionFeedback.HapticIntensity.values, contains(InteractionFeedback.HapticIntensity.medium));
                                                                                        ^^^^^^^^^^^^^^^
  test/property_tests/interactive_components_property_test.dart:51:34: Error: Member not found: 'HapticIntensity'.
        expect(InteractionFeedback.HapticIntensity.values, contains(InteractionFeedback.HapticIntensity.heavy));
                                   ^^^^^^^^^^^^^^^
  test/property_tests/interactive_components_property_test.dart:51:87: Error: Member not found: 'HapticIntensity'.
        expect(InteractionFeedback.HapticIntensity.values, contains(InteractionFeedback.HapticIntensity.heavy));
                                                                                        ^^^^^^^^^^^^^^^
  test/property_tests/interactive_components_property_test.dart:69:29: Error: Member not found: 'HapticIntensity'.
          InteractionFeedback.HapticIntensity.medium,
                              ^^^^^^^^^^^^^^^
  test/property_tests/interactive_components_property_test.dart:202:46: Error: Member not found: 'HapticIntensity'.
          hapticIntensity: InteractionFeedback.HapticIntensity.light,
                                               ^^^^^^^^^^^^^^^
  test/property_tests/interactive_components_property_test.dart:323:55: Error: Member not found: 'HapticIntensity'.
        expect(() => context.haptic(InteractionFeedback.HapticIntensity.light), returnsNormally);
                                                        ^^^^^^^^^^^^^^^
  test/property_tests/interactive_components_property_test.dart:387:29: Error: Member not found: 'HapticIntensity'.
          InteractionFeedback.HapticIntensity.heavy,
                              ^^^^^^^^^^^^^^^
  test/property_tests/interactive_components_property_test.dart:126:24: Error: The getter 'child' isn't defined for the type 'Widget'.
   - 'Widget' is from 'package:flutter/src/widgets/framework.dart' ('/C:/flutter/packages/flutter/lib/src/widgets/framework.dart').
  Try correcting the name to the name of an existing getter, or defining a getter or field named 'child'.
        expect(container.child, isNotNull);
                         ^^^^^
  test/property_tests/interactive_components_property_test.dart:138:22: Error: The getter 'opacity' isn't defined for the type 'Widget'.
   - 'Widget' is from 'package:flutter/src/widgets/framework.dart' ('/C:/flutter/packages/flutter/lib/src/widgets/framework.dart').
  Try correcting the name to the name of an existing getter, or defining a getter or field named 'opacity'.
        expect(opacity.opacity, equals(0.5));
                       ^^^^^^^
  test/property_tests/interactive_components_property_test.dart:162:24: Error: The getter 'value' isn't defined for the type 'Widget'.
   - 'Widget' is from 'package:flutter/src/widgets/framework.dart' ('/C:/flutter/packages/flutter/lib/src/widgets/framework.dart').
  Try correcting the name to the name of an existing getter, or defining a getter or field named 'value'.
        expect(indicator.value, isNull); // Indeterminate by default
                         ^^^^^
  test/property_tests/interactive_components_property_test.dart:173:24: Error: The getter 'value' isn't defined for the type 'Widget'.
   - 'Widget' is from 'package:flutter/src/widgets/framework.dart' ('/C:/flutter/packages/flutter/lib/src/widgets/framework.dart').
  Try correcting the name to the name of an existing getter, or defining a getter or field named 'value'.
        expect(indicator.value, equals(0.5));
                         ^^^^^
  test/property_tests/interactive_components_property_test.dart:208:21: Error: The getter 'child' isn't defined for the type 'Widget'.
   - 'Widget' is from 'package:flutter/src/widgets/framework.dart' ('/C:/flutter/packages/flutter/lib/src/widgets/framework.dart').
  Try correcting the name to the name of an existing getter, or defining a getter or field named 'child'.
        expect(button.child, isNotNull);
                      ^^^^^
  test/property_tests/interactive_components_property_test.dart:221:19: Error: The getter 'child' isn't defined for the type 'Widget'.
   - 'Widget' is from 'package:flutter/src/widgets/framework.dart' ('/C:/flutter/packages/flutter/lib/src/widgets/framework.dart').
  Try correcting the name to the name of an existing getter, or defining a getter or field named 'child'.
        expect(card.child, isNotNull);
                    ^^^^^
  test/property_tests/interactive_components_property_test.dart:235:19: Error: The getter 'leading' isn't defined for the type 'Widget'.
   - 'Widget' is from 'package:flutter/src/widgets/framework.dart' ('/C:/flutter/packages/flutter/lib/src/widgets/framework.dart').
  Try correcting the name to the name of an existing getter, or defining a getter or field named 'leading'.
        expect(tile.leading, isNotNull);
                    ^^^^^^^
  test/property_tests/interactive_components_property_test.dart:236:19: Error: The getter 'title' isn't defined for the type 'Widget'.
   - 'Widget' is from 'package:flutter/src/widgets/framework.dart' ('/C:/flutter/packages/flutter/lib/src/widgets/framework.dart').
  Try correcting the name to the name of an existing getter, or defining a getter or field named 'title'.
        expect(tile.title, isNotNull);
                    ^^^^^
  lib/shared/design_system/interaction_feedback.dart:150:7: Error: No named parameter with the name 'curve'.
        curve: getAnimationCurve(context: context, defaultCurve: curve),
        ^^^^^
  /C:/flutter/packages/flutter/lib/src/widgets/animated_switcher.dart:112:9: Context: Found this candidate, but the arguments don't match.
    const AnimatedSwitcher({
          ^^^^^^^^^^^^^^^^
  lib/shared/design_system/interaction_feedback.dart:169:18: Error: The getter 'theme' isn't defined for the type 'BuildContext'.
   - 'BuildContext' is from 'package:flutter/src/widgets/framework.dart' ('/C:/flutter/packages/flutter/lib/src/widgets/framework.dart').
  Try correcting the name to the name of an existing getter, or defining a getter or field named 'theme'.
          context?.theme.colorScheme.primary ?? 
                   ^^^^^
  lib/shared/design_system/interaction_feedback.dart:186:18: Error: The getter 'theme' isn't defined for the type 'BuildContext'.
   - 'BuildContext' is from 'package:flutter/src/widgets/framework.dart' ('/C:/flutter/packages/flutter/lib/src/widgets/framework.dart').
  Try correcting the name to the name of an existing getter, or defining a getter or field named 'theme'.
          context?.theme.colorScheme.primary ?? 
                   ^^^^^
  lib/shared/design_system/interaction_feedback.dart:202:18: Error: The getter 'theme' isn't defined for the type 'BuildContext'.
   - 'BuildContext' is from 'package:flutter/src/widgets/framework.dart' ('/C:/flutter/packages/flutter/lib/src/widgets/framework.dart').
  Try correcting the name to the name of an existing getter, or defining a getter or field named 'theme'.
          context?.theme.colorScheme.primary ?? 
                   ^^^^^
  lib/shared/design_system/interaction_feedback.dart:222:18: Error: The getter 'theme' isn't defined for the type 'BuildContext'.
   - 'BuildContext' is from 'package:flutter/src/widgets/framework.dart' ('/C:/flutter/packages/flutter/lib/src/widgets/framework.dart').
  Try correcting the name to the name of an existing getter, or defining a getter or field named 'theme'.
          context?.theme.colorScheme.primary ?? 
                   ^^^^^
  lib/shared/design_system/interaction_feedback.dart:463:52: Error: The method 'overrideWithValue' isn't defined for the type 'StateProvider<bool>'.
   - 'StateProvider' is from 'package:riverpod/src/state_provider.dart' ('../../../AppData/Local/Pub/Cache/hosted/pub.dev/riverpod-2.6.1/lib/src/state_provider.dart').
  Try correcting the name to the name of an existing method, or defining a method named 'overrideWithValue'.
          InteractionFeedback.hapticFeedbackProvider.overrideWithValue(enableHaptics),
                                                     ^^^^^^^^^^^^^^^^^
  lib/shared/design_system/interaction_feedback.dart:464:52: Error: The method 'overrideWithValue' isn't defined for the type 'StateProvider<double>'.
   - 'StateProvider' is from 'package:riverpod/src/state_provider.dart' ('../../../AppData/Local/Pub/Cache/hosted/pub.dev/riverpod-2.6.1/lib/src/state_provider.dart').
  Try correcting the name to the name of an existing method, or defining a method named 'overrideWithValue'.
          InteractionFeedback.animationSpeedProvider.overrideWithValue(animationSpeed),
                                                     ^^^^^^^^^^^^^^^^^
  lib/shared/design_system/responsive_typography.dart:249:39: Error: The method 'call' isn't defined for the type 'BuildContext?'.
   - 'BuildContext' is from 'package:flutter/src/widgets/framework.dart' ('/C:/flutter/packages/flutter/lib/src/widgets/framework.dart').
  Try correcting the name to the name of an existing method, or defining a method named 'call'.
      final context = _getCurrentContext();
                                        ^
  lib/shared/design_system/responsive_typography.dart:34:56: Error: Constant evaluation error:
    static const Map<double, double> _fontScaleFactors = {
                                                         ^
  lib/shared/design_system/responsive_typography.dart:35:5: Context: The key '360.0' does not have a primitive equality.
      breakpointXS: 0.85,
      ^
  lib/shared/design_system/responsive_typography.dart:34:36: Context: While analyzing:
    static const Map<double, double> _fontScaleFactors = {
                                     ^
  .
00:13 +95 -23: loading C:/Users/Brad/Documents/~AppProjects/TimelineBiographyApp/test/integration/context_service_integration_test.dart [E]
  Error: The Dart compiler exited unexpectedly.
  package:flutter_tools/src/base/common.dart 34:3  throwToolExit
  package:flutter_tools/src/compile.dart 911:11    DefaultResidentCompiler._compile.<fn>
  dart:async/zone.dart 1538:47                     _rootRunUnary
  dart:async/zone.dart 1429:19                     _CustomZone.runUnary
  dart:async/future_impl.dart 948:45               Future._propagateToListeners.handleValueCallback
  dart:async/future_impl.dart 977:13               Future._propagateToListeners
  dart:async/future_impl.dart 862:9                Future._propagateToListeners
  dart:async/future_impl.dart 720:5                Future._completeWithValue
  dart:async/future_impl.dart 804:7                Future._asyncCompleteWithValue.<fn>
  dart:async/zone.dart 1525:13                     _rootRun
  dart:async/zone.dart 1422:19                     _CustomZone.run
  dart:async/zone.dart 1321:7                      _CustomZone.runGuarded
  dart:async/zone.dart 1362:23                     _CustomZone.bindCallbackGuarded.<fn>
  dart:async/schedule_microtask.dart 40:35         _microtaskLoop
  dart:async/schedule_microtask.dart 49:5          _startMicrotaskLoop
  dart:isolate-patch/isolate_patch.dart 127:13     _runPendingImmediateCallback
  dart:isolate-patch/isolate_patch.dart 194:5      _RawReceivePort._handleMessage
  
test/property_tests/manual_clustering_attribute_preservat
ion_property_test.dart:385:5: Error: No named parameter 
with the name 'contextId'.
    contextId: 'test_context',
    ^^^^^^^^^
lib/shared/models/timeline_event.dart:52:11: Context: 
Found this candidate, but the arguments don't match.
  factory TimelineEvent.create({
          ^^^^^^
test/property_tests/manual_clustering_attribute_preservat
ion_property_test.dart:414:7: Error: No named parameter 
with the name 'contextId'.
      contextId: 'test_context',
      ^^^^^^^^^
lib/shared/models/timeline_event.dart:52:11: Context: 
Found this candidate, but the arguments don't match.
  factory TimelineEvent.create({
          ^^^^^^
test/property_tests/manual_clustering_attribute_preservat
ion_property_test.dart:470:5: Error: No named parameter 
with the name 'contextId'.
    contextId: 'test_context',
    ^^^^^^^^^
lib/shared/models/timeline_event.dart:52:11: Context: 
Found this candidate, but the arguments don't match.
  factory TimelineEvent.create({
          ^^^^^^
00:13 +95 -24: loading C:/Users/Brad/Documents/~AppProjects/TimelineBiographyApp/test/property_tests/manual_clustering_attribute_preservation_property_test.dart [E]
  Failed to load "C:/Users/Brad/Documents/~AppProjects/TimelineBiographyApp/test/property_tests/manual_clustering_attribute_preservation_property_test.dart":
  Compilation failed for testPath=C:/Users/Brad/Documents/~AppProjects/TimelineBiographyApp/test/property_tests/manual_clustering_attribute_preservation_property_test.dart: test/property_tests/manual_clustering_attribute_preservation_property_test.dart:385:5: Error: No named parameter with the name 'contextId'.
      contextId: 'test_context',
      ^^^^^^^^^
  lib/shared/models/timeline_event.dart:52:11: Context: Found this candidate, but the arguments don't match.
    factory TimelineEvent.create({
            ^^^^^^
  test/property_tests/manual_clustering_attribute_preservation_property_test.dart:414:7: Error: No named parameter with the name 'contextId'.
        contextId: 'test_context',
        ^^^^^^^^^
  lib/shared/models/timeline_event.dart:52:11: Context: Found this candidate, but the arguments don't match.
    factory TimelineEvent.create({
            ^^^^^^
  test/property_tests/manual_clustering_attribute_preservation_property_test.dart:470:5: Error: No named parameter with the name 'contextId'.
      contextId: 'test_context',
      ^^^^^^^^^
  lib/shared/models/timeline_event.dart:52:11: Context: Found this candidate, but the arguments don't match.
    factory TimelineEvent.create({
            ^^^^^^
  .
00:13 +95 -24: loading C:/Users/Brad/Documents/~AppProjects/TimelineBiographyApp/test/integration/context_service_integration_test.dart [E]
  Error: The Dart compiler exited unexpectedly.
  package:flutter_tools/src/base/common.dart 34:3  throwToolExit
  package:flutter_tools/src/compile.dart 911:11    DefaultResidentCompiler._compile.<fn>
  dart:async/zone.dart 1538:47                     _rootRunUnary
  dart:async/zone.dart 1429:19                     _CustomZone.runUnary
  dart:async/future_impl.dart 948:45               Future._propagateToListeners.handleValueCallback
  dart:async/future_impl.dart 977:13               Future._propagateToListeners
  dart:async/future_impl.dart 862:9                Future._propagateToListeners
  dart:async/future_impl.dart 720:5                Future._completeWithValue
  dart:async/future_impl.dart 804:7                Future._asyncCompleteWithValue.<fn>
  dart:async/zone.dart 1525:13                     _rootRun
  dart:async/zone.dart 1422:19                     _CustomZone.run
  dart:async/zone.dart 1321:7                      _CustomZone.runGuarded
  dart:async/zone.dart 1362:23                     _CustomZone.bindCallbackGuarded.<fn>
  dart:async/schedule_microtask.dart 40:35         _microtaskLoop
  dart:async/schedule_microtask.dart 49:5          _startMicrotaskLoop
  dart:isolate-patch/isolate_patch.dart 127:13     _runPendingImmediateCallback
  dart:isolate-patch/isolate_patch.dart 194:5      _RawReceivePort._handleMessage
  
00:17 +95 -24: C:/Users/Brad/Documents/~AppProjects/TimelineBiographyApp/test/property_tests/media_embedding_support_property_test.dart: Media Embedding Support Property Tests Property: Story editor embeds photos successfully for any photo asset
00:17 +96 -24: C:/Users/Brad/Documents/~AppProjects/TimelineBiographyApp/test/property_tests/media_embedding_support_property_test.dart: Media Embedding Support Property Tests Property: Story editor embeds videos successfully for any video asset
00:17 +97 -24: C:/Users/Brad/Documents/~AppProjects/TimelineBiographyApp/test/property_tests/media_embedding_support_property_test.dart: Media Embedding Support Property Tests Property: Story editor embeds audio successfully for any audio asset
00:17 +98 -24: C:/Users/Brad/Documents/~AppProjects/TimelineBiographyApp/test/property_tests/media_embedding_support_property_test.dart: Media Embedding Support Property Tests Property: Story editor handles mixed media embedding for any combination
00:17 +99 -24: C:/Users/Brad/Documents/~AppProjects/TimelineBiographyApp/test/property_tests/merge_consent_disclosure_property_test.dart: Property 24: Merge Consent and Disclosure Explicit consent flows are required for timeline merging
00:17 +100 -24: C:/Users/Brad/Documents/~AppProjects/TimelineBiographyApp/test/property_tests/merge_consent_disclosure_property_test.dart: Property 24: Merge Consent and Disclosure Explicit consent flows are required for timeline merging
00:17 +101 -24: C:/Users/Brad/Documents/~AppProjects/TimelineBiographyApp/test/property_tests/media_embedding_support_property_test.dart: Media Embedding Support Property Tests Property: Media embedding supports captions for any media type
00:17 +102 -24: C:/Users/Brad/Documents/~AppProjects/TimelineBiographyApp/test/property_tests/media_embedding_support_property_test.dart: Media Embedding Support Property Tests Property: Media embedding supports captions for any media type
00:17 +103 -24: C:/Users/Brad/Documents/~AppProjects/TimelineBiographyApp/test/property_tests/media_embedding_support_property_test.dart: Media Embedding Support Property Tests Property: Media embedding supports captions for any media type
00:17 +104 -24: C:/Users/Brad/Documents/~AppProjects/TimelineBiographyApp/test/property_tests/merge_consent_disclosure_property_test.dart: Property 24: Merge Consent and Disclosure Merge consent templates provide proper disclosure
00:17 +105 -24: C:/Users/Brad/Documents/~AppProjects/TimelineBiographyApp/test/property_tests/merge_consent_disclosure_property_test.dart: Property 24: Merge Consent and Disclosure Granular permission control for merge operations
00:17 +106 -24: C:/Users/Brad/Documents/~AppProjects/TimelineBiographyApp/test/property_tests/merge_consent_disclosure_property_test.dart: Property 24: Merge Consent and Disclosure Audit logging tracks all consent activities
00:17 +107 -24: C:/Users/Brad/Documents/~AppProjects/TimelineBiographyApp/test/property_tests/merge_consent_disclosure_property_test.dart: Property 24: Merge Consent and Disclosure Consent preferences control default behaviors
00:17 +108 -24: C:/Users/Brad/Documents/~AppProjects/TimelineBiographyApp/test/property_tests/merge_consent_disclosure_property_test.dart: Property 24: Merge Consent and Disclosure Consent expiration and renewal work correctly
00:17 +109 -24: C:/Users/Brad/Documents/~AppProjects/TimelineBiographyApp/test/property_tests/merge_consent_disclosure_property_test.dart: Property 24: Merge Consent and Disclosure Export and delete user data works (GDPR compliance)
00:17 +110 -24: C:/Users/Brad/Documents/~AppProjects/TimelineBiographyApp/test/property_tests/merge_consent_disclosure_property_test.dart: Property 24: Merge Consent and Disclosure Statistics provide insight into consent usage
00:17 +111 -24: C:/Users/Brad/Documents/~AppProjects/TimelineBiographyApp/test/property_tests/merge_consent_disclosure_property_test.dart: Property 24: Merge Consent and Disclosure Consent validation prevents invalid operations
00:17 +112 -24: C:/Users/Brad/Documents/~AppProjects/TimelineBiographyApp/test/property_tests/offline_functionality_property_test.dart: Property 27: Offline Functionality Completeness Offline data record model works correctly
00:17 +113 -24: C:/Users/Brad/Documents/~AppProjects/TimelineBiographyApp/test/property_tests/offline_functionality_property_test.dart: Property 27: Offline Functionality Completeness Sync conflict model handles concurrent edits
00:17 +114 -24: C:/Users/Brad/Documents/~AppProjects/TimelineBiographyApp/test/property_tests/offline_functionality_property_test.dart: Property 27: Offline Functionality Completeness Sync session tracks batch operations
00:17 +115 -24: C:/Users/Brad/Documents/~AppProjects/TimelineBiographyApp/test/property_tests/offline_functionality_property_test.dart: Property 27: Offline Functionality Completeness Media cache entry manages file storage
00:17 +116 -24: C:/Users/Brad/Documents/~AppProjects/TimelineBiographyApp/test/property_tests/offline_functionality_property_test.dart: Property 27: Offline Functionality Completeness Offline storage configuration enforces limits
00:17 +117 -24: C:/Users/Brad/Documents/~AppProjects/TimelineBiographyApp/test/property_tests/offline_functionality_property_test.dart: Property 27: Offline Functionality Completeness Sync status enum values are correct
00:17 +118 -24: C:/Users/Brad/Documents/~AppProjects/TimelineBiographyApp/test/property_tests/offline_functionality_property_test.dart: Property 27: Offline Functionality Completeness Offline operation enum values are correct
00:17 +119 -24: C:/Users/Brad/Documents/~AppProjects/TimelineBiographyApp/test/property_tests/offline_functionality_property_test.dart: Property 27: Offline Functionality Completeness Conflict resolution strategies are comprehensive
00:17 +120 -24: C:/Users/Brad/Documents/~AppProjects/TimelineBiographyApp/test/property_tests/offline_functionality_property_test.dart: Property 27: Offline Functionality Completeness Data record copyWith works correctly
00:17 +121 -24: C:/Users/Brad/Documents/~AppProjects/TimelineBiographyApp/test/property_tests/offline_functionality_property_test.dart: Property 27: Offline Functionality Completeness Complex sync scenario with multiple conflicts
00:17 +122 -24: C:/Users/Brad/Documents/~AppProjects/TimelineBiographyApp/test/property_tests/offline_functionality_property_test.dart: Property 27: Offline Functionality Completeness Storage management with cache optimization
00:17 +123 -24: C:/Users/Brad/Documents/~AppProjects/TimelineBiographyApp/test/property_tests/offline_functionality_property_test.dart: Property 27: Offline Functionality Completeness Error handling and retry logic
00:17 +124 -24: C:/Users/Brad/Documents/~AppProjects/TimelineBiographyApp/test/property_tests/offline_functionality_property_test.dart: Property 27: Offline Functionality Completeness Data integrity validation
00:17 +125 -24: C:/Users/Brad/Documents/~AppProjects/TimelineBiographyApp/test/property_tests/offline_sync_minimal_test.dart: Property 28: Offline Change Synchronization Sync status enum values are correct
00:17 +126 -24: C:/Users/Brad/Documents/~AppProjects/TimelineBiographyApp/test/property_tests/offline_sync_minimal_test.dart: Property 28: Offline Change Synchronization Sync session model works correctly
00:17 +127 -24: C:/Users/Brad/Documents/~AppProjects/TimelineBiographyApp/test/property_tests/offline_sync_minimal_test.dart: Property 28: Offline Change Synchronization Offline operation enum values are correct
00:17 +128 -24: C:/Users/Brad/Documents/~AppProjects/TimelineBiographyApp/test/property_tests/offline_sync_minimal_test.dart: Property 28: Offline Change Synchronization Sync data integrity validation
00:18 +129 -24: C:/Users/Brad/Documents/~AppProjects/TimelineBiographyApp/test/property_tests/offline_sync_property_test.dart: Property 28: Offline Change Synchronization Sync engine enum works correctly
00:18 +130 -24: C:/Users/Brad/Documents/~AppProjects/TimelineBiographyApp/test/property_tests/offline_sync_property_test.dart: Property 28: Offline Change Synchronization Hybrid sync service can be instantiated
00:18 +131 -24: C:/Users/Brad/Documents/~AppProjects/TimelineBiographyApp/test/property_tests/offline_sync_property_test.dart: Property 28: Offline Change Synchronization Sync session model works correctly
00:18 +132 -24: C:/Users/Brad/Documents/~AppProjects/TimelineBiographyApp/test/property_tests/offline_sync_property_test.dart: Property 28: Offline Change Synchronization Sync status enum values are correct
00:18 +133 -24: C:/Users/Brad/Documents/~AppProjects/TimelineBiographyApp/test/property_tests/offline_sync_property_test.dart: Property 28: Offline Change Synchronization Sync session progress calculation
00:18 +134 -24: C:/Users/Brad/Documents/~AppProjects/TimelineBiographyApp/test/property_tests/offline_sync_property_test.dart: Property 28: Offline Change Synchronization Sync configuration validation
00:18 +135 -24: C:/Users/Brad/Documents/~AppProjects/TimelineBiographyApp/test/property_tests/offline_sync_property_test.dart: Property 28: Offline Change Synchronization Sync data integrity validation
test/property_tests/quick_entry_creation_property_test.da
rt:36:11: Error: No named parameter with the name 
'contextId'.
          contextId: contextId,
          ^^^^^^^^^
lib/shared/models/timeline_event.dart:52:11: Context: 
Found this candidate, but the arguments don't match.
  factory TimelineEvent.create({
          ^^^^^^
test/property_tests/quick_entry_creation_property_test.da
rt:78:11: Error: No named parameter with the name 
'contextId'.
          contextId: contextId,
          ^^^^^^^^^
lib/shared/models/timeline_event.dart:52:11: Context: 
Found this candidate, but the arguments don't match.
  factory TimelineEvent.create({
          ^^^^^^
test/property_tests/quick_entry_creation_property_test.da
rt:117:11: Error: No named parameter with the name 
'contextId'.
          contextId: contextId,
          ^^^^^^^^^
lib/shared/models/timeline_event.dart:52:11: Context: 
Found this candidate, but the arguments don't match.
  factory TimelineEvent.create({
          ^^^^^^
test/property_tests/quick_entry_creation_property_test.da
rt:128:11: Error: No named parameter with the name 
'contextId'.
          contextId: contextId,
          ^^^^^^^^^
lib/shared/models/timeline_event.dart:52:11: Context: 
Found this candidate, but the arguments don't match.
  factory TimelineEvent.create({
          ^^^^^^
test/property_tests/quick_entry_creation_property_test.da
rt:176:11: Error: No named parameter with the name 
'contextId'.
          contextId: contextId,
          ^^^^^^^^^
lib/shared/models/timeline_event.dart:52:11: Context: 
Found this candidate, but the arguments don't match.
  factory TimelineEvent.create({
          ^^^^^^
test/property_tests/quick_entry_creation_property_test.da
rt:210:11: Error: No named parameter with the name 
'contextId'.
          contextId: contextId1,
          ^^^^^^^^^
lib/shared/models/timeline_event.dart:52:11: Context: 
Found this candidate, but the arguments don't match.
  factory TimelineEvent.create({
          ^^^^^^
test/property_tests/quick_entry_creation_property_test.da
rt:220:11: Error: No named parameter with the name 
'contextId'.
          contextId: contextId2,
          ^^^^^^^^^
lib/shared/models/timeline_event.dart:52:11: Context: 
Found this candidate, but the arguments don't match.
  factory TimelineEvent.create({
          ^^^^^^
00:18 +135 -25: C:/Users/Brad/Documents/~AppProjects/TimelineBiographyApp/test/property_tests/offline_sync_property_test.dart: Property 28: Offline Change Synchronization Sync data integrity validation [E]
  Expected: true
    Actual: <false>
  
  package:matcher                                            expect
  package:flutter_test/src/widget_tester.dart 473:18         expect
  test\property_tests\offline_sync_property_test.dart 172:7  main.<fn>.<fn>
  
00:18 +135 -26: loading C:/Users/Brad/Documents/~AppProjects/TimelineBiographyApp/test/property_tests/quick_entry_creation_property_test.dart [E]
  Failed to load "C:/Users/Brad/Documents/~AppProjects/TimelineBiographyApp/test/property_tests/quick_entry_creation_property_test.dart":
  Compilation failed for testPath=C:/Users/Brad/Documents/~AppProjects/TimelineBiographyApp/test/property_tests/quick_entry_creation_property_test.dart: test/property_tests/quick_entry_creation_property_test.dart:36:11: Error: No named parameter with the name 'contextId'.
            contextId: contextId,
            ^^^^^^^^^
  lib/shared/models/timeline_event.dart:52:11: Context: Found this candidate, but the arguments don't match.
    factory TimelineEvent.create({
            ^^^^^^
  test/property_tests/quick_entry_creation_property_test.dart:78:11: Error: No named parameter with the name 'contextId'.
            contextId: contextId,
            ^^^^^^^^^
  lib/shared/models/timeline_event.dart:52:11: Context: Found this candidate, but the arguments don't match.
    factory TimelineEvent.create({
            ^^^^^^
  test/property_tests/quick_entry_creation_property_test.dart:117:11: Error: No named parameter with the name 'contextId'.
            contextId: contextId,
            ^^^^^^^^^
  lib/shared/models/timeline_event.dart:52:11: Context: Found this candidate, but the arguments don't match.
    factory TimelineEvent.create({
            ^^^^^^
  test/property_tests/quick_entry_creation_property_test.dart:128:11: Error: No named parameter with the name 'contextId'.
            contextId: contextId,
            ^^^^^^^^^
  lib/shared/models/timeline_event.dart:52:11: Context: Found this candidate, but the arguments don't match.
    factory TimelineEvent.create({
            ^^^^^^
  test/property_tests/quick_entry_creation_property_test.dart:176:11: Error: No named parameter with the name 'contextId'.
            contextId: contextId,
            ^^^^^^^^^
  lib/shared/models/timeline_event.dart:52:11: Context: Found this candidate, but the arguments don't match.
    factory TimelineEvent.create({
            ^^^^^^
  test/property_tests/quick_entry_creation_property_test.dart:210:11: Error: No named parameter with the name 'contextId'.
            contextId: contextId1,
            ^^^^^^^^^
  lib/shared/models/timeline_event.dart:52:11: Context: Found this candidate, but the arguments don't match.
    factory TimelineEvent.create({
            ^^^^^^
  test/property_tests/quick_entry_creation_property_test.dart:220:11: Error: No named parameter with the name 'contextId'.
            contextId: contextId2,
            ^^^^^^^^^
  lib/shared/models/timeline_event.dart:52:11: Context: Found this candidate, but the arguments don't match.
    factory TimelineEvent.create({
            ^^^^^^
  .
00:18 +135 -26: loading C:/Users/Brad/Documents/~AppProjects/TimelineBiographyApp/test/integration/context_service_integration_test.dart [E]
  Error: The Dart compiler exited unexpectedly.
  package:flutter_tools/src/base/common.dart 34:3  throwToolExit
  package:flutter_tools/src/compile.dart 911:11    DefaultResidentCompiler._compile.<fn>
  dart:async/zone.dart 1538:47                     _rootRunUnary
  dart:async/zone.dart 1429:19                     _CustomZone.runUnary
  dart:async/future_impl.dart 948:45               Future._propagateToListeners.handleValueCallback
  dart:async/future_impl.dart 977:13               Future._propagateToListeners
  dart:async/future_impl.dart 862:9                Future._propagateToListeners
  dart:async/future_impl.dart 720:5                Future._completeWithValue
  dart:async/future_impl.dart 804:7                Future._asyncCompleteWithValue.<fn>
  dart:async/zone.dart 1525:13                     _rootRun
  dart:async/zone.dart 1422:19                     _CustomZone.run
  dart:async/zone.dart 1321:7                      _CustomZone.runGuarded
  dart:async/zone.dart 1362:23                     _CustomZone.bindCallbackGuarded.<fn>
  dart:async/schedule_microtask.dart 40:35         _microtaskLoop
  dart:async/schedule_microtask.dart 49:5          _startMicrotaskLoop
  dart:isolate-patch/isolate_patch.dart 127:13     _runPendingImmediateCallback
  dart:isolate-patch/isolate_patch.dart 194:5      _RawReceivePort._handleMessage
  
00:18 +135 -26: C:/Users/Brad/Documents/~AppProjects/TimelineBiographyApp/test/property_tests/privacy_control_availability_property_test.dart: Property 22: Privacy Control Availability Event-level privacy settings are available for all levels
00:18 +136 -26: C:/Users/Brad/Documents/~AppProjects/TimelineBiographyApp/test/property_tests/privacy_control_availability_property_test.dart: Property 22: Privacy Control Availability Privacy settings can be created for new users
00:18 +137 -26: C:/Users/Brad/Documents/~AppProjects/TimelineBiographyApp/test/property_tests/privacy_control_availability_property_test.dart: Property 22: Privacy Control Availability Privacy settings can be updated
00:18 +138 -26: C:/Users/Brad/Documents/~AppProjects/TimelineBiographyApp/test/property_tests/privacy_control_availability_property_test.dart: Property 22: Privacy Control Availability Default privacy levels are applied correctly
00:18 +139 -26: C:/Users/Brad/Documents/~AppProjects/TimelineBiographyApp/test/property_tests/privacy_control_availability_property_test.dart: Property 22: Privacy Control Availability Private level restricts access appropriately
00:18 +140 -26: C:/Users/Brad/Documents/~AppProjects/TimelineBiographyApp/test/property_tests/privacy_control_availability_property_test.dart: Property 22: Privacy Control Availability Public level allows universal access
00:18 +141 -26: C:/Users/Brad/Documents/~AppProjects/TimelineBiographyApp/test/property_tests/privacy_control_availability_property_test.dart: Property 22: Privacy Control Availability Privacy settings persist across service operations
00:18 +142 -26: C:/Users/Brad/Documents/~AppProjects/TimelineBiographyApp/test/property_tests/privacy_control_availability_property_test.dart: Property 22: Privacy Control Availability Privacy controls work for events
00:18 +143 -26: C:/Users/Brad/Documents/~AppProjects/TimelineBiographyApp/test/property_tests/privacy_control_availability_property_test.dart: Property 22: Privacy Control Availability Privacy controls work for contexts
00:18 +144 -26: C:/Users/Brad/Documents/~AppProjects/TimelineBiographyApp/test/property_tests/privacy_control_availability_property_test.dart: Property 22: Privacy Control Availability Privacy level enum has all required values
00:18 +145 -26: C:/Users/Brad/Documents/~AppProjects/TimelineBiographyApp/test/property_tests/privacy_control_availability_property_test.dart: Property 22: Privacy Control Availability Settings stream emits updates
00:18 +146 -26: C:/Users/Brad/Documents/~AppProjects/TimelineBiographyApp/test/property_tests/privacy_control_availability_property_test.dart: Property 22: Privacy Control Availability Relationship overrides take precedence over default level
test/property_tests/quick_entry_visual_distinction_proper
ty_test.dart:34:11: Error: No named parameter with the 
name 'contextId'.
          contextId: contextId,
          ^^^^^^^^^
lib/shared/models/timeline_event.dart:52:11: Context: 
Found this candidate, but the arguments don't match.
  factory TimelineEvent.create({
          ^^^^^^
test/property_tests/quick_entry_visual_distinction_proper
ty_test.dart:46:11: Error: No named parameter with the 
name 'contextId'.
          contextId: contextId,
          ^^^^^^^^^
lib/shared/models/timeline_event.dart:52:11: Context: 
Found this candidate, but the arguments don't match.
  factory TimelineEvent.create({
          ^^^^^^
test/property_tests/quick_entry_visual_distinction_proper
ty_test.dart:103:11: Error: No named parameter with the 
name 'contextId'.
          contextId: contextId,
          ^^^^^^^^^
lib/shared/models/timeline_event.dart:52:11: Context: 
Found this candidate, but the arguments don't match.
  factory TimelineEvent.create({
          ^^^^^^
test/property_tests/quick_entry_visual_distinction_proper
ty_test.dart:154:13: Error: No named parameter with the 
name 'contextId'.
            contextId: contextId,
            ^^^^^^^^^
lib/shared/models/timeline_event.dart:52:11: Context: 
Found this candidate, but the arguments don't match.
  factory TimelineEvent.create({
          ^^^^^^
test/property_tests/quick_entry_visual_distinction_proper
ty_test.dart:164:13: Error: No named parameter with the 
name 'contextId'.
            contextId: contextId,
            ^^^^^^^^^
lib/shared/models/timeline_event.dart:52:11: Context: 
Found this candidate, but the arguments don't match.
  factory TimelineEvent.create({
          ^^^^^^
test/property_tests/quick_entry_visual_distinction_proper
ty_test.dart:210:11: Error: No named parameter with the 
name 'contextId'.
          contextId: contextId,
          ^^^^^^^^^
lib/shared/models/timeline_event.dart:52:11: Context: 
Found this candidate, but the arguments don't match.
  factory TimelineEvent.create({
          ^^^^^^
test/property_tests/quick_entry_visual_distinction_proper
ty_test.dart:264:11: Error: No named parameter with the 
name 'contextId'.
          contextId: contextId,
          ^^^^^^^^^
lib/shared/models/timeline_event.dart:52:11: Context: 
Found this candidate, but the arguments don't match.
  factory TimelineEvent.create({
          ^^^^^^
00:19 +147 -27: loading C:/Users/Brad/Documents/~AppProjects/TimelineBiographyApp/test/property_tests/quick_entry_visual_distinction_property_test.dart [E]
  Failed to load "C:/Users/Brad/Documents/~AppProjects/TimelineBiographyApp/test/property_tests/quick_entry_visual_distinction_property_test.dart":
  Compilation failed for testPath=C:/Users/Brad/Documents/~AppProjects/TimelineBiographyApp/test/property_tests/quick_entry_visual_distinction_property_test.dart: test/property_tests/quick_entry_visual_distinction_property_test.dart:34:11: Error: No named parameter with the name 'contextId'.
            contextId: contextId,
            ^^^^^^^^^
  lib/shared/models/timeline_event.dart:52:11: Context: Found this candidate, but the arguments don't match.
    factory TimelineEvent.create({
            ^^^^^^
  test/property_tests/quick_entry_visual_distinction_property_test.dart:46:11: Error: No named parameter with the name 'contextId'.
            contextId: contextId,
            ^^^^^^^^^
  lib/shared/models/timeline_event.dart:52:11: Context: Found this candidate, but the arguments don't match.
    factory TimelineEvent.create({
            ^^^^^^
  test/property_tests/quick_entry_visual_distinction_property_test.dart:103:11: Error: No named parameter with the name 'contextId'.
            contextId: contextId,
            ^^^^^^^^^
  lib/shared/models/timeline_event.dart:52:11: Context: Found this candidate, but the arguments don't match.
    factory TimelineEvent.create({
            ^^^^^^
  test/property_tests/quick_entry_visual_distinction_property_test.dart:154:13: Error: No named parameter with the name 'contextId'.
              contextId: contextId,
              ^^^^^^^^^
  lib/shared/models/timeline_event.dart:52:11: Context: Found this candidate, but the arguments don't match.
    factory TimelineEvent.create({
            ^^^^^^
  test/property_tests/quick_entry_visual_distinction_property_test.dart:164:13: Error: No named parameter with the name 'contextId'.
              contextId: contextId,
              ^^^^^^^^^
  lib/shared/models/timeline_event.dart:52:11: Context: Found this candidate, but the arguments don't match.
    factory TimelineEvent.create({
            ^^^^^^
  test/property_tests/quick_entry_visual_distinction_property_test.dart:210:11: Error: No named parameter with the name 'contextId'.
            contextId: contextId,
            ^^^^^^^^^
  lib/shared/models/timeline_event.dart:52:11: Context: Found this candidate, but the arguments don't match.
    factory TimelineEvent.create({
            ^^^^^^
  test/property_tests/quick_entry_visual_distinction_property_test.dart:264:11: Error: No named parameter with the name 'contextId'.
            contextId: contextId,
            ^^^^^^^^^
  lib/shared/models/timeline_event.dart:52:11: Context: Found this candidate, but the arguments don't match.
    factory TimelineEvent.create({
            ^^^^^^
  .
00:19 +147 -27: loading C:/Users/Brad/Documents/~AppProjects/TimelineBiographyApp/test/integration/context_service_integration_test.dart [E]
  Error: The Dart compiler exited unexpectedly.
  package:flutter_tools/src/base/common.dart 34:3  throwToolExit
  package:flutter_tools/src/compile.dart 911:11    DefaultResidentCompiler._compile.<fn>
  dart:async/zone.dart 1538:47                     _rootRunUnary
  dart:async/zone.dart 1429:19                     _CustomZone.runUnary
  dart:async/future_impl.dart 948:45               Future._propagateToListeners.handleValueCallback
  dart:async/future_impl.dart 977:13               Future._propagateToListeners
  dart:async/future_impl.dart 862:9                Future._propagateToListeners
  dart:async/future_impl.dart 720:5                Future._completeWithValue
  dart:async/future_impl.dart 804:7                Future._asyncCompleteWithValue.<fn>
  dart:async/zone.dart 1525:13                     _rootRun
  dart:async/zone.dart 1422:19                     _CustomZone.run
  dart:async/zone.dart 1321:7                      _CustomZone.runGuarded
  dart:async/zone.dart 1362:23                     _CustomZone.bindCallbackGuarded.<fn>
  dart:async/schedule_microtask.dart 40:35         _microtaskLoop
  dart:async/schedule_microtask.dart 49:5          _startMicrotaskLoop
  dart:isolate-patch/isolate_patch.dart 127:13     _runPendingImmediateCallback
  dart:isolate-patch/isolate_patch.dart 194:5      _RawReceivePort._handleMessage
  
test/property_tests/responsive_layout_property_test.dart:
115:24: Error: The getter 'child' isn't defined for the 
type 'Widget'.
 - 'Widget' is from 
'package:flutter/src/widgets/framework.dart' ('/C:/flutte
r/packages/flutter/lib/src/widgets/framework.dart').
Try correcting the name to the name of an existing 
getter, or defining a getter or field named 'child'.
      expect(container.child, isNotNull);
                       ^^^^^
lib/shared/design_system/adaptive_navigation.dart:168:7: 
Error: No named parameter with the name 'width'.
      width: widget.navigationRailWidth,
      ^^^^^
/C:/flutter/packages/flutter/lib/src/material/navigation_
rail.dart:91:9: Context: Found this candidate, but the 
arguments don't match.
  const NavigationRail({
        ^^^^^^^^^^^^^^
lib/shared/design_system/adaptive_navigation.dart:412:47:
 Error: The getter 'context' isn't defined for the type 
'BreadcrumbNavigation'.
 - 'BreadcrumbNavigation' is from 
'lib/shared/design_system/adaptive_navigation.dart'.
Try correcting the name to the name of an existing 
getter, or defining a getter or field named 'context'.
            color: separatorColor ?? 
Theme.of(context).colorScheme.onSurfaceVariant,
                                              ^^^^^^^
lib/shared/design_system/adaptive_navigation.dart:421:46:
 Error: The getter 'context' isn't defined for the type 
'BreadcrumbNavigation'.
 - 'BreadcrumbNavigation' is from 
'lib/shared/design_system/adaptive_navigation.dart'.
Try correcting the name to the name of an existing 
getter, or defining a getter or field named 'context'.
            style: lastItemStyle ?? 
Theme.of(context).textTheme.bodyMedium?.copyWith(
                                             ^^^^^^^
lib/shared/design_system/adaptive_navigation.dart:422:31:
 Error: The getter 'context' isn't defined for the type 
'BreadcrumbNavigation'.
 - 'BreadcrumbNavigation' is from 
'lib/shared/design_system/adaptive_navigation.dart'.
Try correcting the name to the name of an existing 
getter, or defining a getter or field named 'context'.
              color: 
Theme.of(context).colorScheme.onSurface,
                              ^^^^^^^
lib/shared/design_system/adaptive_navigation.dart:434:44:
 Error: The getter 'context' isn't defined for the type 
'BreadcrumbNavigation'.
 - 'BreadcrumbNavigation' is from 
'lib/shared/design_system/adaptive_navigation.dart'.
Try correcting the name to the name of an existing 
getter, or defining a getter or field named 'context'.
              style: itemStyle ?? 
Theme.of(context).textTheme.bodyMedium?.copyWith(
                                           ^^^^^^^
lib/shared/design_system/adaptive_navigation.dart:435:33:
 Error: The getter 'context' isn't defined for the type 
'BreadcrumbNavigation'.
 - 'BreadcrumbNavigation' is from 
'lib/shared/design_system/adaptive_navigation.dart'.
Try correcting the name to the name of an existing 
getter, or defining a getter or field named 'context'.
                color: 
Theme.of(context).colorScheme.primary,
                                ^^^^^^^
lib/shared/design_system/adaptive_navigation.dart:500:50:
 Error: The getter 'context' isn't defined for the type 
'QuickActions'.
 - 'QuickActions' is from 
'lib/shared/design_system/adaptive_navigation.dart'.
Try correcting the name to the name of an existing 
getter, or defining a getter or field named 'context'.
      widgets.add(_buildActionButton(actions[i], 
context));
                                                 ^^^^^^^
lib/shared/design_system/adaptive_navigation.dart:539:30:
 Error: The method 'read' isn't defined for the type 
'BuildContext'.
 - 'BuildContext' is from 
'package:flutter/src/widgets/framework.dart' ('/C:/flutte
r/packages/flutter/lib/src/widgets/framework.dart').
Try correcting the name to the name of an existing 
method, or defining a method named 'read'.
  int get navigationIndex => 
read(navigationIndexProvider);
                             ^^^^
lib/shared/design_system/adaptive_navigation.dart:542:44:
 Error: The method 'read' isn't defined for the type 
'BuildContext'.
 - 'BuildContext' is from 
'package:flutter/src/widgets/framework.dart' ('/C:/flutte
r/packages/flutter/lib/src/widgets/framework.dart').
Try correcting the name to the name of an existing 
method, or defining a method named 'read'.
  void updateNavigationIndex(int index) => 
read(navigationIndexProvider.notifier).state = index;
                                           ^^^^
00:20 +147 -28: loading C:/Users/Brad/Documents/~AppProjects/TimelineBiographyApp/test/property_tests/responsive_layout_property_test.dart [E]
  Failed to load "C:/Users/Brad/Documents/~AppProjects/TimelineBiographyApp/test/property_tests/responsive_layout_property_test.dart":
  Compilation failed for testPath=C:/Users/Brad/Documents/~AppProjects/TimelineBiographyApp/test/property_tests/responsive_layout_property_test.dart: test/property_tests/responsive_layout_property_test.dart:115:24: Error: The getter 'child' isn't defined for the type 'Widget'.
   - 'Widget' is from 'package:flutter/src/widgets/framework.dart' ('/C:/flutter/packages/flutter/lib/src/widgets/framework.dart').
  Try correcting the name to the name of an existing getter, or defining a getter or field named 'child'.
        expect(container.child, isNotNull);
                         ^^^^^
  lib/shared/design_system/adaptive_navigation.dart:168:7: Error: No named parameter with the name 'width'.
        width: widget.navigationRailWidth,
        ^^^^^
  /C:/flutter/packages/flutter/lib/src/material/navigation_rail.dart:91:9: Context: Found this candidate, but the arguments don't match.
    const NavigationRail({
          ^^^^^^^^^^^^^^
  lib/shared/design_system/adaptive_navigation.dart:412:47: Error: The getter 'context' isn't defined for the type 'BreadcrumbNavigation'.
   - 'BreadcrumbNavigation' is from 'lib/shared/design_system/adaptive_navigation.dart'.
  Try correcting the name to the name of an existing getter, or defining a getter or field named 'context'.
              color: separatorColor ?? Theme.of(context).colorScheme.onSurfaceVariant,
                                                ^^^^^^^
  lib/shared/design_system/adaptive_navigation.dart:421:46: Error: The getter 'context' isn't defined for the type 'BreadcrumbNavigation'.
   - 'BreadcrumbNavigation' is from 'lib/shared/design_system/adaptive_navigation.dart'.
  Try correcting the name to the name of an existing getter, or defining a getter or field named 'context'.
              style: lastItemStyle ?? Theme.of(context).textTheme.bodyMedium?.copyWith(
                                               ^^^^^^^
  lib/shared/design_system/adaptive_navigation.dart:422:31: Error: The getter 'context' isn't defined for the type 'BreadcrumbNavigation'.
   - 'BreadcrumbNavigation' is from 'lib/shared/design_system/adaptive_navigation.dart'.
  Try correcting the name to the name of an existing getter, or defining a getter or field named 'context'.
                color: Theme.of(context).colorScheme.onSurface,
                                ^^^^^^^
  lib/shared/design_system/adaptive_navigation.dart:434:44: Error: The getter 'context' isn't defined for the type 'BreadcrumbNavigation'.
   - 'BreadcrumbNavigation' is from 'lib/shared/design_system/adaptive_navigation.dart'.
  Try correcting the name to the name of an existing getter, or defining a getter or field named 'context'.
                style: itemStyle ?? Theme.of(context).textTheme.bodyMedium?.copyWith(
                                             ^^^^^^^
  lib/shared/design_system/adaptive_navigation.dart:435:33: Error: The getter 'context' isn't defined for the type 'BreadcrumbNavigation'.
   - 'BreadcrumbNavigation' is from 'lib/shared/design_system/adaptive_navigation.dart'.
  Try correcting the name to the name of an existing getter, or defining a getter or field named 'context'.
                  color: Theme.of(context).colorScheme.primary,
                                  ^^^^^^^
  lib/shared/design_system/adaptive_navigation.dart:500:50: Error: The getter 'context' isn't defined for the type 'QuickActions'.
   - 'QuickActions' is from 'lib/shared/design_system/adaptive_navigation.dart'.
  Try correcting the name to the name of an existing getter, or defining a getter or field named 'context'.
        widgets.add(_buildActionButton(actions[i], context));
                                                   ^^^^^^^
  lib/shared/design_system/adaptive_navigation.dart:539:30: Error: The method 'read' isn't defined for the type 'BuildContext'.
   - 'BuildContext' is from 'package:flutter/src/widgets/framework.dart' ('/C:/flutter/packages/flutter/lib/src/widgets/framework.dart').
  Try correcting the name to the name of an existing method, or defining a method named 'read'.
    int get navigationIndex => read(navigationIndexProvider);
                               ^^^^
  lib/shared/design_system/adaptive_navigation.dart:542:44: Error: The method 'read' isn't defined for the type 'BuildContext'.
   - 'BuildContext' is from 'package:flutter/src/widgets/framework.dart' ('/C:/flutter/packages/flutter/lib/src/widgets/framework.dart').
  Try correcting the name to the name of an existing method, or defining a method named 'read'.
    void updateNavigationIndex(int index) => read(navigationIndexProvider.notifier).state = index;
                                             ^^^^
  .
00:20 +147 -28: loading C:/Users/Brad/Documents/~AppProjects/TimelineBiographyApp/test/integration/context_service_integration_test.dart [E]
  Error: The Dart compiler exited unexpectedly.
  package:flutter_tools/src/base/common.dart 34:3  throwToolExit
  package:flutter_tools/src/compile.dart 911:11    DefaultResidentCompiler._compile.<fn>
  dart:async/zone.dart 1538:47                     _rootRunUnary
  dart:async/zone.dart 1429:19                     _CustomZone.runUnary
  dart:async/future_impl.dart 948:45               Future._propagateToListeners.handleValueCallback
  dart:async/future_impl.dart 977:13               Future._propagateToListeners
  dart:async/future_impl.dart 862:9                Future._propagateToListeners
  dart:async/future_impl.dart 720:5                Future._completeWithValue
  dart:async/future_impl.dart 804:7                Future._asyncCompleteWithValue.<fn>
  dart:async/zone.dart 1525:13                     _rootRun
  dart:async/zone.dart 1422:19                     _CustomZone.run
  dart:async/zone.dart 1321:7                      _CustomZone.runGuarded
  dart:async/zone.dart 1362:23                     _CustomZone.bindCallbackGuarded.<fn>
  dart:async/schedule_microtask.dart 40:35         _microtaskLoop
  dart:async/schedule_microtask.dart 49:5          _startMicrotaskLoop
  dart:isolate-patch/isolate_patch.dart 127:13     _runPendingImmediateCallback
  dart:isolate-patch/isolate_patch.dart 194:5      _RawReceivePort._handleMessage
  
00:20 +147 -28: C:/Users/Brad/Documents/~AppProjects/TimelineBiographyApp/test/property_tests/relationship_termination_property_test.dart: Property 19: Relationship Termination Relationship termination with archive option preserves content but removes access
Result type: ContentManagementResult
Result value: ContentManagementResult(62ca640b-595a-4fdc-b35e-0a780aa976ff, e72c1d6a-ee1e-4e11-b1d0-999c065f84c2, RelationshipTerminationOption.archive, {user1_1765863795467_397dd2b4-2557-46cb-afcd-49a80369ebea: [], user2_1765863795467_397dd2b4-2557-46cb-afcd-49a80369ebea: []}, {user1_1765863795467_397dd2b4-2557-46cb-afcd-49a80369ebea: [], user2_1765863795467_397dd2b4-2557-46cb-afcd-49a80369ebea: []}, 2025-12-16 15:43:15.474798, true, null)
Result == null: false
00:20 +148 -28: C:/Users/Brad/Documents/~AppProjects/TimelineBiographyApp/test/property_tests/relationship_termination_property_test.dart: Property 19: Relationship Termination Relationship termination with redact option removes sensitive content
00:20 +149 -28: C:/Users/Brad/Documents/~AppProjects/TimelineBiographyApp/test/property_tests/relationship_termination_property_test.dart: Property 19: Relationship Termination Relationship termination with bifurcate option creates separate timelines
00:20 +150 -28: C:/Users/Brad/Documents/~AppProjects/TimelineBiographyApp/test/property_tests/relationship_termination_property_test.dart: Property 19: Relationship Termination Relationship termination with delete option permanently removes content
test/property_tests/rich_editor_feature_completeness_prop
erty_test.dart:43:42: Error: The method 
'convertBlocksToQuill' isn't defined for the type 
'StoryEditorService'.
 - 'StoryEditorService' is from 'lib/features/stories/ser
vices/story_editor_service.dart'.
Try correcting the name to the name of an existing 
method, or defining a method named 
'convertBlocksToQuill'.
        final controller = 
editorService.convertBlocksToQuill(story.blocks);
                                         
^^^^^^^^^^^^^^^^^^^^
test/property_tests/rich_editor_feature_completeness_prop
erty_test.dart:50:47: Error: The method 
'convertQuillToBlocks' isn't defined for the type 
'StoryEditorService'.
 - 'StoryEditorService' is from 'lib/features/stories/ser
vices/story_editor_service.dart'.
Try correcting the name to the name of an existing 
method, or defining a method named 
'convertQuillToBlocks'.
        final convertedBlocks = 
editorService.convertQuillToBlocks(controller);
                                              
^^^^^^^^^^^^^^^^^^^^
test/property_tests/rich_editor_feature_completeness_prop
erty_test.dart:84:25: Error: The method 'insertMedia' 
isn't defined for the type 'StoryEditorService'.
 - 'StoryEditorService' is from 'lib/features/stories/ser
vices/story_editor_service.dart'.
Try correcting the name to the name of an existing 
method, or defining a method named 'insertMedia'.
          editorService.insertMedia(controller, 
mediaAsset);
                        ^^^^^^^^^^^
test/property_tests/rich_editor_feature_completeness_prop
erty_test.dart:101:42: Error: The method 
'convertBlocksToQuill' isn't defined for the type 
'StoryEditorService'.
 - 'StoryEditorService' is from 'lib/features/stories/ser
vices/story_editor_service.dart'.
Try correcting the name to the name of an existing 
method, or defining a method named 
'convertBlocksToQuill'.
        final controller = 
editorService.convertBlocksToQuill(story.blocks);
                                         
^^^^^^^^^^^^^^^^^^^^
test/property_tests/rich_editor_feature_completeness_prop
erty_test.dart:102:47: Error: The method 
'convertQuillToBlocks' isn't defined for the type 
'StoryEditorService'.
 - 'StoryEditorService' is from 'lib/features/stories/ser
vices/story_editor_service.dart'.
Try correcting the name to the name of an existing 
method, or defining a method named 
'convertQuillToBlocks'.
        final convertedBlocks = 
editorService.convertQuillToBlocks(controller);
                                              
^^^^^^^^^^^^^^^^^^^^
test/property_tests/rich_editor_feature_completeness_prop
erty_test.dart:129:44: Error: The method 
'convertBlocksToQuill' isn't defined for the type 
'StoryEditorService'.
 - 'StoryEditorService' is from 'lib/features/stories/ser
vices/story_editor_service.dart'.
Try correcting the name to the name of an existing 
method, or defining a method named 
'convertBlocksToQuill'.
          final controller = 
editorService.convertBlocksToQuill(currentBlocks);
                                           
^^^^^^^^^^^^^^^^^^^^
test/property_tests/rich_editor_feature_completeness_prop
erty_test.dart:130:41: Error: The method 
'convertQuillToBlocks' isn't defined for the type 
'StoryEditorService'.
 - 'StoryEditorService' is from 'lib/features/stories/ser
vices/story_editor_service.dart'.
Try correcting the name to the name of an existing 
method, or defining a method named 
'convertQuillToBlocks'.
          currentBlocks = 
editorService.convertQuillToBlocks(controller);
                                        
^^^^^^^^^^^^^^^^^^^^
00:23 +151 -29: loading C:/Users/Brad/Documents/~AppProjects/TimelineBiographyApp/test/property_tests/rich_editor_feature_completeness_property_test.dart [E]
  Failed to load "C:/Users/Brad/Documents/~AppProjects/TimelineBiographyApp/test/property_tests/rich_editor_feature_completeness_property_test.dart":
  Compilation failed for testPath=C:/Users/Brad/Documents/~AppProjects/TimelineBiographyApp/test/property_tests/rich_editor_feature_completeness_property_test.dart: test/property_tests/rich_editor_feature_completeness_property_test.dart:43:42: Error: The method 'convertBlocksToQuill' isn't defined for the type 'StoryEditorService'.
   - 'StoryEditorService' is from 'lib/features/stories/services/story_editor_service.dart'.
  Try correcting the name to the name of an existing method, or defining a method named 'convertBlocksToQuill'.
          final controller = editorService.convertBlocksToQuill(story.blocks);
                                           ^^^^^^^^^^^^^^^^^^^^
  test/property_tests/rich_editor_feature_completeness_property_test.dart:50:47: Error: The method 'convertQuillToBlocks' isn't defined for the type 'StoryEditorService'.
   - 'StoryEditorService' is from 'lib/features/stories/services/story_editor_service.dart'.
  Try correcting the name to the name of an existing method, or defining a method named 'convertQuillToBlocks'.
          final convertedBlocks = editorService.convertQuillToBlocks(controller);
                                                ^^^^^^^^^^^^^^^^^^^^
  test/property_tests/rich_editor_feature_completeness_property_test.dart:84:25: Error: The method 'insertMedia' isn't defined for the type 'StoryEditorService'.
   - 'StoryEditorService' is from 'lib/features/stories/services/story_editor_service.dart'.
  Try correcting the name to the name of an existing method, or defining a method named 'insertMedia'.
            editorService.insertMedia(controller, mediaAsset);
                          ^^^^^^^^^^^
  test/property_tests/rich_editor_feature_completeness_property_test.dart:101:42: Error: The method 'convertBlocksToQuill' isn't defined for the type 'StoryEditorService'.
   - 'StoryEditorService' is from 'lib/features/stories/services/story_editor_service.dart'.
  Try correcting the name to the name of an existing method, or defining a method named 'convertBlocksToQuill'.
          final controller = editorService.convertBlocksToQuill(story.blocks);
                                           ^^^^^^^^^^^^^^^^^^^^
  test/property_tests/rich_editor_feature_completeness_property_test.dart:102:47: Error: The method 'convertQuillToBlocks' isn't defined for the type 'StoryEditorService'.
   - 'StoryEditorService' is from 'lib/features/stories/services/story_editor_service.dart'.
  Try correcting the name to the name of an existing method, or defining a method named 'convertQuillToBlocks'.
          final convertedBlocks = editorService.convertQuillToBlocks(controller);
                                                ^^^^^^^^^^^^^^^^^^^^
  test/property_tests/rich_editor_feature_completeness_property_test.dart:129:44: Error: The method 'convertBlocksToQuill' isn't defined for the type 'StoryEditorService'.
   - 'StoryEditorService' is from 'lib/features/stories/services/story_editor_service.dart'.
  Try correcting the name to the name of an existing method, or defining a method named 'convertBlocksToQuill'.
            final controller = editorService.convertBlocksToQuill(currentBlocks);
                                             ^^^^^^^^^^^^^^^^^^^^
  test/property_tests/rich_editor_feature_completeness_property_test.dart:130:41: Error: The method 'convertQuillToBlocks' isn't defined for the type 'StoryEditorService'.
   - 'StoryEditorService' is from 'lib/features/stories/services/story_editor_service.dart'.
  Try correcting the name to the name of an existing method, or defining a method named 'convertQuillToBlocks'.
            currentBlocks = editorService.convertQuillToBlocks(controller);
                                          ^^^^^^^^^^^^^^^^^^^^
  .
00:23 +151 -29: loading C:/Users/Brad/Documents/~AppProjects/TimelineBiographyApp/test/integration/context_service_integration_test.dart [E]
  Error: The Dart compiler exited unexpectedly.
  package:flutter_tools/src/base/common.dart 34:3  throwToolExit
  package:flutter_tools/src/compile.dart 911:11    DefaultResidentCompiler._compile.<fn>
  dart:async/zone.dart 1538:47                     _rootRunUnary
  dart:async/zone.dart 1429:19                     _CustomZone.runUnary
  dart:async/future_impl.dart 948:45               Future._propagateToListeners.handleValueCallback
  dart:async/future_impl.dart 977:13               Future._propagateToListeners
  dart:async/future_impl.dart 862:9                Future._propagateToListeners
  dart:async/future_impl.dart 720:5                Future._completeWithValue
  dart:async/future_impl.dart 804:7                Future._asyncCompleteWithValue.<fn>
  dart:async/zone.dart 1525:13                     _rootRun
  dart:async/zone.dart 1422:19                     _CustomZone.run
  dart:async/zone.dart 1321:7                      _CustomZone.runGuarded
  dart:async/zone.dart 1362:23                     _CustomZone.bindCallbackGuarded.<fn>
  dart:async/schedule_microtask.dart 40:35         _microtaskLoop
  dart:async/schedule_microtask.dart 49:5          _startMicrotaskLoop
  dart:isolate-patch/isolate_patch.dart 127:13     _runPendingImmediateCallback
  dart:isolate-patch/isolate_patch.dart 194:5      _RawReceivePort._handleMessage
  
test/property_tests/river_visualization_property_test.dar
t:41:27: Error: This expression has type 'void' and 
can't be used.
      await riverRenderer.initialize(renderConfig);
                          ^
test/property_tests/river_visualization_property_test.dar
t:42:27: Error: This expression has type 'void' and 
can't be used.
      await riverRenderer.updateData(renderData);
                          ^
test/property_tests/river_visualization_property_test.dar
t:61:27: Error: This expression has type 'void' and 
can't be used.
      await riverRenderer.initialize(renderConfig);
                          ^
test/property_tests/river_visualization_property_test.dar
t:62:27: Error: This expression has type 'void' and 
can't be used.
      await riverRenderer.updateData(renderData);
                          ^
test/property_tests/river_visualization_property_test.dar
t:81:27: Error: This expression has type 'void' and 
can't be used.
      await riverRenderer.initialize(renderConfig);
                          ^
test/property_tests/river_visualization_property_test.dar
t:82:27: Error: This expression has type 'void' and 
can't be used.
      await riverRenderer.updateData(renderData);
                          ^
test/property_tests/river_visualization_property_test.dar
t:101:27: Error: This expression has type 'void' and 
can't be used.
      await 
riverRenderer.initialize(configWithMultipleUsers);
                          ^
test/property_tests/river_visualization_property_test.dar
t:102:27: Error: This expression has type 'void' and 
can't be used.
      await riverRenderer.updateData(renderData);
                          ^
test/property_tests/river_visualization_property_test.dar
t:116:27: Error: This expression has type 'void' and 
can't be used.
      await riverRenderer.initialize(renderConfig);
                          ^
test/property_tests/river_visualization_property_test.dar
t:117:27: Error: This expression has type 'void' and 
can't be used.
      await riverRenderer.updateData(renderData);
                          ^
test/property_tests/river_visualization_property_test.dar
t:129:29: Error: This expression has type 'void' and 
can't be used.
        await riverRenderer.updateConfig(config);
                            ^
test/property_tests/river_visualization_property_test.dar
t:144:27: Error: This expression has type 'void' and 
can't be used.
      await riverRenderer.initialize(renderConfig);
                          ^
test/property_tests/river_visualization_property_test.dar
t:145:27: Error: This expression has type 'void' and 
can't be used.
      await riverRenderer.updateData(largeRenderData);
                          ^
test/property_tests/river_visualization_property_test.dar
t:159:27: Error: This expression has type 'void' and 
can't be used.
      await riverRenderer.initialize(renderConfig);
                          ^
test/property_tests/river_visualization_property_test.dar
t:160:27: Error: This expression has type 'void' and 
can't be used.
      await riverRenderer.updateData(renderData);
                          ^
test/property_tests/river_visualization_property_test.dar
t:182:27: Error: This expression has type 'void' and 
can't be used.
      await riverRenderer.initialize(renderConfig);
                          ^
test/property_tests/river_visualization_property_test.dar
t:183:27: Error: This expression has type 'void' and 
can't be used.
      await riverRenderer.updateData(renderData);
                          ^
test/property_tests/river_visualization_property_test.dar
t:208:27: Error: This expression has type 'void' and 
can't be used.
      await riverRenderer.initialize(renderConfig);
                          ^
test/property_tests/river_visualization_property_test.dar
t:209:27: Error: This expression has type 'void' and 
can't be used.
      await riverRenderer.updateData(emptyData);
                          ^
test/property_tests/river_visualization_property_test.dar
t:222:27: Error: This expression has type 'void' and 
can't be used.
      await riverRenderer.initialize(renderConfig);
                          ^
test/property_tests/river_visualization_property_test.dar
t:223:27: Error: This expression has type 'void' and 
can't be used.
      await riverRenderer.updateData(renderData);
                          ^
test/property_tests/river_visualization_property_test.dar
t:237:27: Error: This expression has type 'void' and 
can't be used.
      await riverRenderer.initialize(renderConfig);
                          ^
test/property_tests/river_visualization_property_test.dar
t:238:27: Error: This expression has type 'void' and 
can't be used.
      await riverRenderer.updateData(renderData);
                          ^
test/property_tests/river_visualization_property_test.dar
t:245:27: Error: This expression has type 'void' and 
can't be used.
      await riverRenderer.updateConfig(newConfig);
                          ^
test/property_tests/river_visualization_property_test.dar
t:255:27: Error: This expression has type 'void' and 
can't be used.
      await riverRenderer.initialize(renderConfig);
                          ^
test/property_tests/river_visualization_property_test.dar
t:256:27: Error: This expression has type 'void' and 
can't be used.
      await riverRenderer.updateData(renderData);
                          ^
00:24 +151 -30: loading C:/Users/Brad/Documents/~AppProjects/TimelineBiographyApp/test/property_tests/river_visualization_property_test.dart [E]
  Failed to load "C:/Users/Brad/Documents/~AppProjects/TimelineBiographyApp/test/property_tests/river_visualization_property_test.dart":
  Compilation failed for testPath=C:/Users/Brad/Documents/~AppProjects/TimelineBiographyApp/test/property_tests/river_visualization_property_test.dart: test/property_tests/river_visualization_property_test.dart:41:27: Error: This expression has type 'void' and can't be used.
        await riverRenderer.initialize(renderConfig);
                            ^
  test/property_tests/river_visualization_property_test.dart:42:27: Error: This expression has type 'void' and can't be used.
        await riverRenderer.updateData(renderData);
                            ^
  test/property_tests/river_visualization_property_test.dart:61:27: Error: This expression has type 'void' and can't be used.
        await riverRenderer.initialize(renderConfig);
                            ^
  test/property_tests/river_visualization_property_test.dart:62:27: Error: This expression has type 'void' and can't be used.
        await riverRenderer.updateData(renderData);
                            ^
  test/property_tests/river_visualization_property_test.dart:81:27: Error: This expression has type 'void' and can't be used.
        await riverRenderer.initialize(renderConfig);
                            ^
  test/property_tests/river_visualization_property_test.dart:82:27: Error: This expression has type 'void' and can't be used.
        await riverRenderer.updateData(renderData);
                            ^
  test/property_tests/river_visualization_property_test.dart:101:27: Error: This expression has type 'void' and can't be used.
        await riverRenderer.initialize(configWithMultipleUsers);
                            ^
  test/property_tests/river_visualization_property_test.dart:102:27: Error: This expression has type 'void' and can't be used.
        await riverRenderer.updateData(renderData);
                            ^
  test/property_tests/river_visualization_property_test.dart:116:27: Error: This expression has type 'void' and can't be used.
        await riverRenderer.initialize(renderConfig);
                            ^
  test/property_tests/river_visualization_property_test.dart:117:27: Error: This expression has type 'void' and can't be used.
        await riverRenderer.updateData(renderData);
                            ^
  test/property_tests/river_visualization_property_test.dart:129:29: Error: This expression has type 'void' and can't be used.
          await riverRenderer.updateConfig(config);
                              ^
  test/property_tests/river_visualization_property_test.dart:144:27: Error: This expression has type 'void' and can't be used.
        await riverRenderer.initialize(renderConfig);
                            ^
  test/property_tests/river_visualization_property_test.dart:145:27: Error: This expression has type 'void' and can't be used.
        await riverRenderer.updateData(largeRenderData);
                            ^
  test/property_tests/river_visualization_property_test.dart:159:27: Error: This expression has type 'void' and can't be used.
        await riverRenderer.initialize(renderConfig);
                            ^
  test/property_tests/river_visualization_property_test.dart:160:27: Error: This expression has type 'void' and can't be used.
        await riverRenderer.updateData(renderData);
                            ^
  test/property_tests/river_visualization_property_test.dart:182:27: Error: This expression has type 'void' and can't be used.
        await riverRenderer.initialize(renderConfig);
                            ^
  test/property_tests/river_visualization_property_test.dart:183:27: Error: This expression has type 'void' and can't be used.
        await riverRenderer.updateData(renderData);
                            ^
  test/property_tests/river_visualization_property_test.dart:208:27: Error: This expression has type 'void' and can't be used.
        await riverRenderer.initialize(renderConfig);
                            ^
  test/property_tests/river_visualization_property_test.dart:209:27: Error: This expression has type 'void' and can't be used.
        await riverRenderer.updateData(emptyData);
                            ^
  test/property_tests/river_visualization_property_test.dart:222:27: Error: This expression has type 'void' and can't be used.
        await riverRenderer.initialize(renderConfig);
                            ^
  test/property_tests/river_visualization_property_test.dart:223:27: Error: This expression has type 'void' and can't be used.
        await riverRenderer.updateData(renderData);
                            ^
  test/property_tests/river_visualization_property_test.dart:237:27: Error: This expression has type 'void' and can't be used.
        await riverRenderer.initialize(renderConfig);
                            ^
  test/property_tests/river_visualization_property_test.dart:238:27: Error: This expression has type 'void' and can't be used.
        await riverRenderer.updateData(renderData);
                            ^
  test/property_tests/river_visualization_property_test.dart:245:27: Error: This expression has type 'void' and can't be used.
        await riverRenderer.updateConfig(newConfig);
                            ^
  test/property_tests/river_visualization_property_test.dart:255:27: Error: This expression has type 'void' and can't be used.
        await riverRenderer.initialize(renderConfig);
                            ^
  test/property_tests/river_visualization_property_test.dart:256:27: Error: This expression has type 'void' and can't be used.
        await riverRenderer.updateData(renderData);
                            ^
  .
00:24 +151 -30: loading C:/Users/Brad/Documents/~AppProjects/TimelineBiographyApp/test/integration/context_service_integration_test.dart [E]
  Error: The Dart compiler exited unexpectedly.
  package:flutter_tools/src/base/common.dart 34:3  throwToolExit
  package:flutter_tools/src/compile.dart 911:11    DefaultResidentCompiler._compile.<fn>
  dart:async/zone.dart 1538:47                     _rootRunUnary
  dart:async/zone.dart 1429:19                     _CustomZone.runUnary
  dart:async/future_impl.dart 948:45               Future._propagateToListeners.handleValueCallback
  dart:async/future_impl.dart 977:13               Future._propagateToListeners
  dart:async/future_impl.dart 862:9                Future._propagateToListeners
  dart:async/future_impl.dart 720:5                Future._completeWithValue
  dart:async/future_impl.dart 804:7                Future._asyncCompleteWithValue.<fn>
  dart:async/zone.dart 1525:13                     _rootRun
  dart:async/zone.dart 1422:19                     _CustomZone.run
  dart:async/zone.dart 1321:7                      _CustomZone.runGuarded
  dart:async/zone.dart 1362:23                     _CustomZone.bindCallbackGuarded.<fn>
  dart:async/schedule_microtask.dart 40:35         _microtaskLoop
  dart:async/schedule_microtask.dart 49:5          _startMicrotaskLoop
  dart:isolate-patch/isolate_patch.dart 127:13     _runPendingImmediateCallback
  dart:isolate-patch/isolate_patch.dart 194:5      _RawReceivePort._handleMessage
  
test/property_tests/semantic_search_property_test.dart:71
:9: Error: No named parameter with the name 'fileSize'.
        fileSize: 1000000,
        ^^^^^^^^
lib/shared/models/media_asset.dart:22:9: Context: Found 
this candidate, but the arguments don't match.
  const MediaAsset({
        ^^^^^^^^^^
test/property_tests/semantic_search_property_test.dart:15
5:11: Error: No named parameter with the name 'fileSize'.
          fileSize: 1000000,
          ^^^^^^^^
lib/shared/models/media_asset.dart:22:9: Context: Found 
this candidate, but the arguments don't match.
  const MediaAsset({
        ^^^^^^^^^^
test/property_tests/semantic_search_property_test.dart:17
6:11: Error: No named parameter with the name 'fileSize'.
          fileSize: 1000000,
          ^^^^^^^^
lib/shared/models/media_asset.dart:22:9: Context: Found 
this candidate, but the arguments don't match.
  const MediaAsset({
        ^^^^^^^^^^
test/property_tests/semantic_search_property_test.dart:20
0:11: Error: No named parameter with the name 'fileSize'.
          fileSize: 1000000,
          ^^^^^^^^
lib/shared/models/media_asset.dart:22:9: Context: Found 
this candidate, but the arguments don't match.
  const MediaAsset({
        ^^^^^^^^^^
test/property_tests/semantic_search_property_test.dart:21
3:11: Error: No named parameter with the name 'fileSize'.
          fileSize: 1000000,
          ^^^^^^^^
lib/shared/models/media_asset.dart:22:9: Context: Found 
this candidate, but the arguments don't match.
  const MediaAsset({
        ^^^^^^^^^^
test/property_tests/semantic_search_property_test.dart:22
6:11: Error: No named parameter with the name 'fileSize'.
          fileSize: 1000000,
          ^^^^^^^^
lib/shared/models/media_asset.dart:22:9: Context: Found 
this candidate, but the arguments don't match.
  const MediaAsset({
        ^^^^^^^^^^
test/property_tests/semantic_search_property_test.dart:25
1:11: Error: No named parameter with the name 'fileSize'.
          fileSize: 1000000,
          ^^^^^^^^
lib/shared/models/media_asset.dart:22:9: Context: Found 
this candidate, but the arguments don't match.
  const MediaAsset({
        ^^^^^^^^^^
test/property_tests/semantic_search_property_test.dart:28
9:11: Error: No named parameter with the name 'fileSize'.
          fileSize: 1000000,
          ^^^^^^^^
lib/shared/models/media_asset.dart:22:9: Context: Found 
this candidate, but the arguments don't match.
  const MediaAsset({
        ^^^^^^^^^^
test/property_tests/semantic_search_property_test.dart:32
2:9: Error: No named parameter with the name 'fileSize'.
        fileSize: 1000000,
        ^^^^^^^^
lib/shared/models/media_asset.dart:22:9: Context: Found 
this candidate, but the arguments don't match.
  const MediaAsset({
        ^^^^^^^^^^
test/property_tests/semantic_search_property_test.dart:35
3:13: Error: No named parameter with the name 'fileSize'.
            fileSize: 1000000,
            ^^^^^^^^
lib/shared/models/media_asset.dart:22:9: Context: Found 
this candidate, but the arguments don't match.
  const MediaAsset({
        ^^^^^^^^^^
test/property_tests/semantic_search_property_test.dart:36
6:13: Error: No named parameter with the name 'fileSize'.
            fileSize: 1000000,
            ^^^^^^^^
lib/shared/models/media_asset.dart:22:9: Context: Found 
this candidate, but the arguments don't match.
  const MediaAsset({
        ^^^^^^^^^^
test/property_tests/semantic_search_property_test.dart:38
8:11: Error: No named parameter with the name 'fileSize'.
          fileSize: 1000000,
          ^^^^^^^^
lib/shared/models/media_asset.dart:22:9: Context: Found 
this candidate, but the arguments don't match.
  const MediaAsset({
        ^^^^^^^^^^
test/property_tests/semantic_search_property_test.dart:40
6:11: Error: No named parameter with the name 'fileSize'.
          fileSize: 1000000,
          ^^^^^^^^
lib/shared/models/media_asset.dart:22:9: Context: Found 
this candidate, but the arguments don't match.
  const MediaAsset({
        ^^^^^^^^^^
test/property_tests/semantic_search_property_test.dart:43
4:13: Error: No named parameter with the name 'fileSize'.
            fileSize: 1000000,
            ^^^^^^^^
lib/shared/models/media_asset.dart:22:9: Context: Found 
this candidate, but the arguments don't match.
  const MediaAsset({
        ^^^^^^^^^^
test/property_tests/semantic_search_property_test.dart:47
1:11: Error: No named parameter with the name 'fileSize'.
          fileSize: 1000000,
          ^^^^^^^^
lib/shared/models/media_asset.dart:22:9: Context: Found 
this candidate, but the arguments don't match.
  const MediaAsset({
        ^^^^^^^^^^
test/property_tests/semantic_search_property_test.dart:48
9:11: Error: No named parameter with the name 'fileSize'.
          fileSize: 1000000,
          ^^^^^^^^
lib/shared/models/media_asset.dart:22:9: Context: Found 
this candidate, but the arguments don't match.
  const MediaAsset({
        ^^^^^^^^^^
test/property_tests/semantic_search_property_test.dart:51
1:9: Error: No named parameter with the name 'fileSize'.
        fileSize: 1000000,
        ^^^^^^^^
lib/shared/models/media_asset.dart:22:9: Context: Found 
this candidate, but the arguments don't match.
  const MediaAsset({
        ^^^^^^^^^^
test/property_tests/semantic_search_property_test.dart:56
3:11: Error: No named parameter with the name 'fileSize'.
          fileSize: 1000000,
          ^^^^^^^^
lib/shared/models/media_asset.dart:22:9: Context: Found 
this candidate, but the arguments don't match.
  const MediaAsset({
        ^^^^^^^^^^
test/property_tests/semantic_search_property_test.dart:43
:28: Error: The getter '_isInitialized' isn't defined 
for the type 'SemanticSearchService'.
 - 'SemanticSearchService' is from 
'lib/shared/intelligence/semantic_search_service.dart'.
Try correcting the name to the name of an existing 
getter, or defining a getter or field named 
'_isInitialized'.
      expect(searchService._isInitialized, isTrue);
                           ^^^^^^^^^^^^^^
test/property_tests/semantic_search_property_test.dart:44
:28: Error: The getter '_searchDb' isn't defined for the 
type 'SemanticSearchService'.
 - 'SemanticSearchService' is from 
'lib/shared/intelligence/semantic_search_service.dart'.
Try correcting the name to the name of an existing 
getter, or defining a getter or field named '_searchDb'.
      expect(searchService._searchDb, isNotNull);
                           ^^^^^^^^^
test/property_tests/semantic_search_property_test.dart:48
:32: Error: The getter '_searchDb' isn't defined for the 
type 'SemanticSearchService'.
 - 'SemanticSearchService' is from 
'lib/shared/intelligence/semantic_search_service.dart'.
Try correcting the name to the name of an existing 
getter, or defining a getter or field named '_searchDb'.
      final db = searchService._searchDb!;
                               ^^^^^^^^^
test/property_tests/semantic_search_property_test.dart:98
:9: Error: The argument type 'TimelineEvent/*1*/' can't 
be assigned to the parameter type 'TimelineEvent/*2*/'.
 - 'TimelineEvent/*1*/' is from 
'test/property_tests/semantic_search_property_test.dart'.
 - 'TimelineEvent/*2*/' is from 
'lib/shared/models/timeline_event.dart'.
        event,
        ^
test/property_tests/semantic_search_property_test.dart:25
7:9: Error: The argument type 'TimelineEvent/*1*/' can't 
be assigned to the parameter type 'TimelineEvent/*2*/'.
 - 'TimelineEvent/*1*/' is from 
'test/property_tests/semantic_search_property_test.dart'.
 - 'TimelineEvent/*2*/' is from 
'lib/shared/models/timeline_event.dart'.
        TimelineEvent(
        ^
test/property_tests/semantic_search_property_test.dart:37
5:31: Error: The getter '_totalDocuments' isn't defined 
for the type 'TextEmbeddingService'.
 - 'TextEmbeddingService' is from 
'lib/shared/intelligence/text_embedding_service.dart'.
Try correcting the name to the name of an existing 
getter, or defining a getter or field named 
'_totalDocuments'.
      expect(embeddingService._totalDocuments, 
equals(2));
                              ^^^^^^^^^^^^^^^
test/property_tests/semantic_search_property_test.dart:37
6:31: Error: The getter '_documentFrequency' isn't 
defined for the type 'TextEmbeddingService'.
 - 'TextEmbeddingService' is from 
'lib/shared/intelligence/text_embedding_service.dart'.
Try correcting the name to the name of an existing 
getter, or defining a getter or field named 
'_documentFrequency'.
      expect(embeddingService._documentFrequency, 
isNotEmpty);
                              ^^^^^^^^^^^^^^^^^^
test/property_tests/semantic_search_property_test.dart:57
2:32: Error: The getter '_searchDb' isn't defined for 
the type 'SemanticSearchService'.
 - 'SemanticSearchService' is from 
'lib/shared/intelligence/semantic_search_service.dart'.
Try correcting the name to the name of an existing 
getter, or defining a getter or field named '_searchDb'.
      final db = searchService._searchDb!;
                               ^^^^^^^^^
lib/shared/intelligence/semantic_search_service.dart:165:
20: Error: The getter 'fileName' isn't defined for the 
type 'MediaAsset'.
 - 'MediaAsset' is from 
'lib/shared/models/media_asset.dart'.
Try correcting the name to the name of an existing 
getter, or defining a getter or field named 'fileName'.
      title: asset.fileName,
                   ^^^^^^^^
lib/shared/intelligence/semantic_search_service.dart:169:
44: Error: The getter 'location' isn't defined for the 
type 'MediaAsset'.
 - 'MediaAsset' is from 
'lib/shared/models/media_asset.dart'.
Try correcting the name to the name of an existing 
getter, or defining a getter or field named 'location'.
      locationName: _getLocationName(asset.location),
                                           ^^^^^^^^
lib/shared/intelligence/semantic_search_service.dart:180:
24: Error: The getter 'fileName' isn't defined for the 
type 'MediaAsset'.
 - 'MediaAsset' is from 
'lib/shared/models/media_asset.dart'.
Try correcting the name to the name of an existing 
getter, or defining a getter or field named 'fileName'.
        'title': asset.fileName,
                       ^^^^^^^^
lib/shared/intelligence/semantic_search_service.dart:184:
49: Error: The getter 'location' isn't defined for the 
type 'MediaAsset'.
 - 'MediaAsset' is from 
'lib/shared/models/media_asset.dart'.
Try correcting the name to the name of an existing 
getter, or defining a getter or field named 'location'.
        'location_name': 
_getLocationName(asset.location),
                                                ^^^^^^^^
lib/shared/intelligence/semantic_search_service.dart:205:
37: Error: The getter 'name' isn't defined for the type 
'GeoLocation'.
 - 'GeoLocation' is from 
'lib/shared/models/geo_location.dart'.
Try correcting the name to the name of an existing 
getter, or defining a getter or field named 'name'.
      locationName: event.location?.name,
                                    ^^^^
lib/shared/intelligence/semantic_search_service.dart:206:
24: Error: The getter 'type' isn't defined for the type 
'TimelineEvent'.
 - 'TimelineEvent' is from 
'lib/shared/models/timeline_event.dart'.
Try correcting the name to the name of an existing 
getter, or defining a getter or field named 'type'.
      eventType: event.type.toString(),
                       ^^^^
lib/shared/intelligence/semantic_search_service.dart:207:
44: Error: The getter 'startDate' isn't defined for the 
type 'TimelineEvent'.
 - 'TimelineEvent' is from 
'lib/shared/models/timeline_event.dart'.
Try correcting the name to the name of an existing 
getter, or defining a getter or field named 'startDate'.
      dateText: _formatDateForSearch(event.startDate),
                                           ^^^^^^^^^
lib/shared/intelligence/semantic_search_service.dart:201:
20: Error: The argument type 'String?' can't be assigned 
to the parameter type 'String'.
      title: event.title,
                   ^
lib/shared/intelligence/semantic_search_service.dart:220:
42: Error: The getter 'name' isn't defined for the type 
'GeoLocation'.
 - 'GeoLocation' is from 
'lib/shared/models/geo_location.dart'.
Try correcting the name to the name of an existing 
getter, or defining a getter or field named 'name'.
        'location_name': event.location?.name ?? '',
                                         ^^^^
lib/shared/intelligence/semantic_search_service.dart:221:
29: Error: The getter 'type' isn't defined for the type 
'TimelineEvent'.
 - 'TimelineEvent' is from 
'lib/shared/models/timeline_event.dart'.
Try correcting the name to the name of an existing 
getter, or defining a getter or field named 'type'.
        'event_type': event.type.toString(),
                            ^^^^
lib/shared/intelligence/semantic_search_service.dart:222:
49: Error: The getter 'startDate' isn't defined for the 
type 'TimelineEvent'.
 - 'TimelineEvent' is from 
'lib/shared/models/timeline_event.dart'.
Try correcting the name to the name of an existing 
getter, or defining a getter or field named 'startDate'.
        'date_text': 
_formatDateForSearch(event.startDate),
                                                ^^^^^^^^^
lib/shared/intelligence/text_embedding_service.dart:101:3
6: Error: The getter 'fileName' isn't defined for the 
type 'MediaAsset'.
 - 'MediaAsset' is from 
'lib/shared/models/media_asset.dart'.
Try correcting the name to the name of an existing 
getter, or defining a getter or field named 'fileName'.
    textParts.add(_cleanText(asset.fileName));
                                   ^^^^^^^^
lib/shared/intelligence/text_embedding_service.dart:119:1
5: Error: The getter 'location' isn't defined for the 
type 'MediaAsset'.
 - 'MediaAsset' is from 
'lib/shared/models/media_asset.dart'.
Try correcting the name to the name of an existing 
getter, or defining a getter or field named 'location'.
    if (asset.location != null) {
              ^^^^^^^^
lib/shared/intelligence/text_embedding_service.dart:120:4
7: Error: The getter 'location' isn't defined for the 
type 'MediaAsset'.
 - 'MediaAsset' is from 
'lib/shared/models/media_asset.dart'.
Try correcting the name to the name of an existing 
getter, or defining a getter or field named 'location'.
      
textParts.add(_getLocationContext(asset.location!));
                                              ^^^^^^^^
lib/shared/intelligence/text_embedding_service.dart:149:2
7: Error: The getter 'location' isn't defined for the 
type 'MediaAsset'.
 - 'MediaAsset' is from 
'lib/shared/models/media_asset.dart'.
Try correcting the name to the name of an existing 
getter, or defining a getter or field named 'location'.
        'location': asset.location?.toString(),
                          ^^^^^^^^
lib/shared/intelligence/text_embedding_service.dart:163:3
6: Error: The argument type 'String?' can't be assigned 
to the parameter type 'String'.
    textParts.add(_cleanText(event.title));
                                   ^
lib/shared/intelligence/text_embedding_service.dart:174:4
6: Error: The getter 'type' isn't defined for the type 
'TimelineEvent'.
 - 'TimelineEvent' is from 
'lib/shared/models/timeline_event.dart'.
Try correcting the name to the name of an existing 
getter, or defining a getter or field named 'type'.
    textParts.add(_getEventTypeContext(event.type));
                                             ^^^^
lib/shared/intelligence/text_embedding_service.dart:178:3
7: Error: The getter 'name' isn't defined for the type 
'GeoLocation'.
 - 'GeoLocation' is from 
'lib/shared/models/geo_location.dart'.
Try correcting the name to the name of an existing 
getter, or defining a getter or field named 'name'.
      textParts.add(event.location!.name ?? '');
                                    ^^^^
lib/shared/intelligence/text_embedding_service.dart:182:4
1: Error: The getter 'startDate' isn't defined for the 
type 'TimelineEvent'.
 - 'TimelineEvent' is from 
'lib/shared/models/timeline_event.dart'.
Try correcting the name to the name of an existing 
getter, or defining a getter or field named 'startDate'.
    textParts.add(_getDateContext(event.startDate));
                                        ^^^^^^^^^
lib/shared/intelligence/text_embedding_service.dart:185:1
5: Error: The getter 'endDate' isn't defined for the 
type 'TimelineEvent'.
 - 'TimelineEvent' is from 
'lib/shared/models/timeline_event.dart'.
Try correcting the name to the name of an existing 
getter, or defining a getter or field named 'endDate'.
    if (event.endDate != null) {
              ^^^^^^^
lib/shared/intelligence/text_embedding_service.dart:186:4
7: Error: The getter 'startDate' isn't defined for the 
type 'TimelineEvent'.
 - 'TimelineEvent' is from 
'lib/shared/models/timeline_event.dart'.
Try correcting the name to the name of an existing 
getter, or defining a getter or field named 'startDate'.
      textParts.add(_getDurationContext(event.startDate, 
event.endDate!));
                                              ^^^^^^^^^
lib/shared/intelligence/text_embedding_service.dart:186:6
4: Error: The getter 'endDate' isn't defined for the 
type 'TimelineEvent'.
 - 'TimelineEvent' is from 
'lib/shared/models/timeline_event.dart'.
Try correcting the name to the name of an existing 
getter, or defining a getter or field named 'endDate'.
      textParts.add(_getDurationContext(event.startDate, 
event.endDate!));
                                                         
      ^^^^^^^
lib/shared/intelligence/text_embedding_service.dart:211:2
8: Error: The getter 'type' isn't defined for the type 
'TimelineEvent'.
 - 'TimelineEvent' is from 
'lib/shared/models/timeline_event.dart'.
Try correcting the name to the name of an existing 
getter, or defining a getter or field named 'type'.
        'eventType': event.type.toString(),
                           ^^^^
lib/shared/intelligence/text_embedding_service.dart:212:2
3: Error: The getter 'startDate' isn't defined for the 
type 'TimelineEvent'.
 - 'TimelineEvent' is from 
'lib/shared/models/timeline_event.dart'.
Try correcting the name to the name of an existing 
getter, or defining a getter or field named 'startDate'.
        'date': event.startDate.toIso8601String(),
                      ^^^^^^^^^
lib/shared/intelligence/text_embedding_service.dart:213:2
7: Error: The getter 'endDate' isn't defined for the 
type 'TimelineEvent'.
 - 'TimelineEvent' is from 
'lib/shared/models/timeline_event.dart'.
Try correcting the name to the name of an existing 
getter, or defining a getter or field named 'endDate'.
        'duration': 
event.endDate?.difference(event.startDate).inHours,
                          ^^^^^^^
lib/shared/intelligence/text_embedding_service.dart:213:5
3: Error: The getter 'startDate' isn't defined for the 
type 'TimelineEvent'.
 - 'TimelineEvent' is from 
'lib/shared/models/timeline_event.dart'.
Try correcting the name to the name of an existing 
getter, or defining a getter or field named 'startDate'.
        'duration': 
event.endDate?.difference(event.startDate).inHours,
                                                    
^^^^^^^^^
lib/shared/intelligence/text_embedding_service.dart:366:1
2: Error: Not a constant expression.
      case eventType.holiday:
           ^^^^^^^^^
lib/shared/intelligence/text_embedding_service.dart:368:1
2: Error: Not a constant expression.
      case eventType.celebration:
           ^^^^^^^^^
lib/shared/intelligence/text_embedding_service.dart:370:1
2: Error: Not a constant expression.
      case eventType.travel:
           ^^^^^^^^^
00:25 +151 -30: C:/Users/Brad/Documents/~AppProjects/TimelineBiographyApp/test/property_tests/scrollytelling_synchronization_property_test.dart: Scrollytelling Synchronization Property Tests Property: Background media changes correctly for any scroll position
00:25 +152 -30: C:/Users/Brad/Documents/~AppProjects/TimelineBiographyApp/test/property_tests/scrollytelling_synchronization_property_test.dart: Scrollytelling Synchronization Property Tests Property: Active block index correlates with scroll position for any story
00:25 +153 -30: C:/Users/Brad/Documents/~AppProjects/TimelineBiographyApp/test/property_tests/scrollytelling_synchronization_property_test.dart: Scrollytelling Synchronization Property Tests Property: Scroll trigger assignment maintains order for any block sequence
00:25 +154 -30: C:/Users/Brad/Documents/~AppProjects/TimelineBiographyApp/test/property_tests/scrollytelling_synchronization_property_test.dart: Scrollytelling Synchronization Property Tests Property: Parallax offset calculation is consistent for any input
00:25 +155 -30: C:/Users/Brad/Documents/~AppProjects/TimelineBiographyApp/test/property_tests/scrollytelling_synchronization_property_test.dart: Scrollytelling Synchronization Property Tests Property: Media transitions maintain synchronization for any story structure
00:25 +155 -31: loading C:/Users/Brad/Documents/~AppProjects/TimelineBiographyApp/test/property_tests/semantic_search_property_test.dart [E]
  Failed to load "C:/Users/Brad/Documents/~AppProjects/TimelineBiographyApp/test/property_tests/semantic_search_property_test.dart":
  Compilation failed for testPath=C:/Users/Brad/Documents/~AppProjects/TimelineBiographyApp/test/property_tests/semantic_search_property_test.dart: test/property_tests/semantic_search_property_test.dart:71:9: Error: No named parameter with the name 'fileSize'.
          fileSize: 1000000,
          ^^^^^^^^
  lib/shared/models/media_asset.dart:22:9: Context: Found this candidate, but the arguments don't match.
    const MediaAsset({
          ^^^^^^^^^^
  test/property_tests/semantic_search_property_test.dart:155:11: Error: No named parameter with the name 'fileSize'.
            fileSize: 1000000,
            ^^^^^^^^
  lib/shared/models/media_asset.dart:22:9: Context: Found this candidate, but the arguments don't match.
    const MediaAsset({
          ^^^^^^^^^^
  test/property_tests/semantic_search_property_test.dart:176:11: Error: No named parameter with the name 'fileSize'.
            fileSize: 1000000,
            ^^^^^^^^
  lib/shared/models/media_asset.dart:22:9: Context: Found this candidate, but the arguments don't match.
    const MediaAsset({
          ^^^^^^^^^^
  test/property_tests/semantic_search_property_test.dart:200:11: Error: No named parameter with the name 'fileSize'.
            fileSize: 1000000,
            ^^^^^^^^
  lib/shared/models/media_asset.dart:22:9: Context: Found this candidate, but the arguments don't match.
    const MediaAsset({
          ^^^^^^^^^^
  test/property_tests/semantic_search_property_test.dart:213:11: Error: No named parameter with the name 'fileSize'.
            fileSize: 1000000,
            ^^^^^^^^
  lib/shared/models/media_asset.dart:22:9: Context: Found this candidate, but the arguments don't match.
    const MediaAsset({
          ^^^^^^^^^^
  test/property_tests/semantic_search_property_test.dart:226:11: Error: No named parameter with the name 'fileSize'.
            fileSize: 1000000,
            ^^^^^^^^
  lib/shared/models/media_asset.dart:22:9: Context: Found this candidate, but the arguments don't match.
    const MediaAsset({
          ^^^^^^^^^^
  test/property_tests/semantic_search_property_test.dart:251:11: Error: No named parameter with the name 'fileSize'.
            fileSize: 1000000,
            ^^^^^^^^
  lib/shared/models/media_asset.dart:22:9: Context: Found this candidate, but the arguments don't match.
    const MediaAsset({
          ^^^^^^^^^^
  test/property_tests/semantic_search_property_test.dart:289:11: Error: No named parameter with the name 'fileSize'.
            fileSize: 1000000,
            ^^^^^^^^
  lib/shared/models/media_asset.dart:22:9: Context: Found this candidate, but the arguments don't match.
    const MediaAsset({
          ^^^^^^^^^^
  test/property_tests/semantic_search_property_test.dart:322:9: Error: No named parameter with the name 'fileSize'.
          fileSize: 1000000,
          ^^^^^^^^
  lib/shared/models/media_asset.dart:22:9: Context: Found this candidate, but the arguments don't match.
    const MediaAsset({
          ^^^^^^^^^^
  test/property_tests/semantic_search_property_test.dart:353:13: Error: No named parameter with the name 'fileSize'.
              fileSize: 1000000,
              ^^^^^^^^
  lib/shared/models/media_asset.dart:22:9: Context: Found this candidate, but the arguments don't match.
    const MediaAsset({
          ^^^^^^^^^^
  test/property_tests/semantic_search_property_test.dart:366:13: Error: No named parameter with the name 'fileSize'.
              fileSize: 1000000,
              ^^^^^^^^
  lib/shared/models/media_asset.dart:22:9: Context: Found this candidate, but the arguments don't match.
    const MediaAsset({
          ^^^^^^^^^^
  test/property_tests/semantic_search_property_test.dart:388:11: Error: No named parameter with the name 'fileSize'.
            fileSize: 1000000,
            ^^^^^^^^
  lib/shared/models/media_asset.dart:22:9: Context: Found this candidate, but the arguments don't match.
    const MediaAsset({
          ^^^^^^^^^^
  test/property_tests/semantic_search_property_test.dart:406:11: Error: No named parameter with the name 'fileSize'.
            fileSize: 1000000,
            ^^^^^^^^
  lib/shared/models/media_asset.dart:22:9: Context: Found this candidate, but the arguments don't match.
    const MediaAsset({
          ^^^^^^^^^^
  test/property_tests/semantic_search_property_test.dart:434:13: Error: No named parameter with the name 'fileSize'.
              fileSize: 1000000,
              ^^^^^^^^
  lib/shared/models/media_asset.dart:22:9: Context: Found this candidate, but the arguments don't match.
    const MediaAsset({
          ^^^^^^^^^^
  test/property_tests/semantic_search_property_test.dart:471:11: Error: No named parameter with the name 'fileSize'.
            fileSize: 1000000,
            ^^^^^^^^
  lib/shared/models/media_asset.dart:22:9: Context: Found this candidate, but the arguments don't match.
    const MediaAsset({
          ^^^^^^^^^^
  test/property_tests/semantic_search_property_test.dart:489:11: Error: No named parameter with the name 'fileSize'.
            fileSize: 1000000,
            ^^^^^^^^
  lib/shared/models/media_asset.dart:22:9: Context: Found this candidate, but the arguments don't match.
    const MediaAsset({
          ^^^^^^^^^^
  test/property_tests/semantic_search_property_test.dart:511:9: Error: No named parameter with the name 'fileSize'.
          fileSize: 1000000,
          ^^^^^^^^
  lib/shared/models/media_asset.dart:22:9: Context: Found this candidate, but the arguments don't match.
    const MediaAsset({
          ^^^^^^^^^^
  test/property_tests/semantic_search_property_test.dart:563:11: Error: No named parameter with the name 'fileSize'.
            fileSize: 1000000,
            ^^^^^^^^
  lib/shared/models/media_asset.dart:22:9: Context: Found this candidate, but the arguments don't match.
    const MediaAsset({
          ^^^^^^^^^^
  test/property_tests/semantic_search_property_test.dart:43:28: Error: The getter '_isInitialized' isn't defined for the type 'SemanticSearchService'.
   - 'SemanticSearchService' is from 'lib/shared/intelligence/semantic_search_service.dart'.
  Try correcting the name to the name of an existing getter, or defining a getter or field named '_isInitialized'.
        expect(searchService._isInitialized, isTrue);
                             ^^^^^^^^^^^^^^
  test/property_tests/semantic_search_property_test.dart:44:28: Error: The getter '_searchDb' isn't defined for the type 'SemanticSearchService'.
   - 'SemanticSearchService' is from 'lib/shared/intelligence/semantic_search_service.dart'.
  Try correcting the name to the name of an existing getter, or defining a getter or field named '_searchDb'.
        expect(searchService._searchDb, isNotNull);
                             ^^^^^^^^^
  test/property_tests/semantic_search_property_test.dart:48:32: Error: The getter '_searchDb' isn't defined for the type 'SemanticSearchService'.
   - 'SemanticSearchService' is from 'lib/shared/intelligence/semantic_search_service.dart'.
  Try correcting the name to the name of an existing getter, or defining a getter or field named '_searchDb'.
        final db = searchService._searchDb!;
                                 ^^^^^^^^^
  test/property_tests/semantic_search_property_test.dart:98:9: Error: The argument type 'TimelineEvent/*1*/' can't be assigned to the parameter type 'TimelineEvent/*2*/'.
   - 'TimelineEvent/*1*/' is from 'test/property_tests/semantic_search_property_test.dart'.
   - 'TimelineEvent/*2*/' is from 'lib/shared/models/timeline_event.dart'.
          event,
          ^
  test/property_tests/semantic_search_property_test.dart:257:9: Error: The argument type 'TimelineEvent/*1*/' can't be assigned to the parameter type 'TimelineEvent/*2*/'.
   - 'TimelineEvent/*1*/' is from 'test/property_tests/semantic_search_property_test.dart'.
   - 'TimelineEvent/*2*/' is from 'lib/shared/models/timeline_event.dart'.
          TimelineEvent(
          ^
  test/property_tests/semantic_search_property_test.dart:375:31: Error: The getter '_totalDocuments' isn't defined for the type 'TextEmbeddingService'.
   - 'TextEmbeddingService' is from 'lib/shared/intelligence/text_embedding_service.dart'.
  Try correcting the name to the name of an existing getter, or defining a getter or field named '_totalDocuments'.
        expect(embeddingService._totalDocuments, equals(2));
                                ^^^^^^^^^^^^^^^
  test/property_tests/semantic_search_property_test.dart:376:31: Error: The getter '_documentFrequency' isn't defined for the type 'TextEmbeddingService'.
   - 'TextEmbeddingService' is from 'lib/shared/intelligence/text_embedding_service.dart'.
  Try correcting the name to the name of an existing getter, or defining a getter or field named '_documentFrequency'.
        expect(embeddingService._documentFrequency, isNotEmpty);
                                ^^^^^^^^^^^^^^^^^^
  test/property_tests/semantic_search_property_test.dart:572:32: Error: The getter '_searchDb' isn't defined for the type 'SemanticSearchService'.
   - 'SemanticSearchService' is from 'lib/shared/intelligence/semantic_search_service.dart'.
  Try correcting the name to the name of an existing getter, or defining a getter or field named '_searchDb'.
        final db = searchService._searchDb!;
                                 ^^^^^^^^^
  lib/shared/intelligence/semantic_search_service.dart:165:20: Error: The getter 'fileName' isn't defined for the type 'MediaAsset'.
   - 'MediaAsset' is from 'lib/shared/models/media_asset.dart'.
  Try correcting the name to the name of an existing getter, or defining a getter or field named 'fileName'.
        title: asset.fileName,
                     ^^^^^^^^
  lib/shared/intelligence/semantic_search_service.dart:169:44: Error: The getter 'location' isn't defined for the type 'MediaAsset'.
   - 'MediaAsset' is from 'lib/shared/models/media_asset.dart'.
  Try correcting the name to the name of an existing getter, or defining a getter or field named 'location'.
        locationName: _getLocationName(asset.location),
                                             ^^^^^^^^
  lib/shared/intelligence/semantic_search_service.dart:180:24: Error: The getter 'fileName' isn't defined for the type 'MediaAsset'.
   - 'MediaAsset' is from 'lib/shared/models/media_asset.dart'.
  Try correcting the name to the name of an existing getter, or defining a getter or field named 'fileName'.
          'title': asset.fileName,
                         ^^^^^^^^
  lib/shared/intelligence/semantic_search_service.dart:184:49: Error: The getter 'location' isn't defined for the type 'MediaAsset'.
   - 'MediaAsset' is from 'lib/shared/models/media_asset.dart'.
  Try correcting the name to the name of an existing getter, or defining a getter or field named 'location'.
          'location_name': _getLocationName(asset.location),
                                                  ^^^^^^^^
  lib/shared/intelligence/semantic_search_service.dart:205:37: Error: The getter 'name' isn't defined for the type 'GeoLocation'.
   - 'GeoLocation' is from 'lib/shared/models/geo_location.dart'.
  Try correcting the name to the name of an existing getter, or defining a getter or field named 'name'.
        locationName: event.location?.name,
                                      ^^^^
  lib/shared/intelligence/semantic_search_service.dart:206:24: Error: The getter 'type' isn't defined for the type 'TimelineEvent'.
   - 'TimelineEvent' is from 'lib/shared/models/timeline_event.dart'.
  Try correcting the name to the name of an existing getter, or defining a getter or field named 'type'.
        eventType: event.type.toString(),
                         ^^^^
  lib/shared/intelligence/semantic_search_service.dart:207:44: Error: The getter 'startDate' isn't defined for the type 'TimelineEvent'.
   - 'TimelineEvent' is from 'lib/shared/models/timeline_event.dart'.
  Try correcting the name to the name of an existing getter, or defining a getter or field named 'startDate'.
        dateText: _formatDateForSearch(event.startDate),
                                             ^^^^^^^^^
  lib/shared/intelligence/semantic_search_service.dart:201:20: Error: The argument type 'String?' can't be assigned to the parameter type 'String'.
        title: event.title,
                     ^
  lib/shared/intelligence/semantic_search_service.dart:220:42: Error: The getter 'name' isn't defined for the type 'GeoLocation'.
   - 'GeoLocation' is from 'lib/shared/models/geo_location.dart'.
  Try correcting the name to the name of an existing getter, or defining a getter or field named 'name'.
          'location_name': event.location?.name ?? '',
                                           ^^^^
  lib/shared/intelligence/semantic_search_service.dart:221:29: Error: The getter 'type' isn't defined for the type 'TimelineEvent'.
   - 'TimelineEvent' is from 'lib/shared/models/timeline_event.dart'.
  Try correcting the name to the name of an existing getter, or defining a getter or field named 'type'.
          'event_type': event.type.toString(),
                              ^^^^
  lib/shared/intelligence/semantic_search_service.dart:222:49: Error: The getter 'startDate' isn't defined for the type 'TimelineEvent'.
   - 'TimelineEvent' is from 'lib/shared/models/timeline_event.dart'.
  Try correcting the name to the name of an existing getter, or defining a getter or field named 'startDate'.
          'date_text': _formatDateForSearch(event.startDate),
                                                  ^^^^^^^^^
  lib/shared/intelligence/text_embedding_service.dart:101:36: Error: The getter 'fileName' isn't defined for the type 'MediaAsset'.
   - 'MediaAsset' is from 'lib/shared/models/media_asset.dart'.
  Try correcting the name to the name of an existing getter, or defining a getter or field named 'fileName'.
      textParts.add(_cleanText(asset.fileName));
                                     ^^^^^^^^
  lib/shared/intelligence/text_embedding_service.dart:119:15: Error: The getter 'location' isn't defined for the type 'MediaAsset'.
   - 'MediaAsset' is from 'lib/shared/models/media_asset.dart'.
  Try correcting the name to the name of an existing getter, or defining a getter or field named 'location'.
      if (asset.location != null) {
                ^^^^^^^^
  lib/shared/intelligence/text_embedding_service.dart:120:47: Error: The getter 'location' isn't defined for the type 'MediaAsset'.
   - 'MediaAsset' is from 'lib/shared/models/media_asset.dart'.
  Try correcting the name to the name of an existing getter, or defining a getter or field named 'location'.
        textParts.add(_getLocationContext(asset.location!));
                                                ^^^^^^^^
  lib/shared/intelligence/text_embedding_service.dart:149:27: Error: The getter 'location' isn't defined for the type 'MediaAsset'.
   - 'MediaAsset' is from 'lib/shared/models/media_asset.dart'.
  Try correcting the name to the name of an existing getter, or defining a getter or field named 'location'.
          'location': asset.location?.toString(),
                            ^^^^^^^^
  lib/shared/intelligence/text_embedding_service.dart:163:36: Error: The argument type 'String?' can't be assigned to the parameter type 'String'.
      textParts.add(_cleanText(event.title));
                                     ^
  lib/shared/intelligence/text_embedding_service.dart:174:46: Error: The getter 'type' isn't defined for the type 'TimelineEvent'.
   - 'TimelineEvent' is from 'lib/shared/models/timeline_event.dart'.
  Try correcting the name to the name of an existing getter, or defining a getter or field named 'type'.
      textParts.add(_getEventTypeContext(event.type));
                                               ^^^^
  lib/shared/intelligence/text_embedding_service.dart:178:37: Error: The getter 'name' isn't defined for the type 'GeoLocation'.
   - 'GeoLocation' is from 'lib/shared/models/geo_location.dart'.
  Try correcting the name to the name of an existing getter, or defining a getter or field named 'name'.
        textParts.add(event.location!.name ?? '');
                                      ^^^^
  lib/shared/intelligence/text_embedding_service.dart:182:41: Error: The getter 'startDate' isn't defined for the type 'TimelineEvent'.
   - 'TimelineEvent' is from 'lib/shared/models/timeline_event.dart'.
  Try correcting the name to the name of an existing getter, or defining a getter or field named 'startDate'.
      textParts.add(_getDateContext(event.startDate));
                                          ^^^^^^^^^
  lib/shared/intelligence/text_embedding_service.dart:185:15: Error: The getter 'endDate' isn't defined for the type 'TimelineEvent'.
   - 'TimelineEvent' is from 'lib/shared/models/timeline_event.dart'.
  Try correcting the name to the name of an existing getter, or defining a getter or field named 'endDate'.
      if (event.endDate != null) {
                ^^^^^^^
  lib/shared/intelligence/text_embedding_service.dart:186:47: Error: The getter 'startDate' isn't defined for the type 'TimelineEvent'.
   - 'TimelineEvent' is from 'lib/shared/models/timeline_event.dart'.
  Try correcting the name to the name of an existing getter, or defining a getter or field named 'startDate'.
        textParts.add(_getDurationContext(event.startDate, event.endDate!));
                                                ^^^^^^^^^
  lib/shared/intelligence/text_embedding_service.dart:186:64: Error: The getter 'endDate' isn't defined for the type 'TimelineEvent'.
   - 'TimelineEvent' is from 'lib/shared/models/timeline_event.dart'.
  Try correcting the name to the name of an existing getter, or defining a getter or field named 'endDate'.
        textParts.add(_getDurationContext(event.startDate, event.endDate!));
                                                                 ^^^^^^^
  lib/shared/intelligence/text_embedding_service.dart:211:28: Error: The getter 'type' isn't defined for the type 'TimelineEvent'.
   - 'TimelineEvent' is from 'lib/shared/models/timeline_event.dart'.
  Try correcting the name to the name of an existing getter, or defining a getter or field named 'type'.
          'eventType': event.type.toString(),
                             ^^^^
  lib/shared/intelligence/text_embedding_service.dart:212:23: Error: The getter 'startDate' isn't defined for the type 'TimelineEvent'.
   - 'TimelineEvent' is from 'lib/shared/models/timeline_event.dart'.
  Try correcting the name to the name of an existing getter, or defining a getter or field named 'startDate'.
          'date': event.startDate.toIso8601String(),
                        ^^^^^^^^^
  lib/shared/intelligence/text_embedding_service.dart:213:27: Error: The getter 'endDate' isn't defined for the type 'TimelineEvent'.
   - 'TimelineEvent' is from 'lib/shared/models/timeline_event.dart'.
  Try correcting the name to the name of an existing getter, or defining a getter or field named 'endDate'.
          'duration': event.endDate?.difference(event.startDate).inHours,
                            ^^^^^^^
  lib/shared/intelligence/text_embedding_service.dart:213:53: Error: The getter 'startDate' isn't defined for the type 'TimelineEvent'.
   - 'TimelineEvent' is from 'lib/shared/models/timeline_event.dart'.
  Try correcting the name to the name of an existing getter, or defining a getter or field named 'startDate'.
          'duration': event.endDate?.difference(event.startDate).inHours,
                                                      ^^^^^^^^^
  lib/shared/intelligence/text_embedding_service.dart:366:12: Error: Not a constant expression.
        case eventType.holiday:
             ^^^^^^^^^
  lib/shared/intelligence/text_embedding_service.dart:368:12: Error: Not a constant expression.
        case eventType.celebration:
             ^^^^^^^^^
  lib/shared/intelligence/text_embedding_service.dart:370:12: Error: Not a constant expression.
        case eventType.travel:
             ^^^^^^^^^
  .
00:25 +156 -31: C:/Users/Brad/Documents/~AppProjects/TimelineBiographyApp/test/property_tests/scrollytelling_synchronization_property_test.dart: Scrollytelling Synchronization Property Tests Property: Scroll position boundaries are handled correctly for any story
00:25 +157 -31: loading C:/Users/Brad/Documents/~AppProjects/TimelineBiographyApp/test/integration/context_service_integration_test.dart [E]
  Error: The Dart compiler exited unexpectedly.
  package:flutter_tools/src/base/common.dart 34:3  throwToolExit
  package:flutter_tools/src/compile.dart 911:11    DefaultResidentCompiler._compile.<fn>
  dart:async/zone.dart 1538:47                     _rootRunUnary
  dart:async/zone.dart 1429:19                     _CustomZone.runUnary
  dart:async/future_impl.dart 948:45               Future._propagateToListeners.handleValueCallback
  dart:async/future_impl.dart 977:13               Future._propagateToListeners
  dart:async/future_impl.dart 862:9                Future._propagateToListeners
  dart:async/future_impl.dart 720:5                Future._completeWithValue
  dart:async/future_impl.dart 804:7                Future._asyncCompleteWithValue.<fn>
  dart:async/zone.dart 1525:13                     _rootRun
  dart:async/zone.dart 1422:19                     _CustomZone.run
  dart:async/zone.dart 1321:7                      _CustomZone.runGuarded
  dart:async/zone.dart 1362:23                     _CustomZone.bindCallbackGuarded.<fn>
  dart:async/schedule_microtask.dart 40:35         _microtaskLoop
  dart:async/schedule_microtask.dart 49:5          _startMicrotaskLoop
  dart:isolate-patch/isolate_patch.dart 127:13     _runPendingImmediateCallback
  dart:isolate-patch/isolate_patch.dart 194:5      _RawReceivePort._handleMessage
  
00:26 +157 -31: C:/Users/Brad/Documents/~AppProjects/TimelineBiographyApp/test/property_tests/shared_event_detection_property_test.dart: Property 16: Shared Event Detection Accuracy Temporal proximity detection identifies events within time windows
00:26 +158 -31: C:/Users/Brad/Documents/~AppProjects/TimelineBiographyApp/test/property_tests/shared_event_detection_property_test.dart: Property 16: Shared Event Detection Accuracy Spatial proximity detection identifies events at similar locations
test/property_tests/template_renderer_switching_property_
test.dart:8:8: Error: Error when reading 
'lib/features/context/services/template_renderer.dart': 
The system cannot find the path specified
import '../../lib/features/context/services/template_rend
erer.dart';
       ^
test/property_tests/template_renderer_switching_property_
test.dart:9:8: Error: Error when reading 'lib/features/co
ntext/widgets/event_cards/personal_event_card.dart': The 
system cannot find the path specified
import '../../lib/features/context/widgets/event_cards/pe
rsonal_event_card.dart';
       ^
test/property_tests/template_renderer_switching_property_
test.dart:10:8: Error: Error when reading 'lib/features/c
ontext/widgets/event_cards/pet_event_card.dart': The 
system cannot find the path specified
import '../../lib/features/context/widgets/event_cards/pe
t_event_card.dart';
       ^
test/property_tests/template_renderer_switching_property_
test.dart:11:8: Error: Error when reading 'lib/features/c
ontext/widgets/event_cards/project_event_card.dart': The 
system cannot find the path specified
import '../../lib/features/context/widgets/event_cards/pr
oject_event_card.dart';
       ^
test/property_tests/template_renderer_switching_property_
test.dart:12:8: Error: Error when reading 'lib/features/c
ontext/widgets/event_cards/business_event_card.dart': 
The system cannot find the path specified
import '../../lib/features/context/widgets/event_cards/bu
siness_event_card.dart';
       ^
00:26 +159 -31: C:/Users/Brad/Documents/~AppProjects/TimelineBiographyApp/test/property_tests/shared_event_detection_property_test.dart: Property 16: Shared Event Detection Accuracy Face clustering enhances shared event detection accuracy
test/property_tests/template_renderer_switching_property_
test.dart:25:13: Error: Undefined name 
'TemplateRenderer'.
      await TemplateRenderer.initialize();
            ^^^^^^^^^^^^^^^^
test/property_tests/template_renderer_switching_property_
test.dart:61:39: Error: Undefined name 
'TemplateRenderer'.
          final availableEventTypes = 
TemplateRenderer.getAvailableEventTypes(contextType);
                                      ^^^^^^^^^^^^^^^^
test/property_tests/template_renderer_switching_property_
test.dart:68:28: Error: Undefined name 
'TemplateRenderer'.
            final widget = 
TemplateRenderer.createEventCard(
                           ^^^^^^^^^^^^^^^^
test/property_tests/template_renderer_switching_property_
test.dart:93:30: Error: Undefined name 
'TemplateRenderer'.
          final eventTypes = 
TemplateRenderer.getAvailableEventTypes(contextType);
                             ^^^^^^^^^^^^^^^^
test/property_tests/template_renderer_switching_property_
test.dart:189:30: Error: Undefined name 
'TemplateRenderer'.
          final eventTypes = 
TemplateRenderer.getAvailableEventTypes(contextType);
                             ^^^^^^^^^^^^^^^^
test/property_tests/template_renderer_switching_property_
test.dart:193:33: Error: Undefined name 
'TemplateRenderer'.
            final displayName = 
TemplateRenderer.getEventTypeDisplayName(eventType);
                                ^^^^^^^^^^^^^^^^
test/property_tests/template_renderer_switching_property_
test.dart:202:26: Error: Undefined name 
'TemplateRenderer'.
            final icon = 
TemplateRenderer.getEventTypeIcon(eventType);
                         ^^^^^^^^^^^^^^^^
test/property_tests/template_renderer_switching_property_
test.dart:234:30: Error: Undefined name 
'TemplateRenderer'.
          final eventTypes = 
TemplateRenderer.getAvailableEventTypes(contextType);
                             ^^^^^^^^^^^^^^^^
test/property_tests/template_renderer_switching_property_
test.dart:241:28: Error: Undefined name 
'TemplateRenderer'.
            final editor = 
TemplateRenderer.createAttributeEditor(
                           ^^^^^^^^^^^^^^^^
test/property_tests/template_renderer_switching_property_
test.dart:267:31: Error: Undefined name 
'TemplateRenderer'.
          final eventTypes1 = 
TemplateRenderer.getAvailableEventTypes(contextType);
                              ^^^^^^^^^^^^^^^^
test/property_tests/template_renderer_switching_property_
test.dart:268:31: Error: Undefined name 
'TemplateRenderer'.
          final eventTypes2 = 
TemplateRenderer.getAvailableEventTypes(contextType);
                              ^^^^^^^^^^^^^^^^
test/property_tests/template_renderer_switching_property_
test.dart:269:31: Error: Undefined name 
'TemplateRenderer'.
          final eventTypes3 = 
TemplateRenderer.getAvailableEventTypes(contextType);
                              ^^^^^^^^^^^^^^^^
00:26 +160 -31: C:/Users/Brad/Documents/~AppProjects/TimelineBiographyApp/test/property_tests/shared_event_detection_property_test.dart: Property 16: Shared Event Detection Accuracy Hybrid detection combines multiple factors for highest accuracy
00:26 +161 -31: C:/Users/Brad/Documents/~AppProjects/TimelineBiographyApp/test/property_tests/shared_event_detection_property_test.dart: Property 16: Shared Event Detection Accuracy False positives are minimized through proper thresholding
00:26 +162 -31: C:/Users/Brad/Documents/~AppProjects/TimelineBiographyApp/test/property_tests/shared_event_detection_property_test.dart: Property 16: Shared Event Detection Accuracy Edge cases are handled correctly
00:26 +163 -31: C:/Users/Brad/Documents/~AppProjects/TimelineBiographyApp/test/property_tests/shared_event_detection_property_test.dart: Property 16: Shared Event Detection Accuracy Performance scales appropriately with dataset size
00:26 +164 -31: C:/Users/Brad/Documents/~AppProjects/TimelineBiographyApp/test/property_tests/shared_event_detection_property_test.dart: Property 16: Shared Event Detection Accuracy Metadata preservation and accuracy
00:26 +165 -32: loading C:/Users/Brad/Documents/~AppProjects/TimelineBiographyApp/test/property_tests/template_renderer_switching_property_test.dart [E]
  Failed to load "C:/Users/Brad/Documents/~AppProjects/TimelineBiographyApp/test/property_tests/template_renderer_switching_property_test.dart":
  Compilation failed for testPath=C:/Users/Brad/Documents/~AppProjects/TimelineBiographyApp/test/property_tests/template_renderer_switching_property_test.dart: test/property_tests/template_renderer_switching_property_test.dart:8:8: Error: Error when reading 'lib/features/context/services/template_renderer.dart': The system cannot find the path specified
  import '../../lib/features/context/services/template_renderer.dart';
         ^
  test/property_tests/template_renderer_switching_property_test.dart:9:8: Error: Error when reading 'lib/features/context/widgets/event_cards/personal_event_card.dart': The system cannot find the path specified
  import '../../lib/features/context/widgets/event_cards/personal_event_card.dart';
         ^
  test/property_tests/template_renderer_switching_property_test.dart:10:8: Error: Error when reading 'lib/features/context/widgets/event_cards/pet_event_card.dart': The system cannot find the path specified
  import '../../lib/features/context/widgets/event_cards/pet_event_card.dart';
         ^
  test/property_tests/template_renderer_switching_property_test.dart:11:8: Error: Error when reading 'lib/features/context/widgets/event_cards/project_event_card.dart': The system cannot find the path specified
  import '../../lib/features/context/widgets/event_cards/project_event_card.dart';
         ^
  test/property_tests/template_renderer_switching_property_test.dart:12:8: Error: Error when reading 'lib/features/context/widgets/event_cards/business_event_card.dart': The system cannot find the path specified
  import '../../lib/features/context/widgets/event_cards/business_event_card.dart';
         ^
  test/property_tests/template_renderer_switching_property_test.dart:25:13: Error: Undefined name 'TemplateRenderer'.
        await TemplateRenderer.initialize();
              ^^^^^^^^^^^^^^^^
  test/property_tests/template_renderer_switching_property_test.dart:61:39: Error: Undefined name 'TemplateRenderer'.
            final availableEventTypes = TemplateRenderer.getAvailableEventTypes(contextType);
                                        ^^^^^^^^^^^^^^^^
  test/property_tests/template_renderer_switching_property_test.dart:68:28: Error: Undefined name 'TemplateRenderer'.
              final widget = TemplateRenderer.createEventCard(
                             ^^^^^^^^^^^^^^^^
  test/property_tests/template_renderer_switching_property_test.dart:93:30: Error: Undefined name 'TemplateRenderer'.
            final eventTypes = TemplateRenderer.getAvailableEventTypes(contextType);
                               ^^^^^^^^^^^^^^^^
  test/property_tests/template_renderer_switching_property_test.dart:189:30: Error: Undefined name 'TemplateRenderer'.
            final eventTypes = TemplateRenderer.getAvailableEventTypes(contextType);
                               ^^^^^^^^^^^^^^^^
  test/property_tests/template_renderer_switching_property_test.dart:193:33: Error: Undefined name 'TemplateRenderer'.
              final displayName = TemplateRenderer.getEventTypeDisplayName(eventType);
                                  ^^^^^^^^^^^^^^^^
  test/property_tests/template_renderer_switching_property_test.dart:202:26: Error: Undefined name 'TemplateRenderer'.
              final icon = TemplateRenderer.getEventTypeIcon(eventType);
                           ^^^^^^^^^^^^^^^^
  test/property_tests/template_renderer_switching_property_test.dart:234:30: Error: Undefined name 'TemplateRenderer'.
            final eventTypes = TemplateRenderer.getAvailableEventTypes(contextType);
                               ^^^^^^^^^^^^^^^^
  test/property_tests/template_renderer_switching_property_test.dart:241:28: Error: Undefined name 'TemplateRenderer'.
              final editor = TemplateRenderer.createAttributeEditor(
                             ^^^^^^^^^^^^^^^^
  test/property_tests/template_renderer_switching_property_test.dart:267:31: Error: Undefined name 'TemplateRenderer'.
            final eventTypes1 = TemplateRenderer.getAvailableEventTypes(contextType);
                                ^^^^^^^^^^^^^^^^
  test/property_tests/template_renderer_switching_property_test.dart:268:31: Error: Undefined name 'TemplateRenderer'.
            final eventTypes2 = TemplateRenderer.getAvailableEventTypes(contextType);
                                ^^^^^^^^^^^^^^^^
  test/property_tests/template_renderer_switching_property_test.dart:269:31: Error: Undefined name 'TemplateRenderer'.
            final eventTypes3 = TemplateRenderer.getAvailableEventTypes(contextType);
                                ^^^^^^^^^^^^^^^^
  .
00:26 +165 -32: loading C:/Users/Brad/Documents/~AppProjects/TimelineBiographyApp/test/integration/context_service_integration_test.dart [E]
  Error: The Dart compiler exited unexpectedly.
  package:flutter_tools/src/base/common.dart 34:3  throwToolExit
  package:flutter_tools/src/compile.dart 911:11    DefaultResidentCompiler._compile.<fn>
  dart:async/zone.dart 1538:47                     _rootRunUnary
  dart:async/zone.dart 1429:19                     _CustomZone.runUnary
  dart:async/future_impl.dart 948:45               Future._propagateToListeners.handleValueCallback
  dart:async/future_impl.dart 977:13               Future._propagateToListeners
  dart:async/future_impl.dart 862:9                Future._propagateToListeners
  dart:async/future_impl.dart 720:5                Future._completeWithValue
  dart:async/future_impl.dart 804:7                Future._asyncCompleteWithValue.<fn>
  dart:async/zone.dart 1525:13                     _rootRun
  dart:async/zone.dart 1422:19                     _CustomZone.run
  dart:async/zone.dart 1321:7                      _CustomZone.runGuarded
  dart:async/zone.dart 1362:23                     _CustomZone.bindCallbackGuarded.<fn>
  dart:async/schedule_microtask.dart 40:35         _microtaskLoop
  dart:async/schedule_microtask.dart 49:5          _startMicrotaskLoop
  dart:isolate-patch/isolate_patch.dart 127:13     _runPendingImmediateCallback
  dart:isolate-patch/isolate_patch.dart 194:5      _RawReceivePort._handleMessage
  
00:27 +165 -32: C:/Users/Brad/Documents/~AppProjects/TimelineBiographyApp/test/property_tests/spatial_clustering_property_test.dart: Spatial Clustering Property Tests **Feature: users-timeline, Property 7: Spatial Clustering Threshold Consistency**
00:27 +166 -32: C:/Users/Brad/Documents/~AppProjects/TimelineBiographyApp/test/property_tests/spatial_clustering_property_test.dart: Spatial Clustering Property Tests Spatial clustering handles assets without GPS data gracefully
00:27 +167 -32: C:/Users/Brad/Documents/~AppProjects/TimelineBiographyApp/test/property_tests/spatial_clustering_property_test.dart: Spatial Clustering Property Tests Spatial clustering respects context-specific distance thresholds
00:27 +168 -32: C:/Users/Brad/Documents/~AppProjects/TimelineBiographyApp/test/property_tests/temporal_clustering_property_test.dart: Temporal Clustering Property Tests **Feature: users-timeline, Property 6: Configurable Temporal Clustering**
00:27 +169 -32: C:/Users/Brad/Documents/~AppProjects/TimelineBiographyApp/test/property_tests/temporal_clustering_property_test.dart: Temporal Clustering Property Tests Temporal clustering respects context-specific configurations
00:28 +170 -32: C:/Users/Brad/Documents/~AppProjects/TimelineBiographyApp/test/property_tests/theme_system_property_test.dart: Property 31: Theme System Functionality All required themes are available
test/property_tests/visualization_completeness_property_t
est.dart:282:10: Error: The method 
'_MockTimelineRenderer.build' has fewer named arguments 
than those of overridden method 
'ITimelineRenderer.build'.
  Widget build({
         ^
lib/features/timeline/services/timeline_renderer_interfac
e.dart:128:10: Context: This is the overridden method 
('build').
  Widget build({
         ^
test/property_tests/visualization_completeness_property_t
est.dart:282:10: Error: The method 
'_MockTimelineRenderer.build' doesn't have the named 
parameter 'context' of overridden method 
'ITimelineRenderer.build'.
  Widget build({
         ^
lib/features/timeline/services/timeline_renderer_interfac
e.dart:128:10: Context: This is the overridden method 
('build').
  Widget build({
         ^
00:28 +171 -32: C:/Users/Brad/Documents/~AppProjects/TimelineBiographyApp/test/property_tests/theme_system_property_test.dart: Property 31: Theme System Functionality Sepia theme has correct vintage colors
test/property_tests/visualization_completeness_property_t
est.dart:70:11: Error: No named parameter with the name 
'activeContext'.
          activeContext: context,
          ^^^^^^^^^^^^^
lib/features/timeline/services/timeline_renderer_interfac
e.dart:31:9: Context: Found this candidate, but the 
arguments don't match.
  const TimelineRenderConfig({
        ^^^^^^^^^^^^^^^^^^^^
00:28 +172 -32: C:/Users/Brad/Documents/~AppProjects/TimelineBiographyApp/test/property_tests/theme_system_property_test.dart: Property 31: Theme System Functionality Instant theme switching works
00:28 +173 -32: C:/Users/Brad/Documents/~AppProjects/TimelineBiographyApp/test/property_tests/theme_system_property_test.dart: Property 31: Theme System Functionality Theme cycling works correctly
00:28 +174 -32: C:/Users/Brad/Documents/~AppProjects/TimelineBiographyApp/test/property_tests/theme_system_property_test.dart: Property 31: Theme System Functionality Previous theme cycling works
00:28 +175 -32: C:/Users/Brad/Documents/~AppProjects/TimelineBiographyApp/test/property_tests/theme_system_property_test.dart: Property 31: Theme System Functionality Theme preferences persist
00:28 +175 -33: loading C:/Users/Brad/Documents/~AppProjects/TimelineBiographyApp/test/property_tests/visualization_completeness_property_test.dart [E]
  Failed to load "C:/Users/Brad/Documents/~AppProjects/TimelineBiographyApp/test/property_tests/visualization_completeness_property_test.dart":
  Compilation failed for testPath=C:/Users/Brad/Documents/~AppProjects/TimelineBiographyApp/test/property_tests/visualization_completeness_property_test.dart: test/property_tests/visualization_completeness_property_test.dart:282:10: Error: The method '_MockTimelineRenderer.build' has fewer named arguments than those of overridden method 'ITimelineRenderer.build'.
    Widget build({
           ^
  lib/features/timeline/services/timeline_renderer_interface.dart:128:10: Context: This is the overridden method ('build').
    Widget build({
           ^
  test/property_tests/visualization_completeness_property_test.dart:282:10: Error: The method '_MockTimelineRenderer.build' doesn't have the named parameter 'context' of overridden method 'ITimelineRenderer.build'.
    Widget build({
           ^
  lib/features/timeline/services/timeline_renderer_interface.dart:128:10: Context: This is the overridden method ('build').
    Widget build({
           ^
  test/property_tests/visualization_completeness_property_test.dart:70:11: Error: No named parameter with the name 'activeContext'.
            activeContext: context,
            ^^^^^^^^^^^^^
  lib/features/timeline/services/timeline_renderer_interface.dart:31:9: Context: Found this candidate, but the arguments don't match.
    const TimelineRenderConfig({
          ^^^^^^^^^^^^^^^^^^^^
  .
00:28 +175 -33: loading C:/Users/Brad/Documents/~AppProjects/TimelineBiographyApp/test/integration/context_service_integration_test.dart [E]
  Error: The Dart compiler exited unexpectedly.
  package:flutter_tools/src/base/common.dart 34:3  throwToolExit
  package:flutter_tools/src/compile.dart 911:11    DefaultResidentCompiler._compile.<fn>
  dart:async/zone.dart 1538:47                     _rootRunUnary
  dart:async/zone.dart 1429:19                     _CustomZone.runUnary
  dart:async/future_impl.dart 948:45               Future._propagateToListeners.handleValueCallback
  dart:async/future_impl.dart 977:13               Future._propagateToListeners
  dart:async/future_impl.dart 862:9                Future._propagateToListeners
  dart:async/future_impl.dart 720:5                Future._completeWithValue
  dart:async/future_impl.dart 804:7                Future._asyncCompleteWithValue.<fn>
  dart:async/zone.dart 1525:13                     _rootRun
  dart:async/zone.dart 1422:19                     _CustomZone.run
  dart:async/zone.dart 1321:7                      _CustomZone.runGuarded
  dart:async/zone.dart 1362:23                     _CustomZone.bindCallbackGuarded.<fn>
  dart:async/schedule_microtask.dart 40:35         _microtaskLoop
  dart:async/schedule_microtask.dart 49:5          _startMicrotaskLoop
  dart:isolate-patch/isolate_patch.dart 127:13     _runPendingImmediateCallback
  dart:isolate-patch/isolate_patch.dart 194:5      _RawReceivePort._handleMessage
  
00:28 +176 -33: C:/Users/Brad/Documents/~AppProjects/TimelineBiographyApp/test/property_tests/theme_system_property_test.dart: Property 31: Theme System Functionality Theme mode persistence works
00:28 +177 -33: C:/Users/Brad/Documents/~AppProjects/TimelineBiographyApp/test/property_tests/theme_system_property_test.dart: Property 31: Theme System Functionality Theme mode persistence works
00:28 +178 -33: C:/Users/Brad/Documents/~AppProjects/TimelineBiographyApp/test/property_tests/theme_system_property_test.dart: Property 31: Theme System Functionality Theme mode persistence works
00:28 +179 -33: C:/Users/Brad/Documents/~AppProjects/TimelineBiographyApp/test/property_tests/theme_system_property_test.dart: Property 31: Theme System Functionality Theme mode persistence works
00:28 +180 -33: C:/Users/Brad/Documents/~AppProjects/TimelineBiographyApp/test/property_tests/theme_system_property_test.dart: Property 31: Theme System Functionality Theme mode persistence works
00:28 +181 -33: C:/Users/Brad/Documents/~AppProjects/TimelineBiographyApp/test/property_tests/theme_system_property_test.dart: Property 31: Theme System Functionality Design tokens are consistent across themes
00:28 +182 -33: C:/Users/Brad/Documents/~AppProjects/TimelineBiographyApp/test/property_tests/theme_system_property_test.dart: Property 31: Theme System Functionality Color schemes meet accessibility standards
00:28 +183 -33: C:/Users/Brad/Documents/~AppProjects/TimelineBiographyApp/test/property_tests/theme_system_property_test.dart: Property 31: Theme System Functionality Theme configuration builder works
00:28 +184 -33: C:/Users/Brad/Documents/~AppProjects/TimelineBiographyApp/test/property_tests/theme_system_property_test.dart: Property 31: Theme System Functionality High contrast theme adjustments
00:28 +185 -33: C:/Users/Brad/Documents/~AppProjects/TimelineBiographyApp/test/property_tests/theme_system_property_test.dart: Property 31: Theme System Functionality Text scaling works correctly
00:28 +186 -33: C:/Users/Brad/Documents/~AppProjects/TimelineBiographyApp/test/property_tests/theme_system_property_test.dart: Property 31: Theme System Functionality Theme utilities work correctly
00:28 +187 -33: C:/Users/Brad/Documents/~AppProjects/TimelineBiographyApp/test/property_tests/theme_system_property_test.dart: Property 31: Theme System Functionality Color palette helper methods work
00:28 +188 -33: C:/Users/Brad/Documents/~AppProjects/TimelineBiographyApp/test/property_tests/theme_system_property_test.dart: Property 31: Theme System Functionality Theme data generation works
00:28 +189 -33: C:/Users/Brad/Documents/~AppProjects/TimelineBiographyApp/test/property_tests/theme_system_property_test.dart: Property 31: Theme System Functionality Custom theme creation works
test/serialization_test.dart:45:11: Error: No named 
parameter with the name 'defaultEventPrivacy'.
          defaultEventPrivacy: PrivacyLevel.private,
          ^^^^^^^^^^^^^^^^^^^
lib/shared/models/user.dart:94:9: Context: Found this 
candidate, but the arguments don't match.
  const PrivacySettings({
        ^^^^^^^^^^^^^^^
00:29 +190 -34: loading C:/Users/Brad/Documents/~AppProjects/TimelineBiographyApp/test/serialization_test.dart [E]
  Failed to load "C:/Users/Brad/Documents/~AppProjects/TimelineBiographyApp/test/serialization_test.dart":
  Compilation failed for testPath=C:/Users/Brad/Documents/~AppProjects/TimelineBiographyApp/test/serialization_test.dart: test/serialization_test.dart:45:11: Error: No named parameter with the name 'defaultEventPrivacy'.
            defaultEventPrivacy: PrivacyLevel.private,
            ^^^^^^^^^^^^^^^^^^^
  lib/shared/models/user.dart:94:9: Context: Found this candidate, but the arguments don't match.
    const PrivacySettings({
          ^^^^^^^^^^^^^^^
  .
00:29 +190 -34: loading C:/Users/Brad/Documents/~AppProjects/TimelineBiographyApp/test/integration/context_service_integration_test.dart [E]
  Error: The Dart compiler exited unexpectedly.
  package:flutter_tools/src/base/common.dart 34:3  throwToolExit
  package:flutter_tools/src/compile.dart 911:11    DefaultResidentCompiler._compile.<fn>
  dart:async/zone.dart 1538:47                     _rootRunUnary
  dart:async/zone.dart 1429:19                     _CustomZone.runUnary
  dart:async/future_impl.dart 948:45               Future._propagateToListeners.handleValueCallback
  dart:async/future_impl.dart 977:13               Future._propagateToListeners
  dart:async/future_impl.dart 862:9                Future._propagateToListeners
  dart:async/future_impl.dart 720:5                Future._completeWithValue
  dart:async/future_impl.dart 804:7                Future._asyncCompleteWithValue.<fn>
  dart:async/zone.dart 1525:13                     _rootRun
  dart:async/zone.dart 1422:19                     _CustomZone.run
  dart:async/zone.dart 1321:7                      _CustomZone.runGuarded
  dart:async/zone.dart 1362:23                     _CustomZone.bindCallbackGuarded.<fn>
  dart:async/schedule_microtask.dart 40:35         _microtaskLoop
  dart:async/schedule_microtask.dart 49:5          _startMicrotaskLoop
  dart:isolate-patch/isolate_patch.dart 127:13     _runPendingImmediateCallback
  dart:isolate-patch/isolate_patch.dart 194:5      _RawReceivePort._handleMessage
  
test/story_repository_test.dart:24:31: Error: Member not 
found: 'AppDatabase.createTables'.
            await AppDatabase.createTables(db);
                              ^^^^^^^^^^^^
test/story_repository_test.dart:21:9: Error: No named 
parameter with the name 'options'.
        options: OpenDatabaseOptions(
        ^^^^^^^
../../../AppData/Local/Pub/Cache/hosted/pub.dev/sqflite_c
ommon-2.5.4+6/lib/sqflite.dart:65:18: Context: Found 
this candidate, but the arguments don't match.
Future<Database> openDatabase(String path,
                 ^^^^^^^^^^^^
00:29 +190 -35: loading C:/Users/Brad/Documents/~AppProjects/TimelineBiographyApp/test/story_repository_test.dart [E]
  Failed to load "C:/Users/Brad/Documents/~AppProjects/TimelineBiographyApp/test/story_repository_test.dart":
  Compilation failed for testPath=C:/Users/Brad/Documents/~AppProjects/TimelineBiographyApp/test/story_repository_test.dart: test/story_repository_test.dart:24:31: Error: Member not found: 'AppDatabase.createTables'.
              await AppDatabase.createTables(db);
                                ^^^^^^^^^^^^
  test/story_repository_test.dart:21:9: Error: No named parameter with the name 'options'.
          options: OpenDatabaseOptions(
          ^^^^^^^
  ../../../AppData/Local/Pub/Cache/hosted/pub.dev/sqflite_common-2.5.4+6/lib/sqflite.dart:65:18: Context: Found this candidate, but the arguments don't match.
  Future<Database> openDatabase(String path,
                   ^^^^^^^^^^^^
  .
00:29 +190 -35: loading C:/Users/Brad/Documents/~AppProjects/TimelineBiographyApp/test/integration/context_service_integration_test.dart [E]
  Error: The Dart compiler exited unexpectedly.
  package:flutter_tools/src/base/common.dart 34:3  throwToolExit
  package:flutter_tools/src/compile.dart 911:11    DefaultResidentCompiler._compile.<fn>
  dart:async/zone.dart 1538:47                     _rootRunUnary
  dart:async/zone.dart 1429:19                     _CustomZone.runUnary
  dart:async/future_impl.dart 948:45               Future._propagateToListeners.handleValueCallback
  dart:async/future_impl.dart 977:13               Future._propagateToListeners
  dart:async/future_impl.dart 862:9                Future._propagateToListeners
  dart:async/future_impl.dart 720:5                Future._completeWithValue
  dart:async/future_impl.dart 804:7                Future._asyncCompleteWithValue.<fn>
  dart:async/zone.dart 1525:13                     _rootRun
  dart:async/zone.dart 1422:19                     _CustomZone.run
  dart:async/zone.dart 1321:7                      _CustomZone.runGuarded
  dart:async/zone.dart 1362:23                     _CustomZone.bindCallbackGuarded.<fn>
  dart:async/schedule_microtask.dart 40:35         _microtaskLoop
  dart:async/schedule_microtask.dart 49:5          _startMicrotaskLoop
  dart:isolate-patch/isolate_patch.dart 127:13     _runPendingImmediateCallback
  dart:isolate-patch/isolate_patch.dart 194:5      _RawReceivePort._handleMessage
  
00:30 +190 -35: C:/Users/Brad/Documents/~AppProjects/TimelineBiographyApp/test/template_system_test.dart: Template System Tests (setUpAll)
00:30 +190 -35: C:/Users/Brad/Documents/~AppProjects/TimelineBiographyApp/test/template_system_test.dart: Template System Tests Template manager initializes correctly
00:30 +191 -35: C:/Users/Brad/Documents/~AppProjects/TimelineBiographyApp/test/template_system_test.dart: Template System Tests Get templates for context type
00:30 +192 -35: C:/Users/Brad/Documents/~AppProjects/TimelineBiographyApp/test/template_system_test.dart: Template System Tests Get templates for event type
00:30 +193 -35: C:/Users/Brad/Documents/~AppProjects/TimelineBiographyApp/test/template_system_test.dart: Template System Tests Get available event types for context
test/timeline_visualization_test.dart:116:40: Error: 
Member not found: 
'TimelineRendererFactory.getViewModeDisplayName'.
        expect(TimelineRendererFactory.getViewModeDisplay
Name(TimelineViewMode.chronological), 
equals('Chronological'));
                                       
^^^^^^^^^^^^^^^^^^^^^^
test/timeline_visualization_test.dart:117:80: Error: 
Member not found: 'clustered'.
        expect(TimelineRendererFactory.getViewModeDisplay
Name(TimelineViewMode.clustered), equals('Clustered'));
                                                         
                      ^^^^^^^^^
test/timeline_visualization_test.dart:117:40: Error: 
Member not found: 
'TimelineRendererFactory.getViewModeDisplayName'.
        expect(TimelineRendererFactory.getViewModeDisplay
Name(TimelineViewMode.clustered), equals('Clustered'));
                                       
^^^^^^^^^^^^^^^^^^^^^^
test/timeline_visualization_test.dart:118:40: Error: 
Member not found: 
'TimelineRendererFactory.getViewModeDisplayName'.
        expect(TimelineRendererFactory.getViewModeDisplay
Name(TimelineViewMode.mapView), equals('Enhanced Map'));
                                       
^^^^^^^^^^^^^^^^^^^^^^
test/timeline_visualization_test.dart:119:40: Error: 
Member not found: 
'TimelineRendererFactory.getViewModeDisplayName'.
        expect(TimelineRendererFactory.getViewModeDisplay
Name(TimelineViewMode.story), equals('Story View'));
                                       
^^^^^^^^^^^^^^^^^^^^^^
test/timeline_visualization_test.dart:120:40: Error: 
Member not found: 
'TimelineRendererFactory.getViewModeDisplayName'.
        expect(TimelineRendererFactory.getViewModeDisplay
Name(TimelineViewMode.lifeStream), equals('Life 
Stream'));
                                       
^^^^^^^^^^^^^^^^^^^^^^
test/timeline_visualization_test.dart:121:40: Error: 
Member not found: 
'TimelineRendererFactory.getViewModeDisplayName'.
        expect(TimelineRendererFactory.getViewModeDisplay
Name(TimelineViewMode.bentoGrid), equals('Grid View'));
                                       
^^^^^^^^^^^^^^^^^^^^^^
test/timeline_visualization_test.dart:125:40: Error: 
Member not found: 
'TimelineRendererFactory.getViewModeDescription'.
        expect(TimelineRendererFactory.getViewModeDescrip
tion(TimelineViewMode.chronological), 
contains('Traditional timeline'));
                                       
^^^^^^^^^^^^^^^^^^^^^^
test/timeline_visualization_test.dart:126:80: Error: 
Member not found: 'clustered'.
        expect(TimelineRendererFactory.getViewModeDescrip
tion(TimelineViewMode.clustered), contains('grouped by 
time periods'));
                                                         
                      ^^^^^^^^^
test/timeline_visualization_test.dart:126:40: Error: 
Member not found: 
'TimelineRendererFactory.getViewModeDescription'.
        expect(TimelineRendererFactory.getViewModeDescrip
tion(TimelineViewMode.clustered), contains('grouped by 
time periods'));
                                       
^^^^^^^^^^^^^^^^^^^^^^
test/timeline_visualization_test.dart:127:40: Error: 
Member not found: 
'TimelineRendererFactory.getViewModeDescription'.
        expect(TimelineRendererFactory.getViewModeDescrip
tion(TimelineViewMode.mapView), contains('Geographic 
visualization'));
                                       
^^^^^^^^^^^^^^^^^^^^^^
test/timeline_visualization_test.dart:128:40: Error: 
Member not found: 
'TimelineRendererFactory.getViewModeDescription'.
        expect(TimelineRendererFactory.getViewModeDescrip
tion(TimelineViewMode.story), contains('Narrative 
flow'));
                                       
^^^^^^^^^^^^^^^^^^^^^^
test/timeline_visualization_test.dart:132:40: Error: 
Member not found: 
'TimelineRendererFactory.getViewModeIcon'.
        expect(TimelineRendererFactory.getViewModeIcon(Ti
melineViewMode.chronological), equals('timeline'));
                                       ^^^^^^^^^^^^^^^
test/timeline_visualization_test.dart:133:73: Error: 
Member not found: 'clustered'.
        expect(TimelineRendererFactory.getViewModeIcon(Ti
melineViewMode.clustered), equals('category'));
                                                         
               ^^^^^^^^^
test/timeline_visualization_test.dart:133:40: Error: 
Member not found: 
'TimelineRendererFactory.getViewModeIcon'.
        expect(TimelineRendererFactory.getViewModeIcon(Ti
melineViewMode.clustered), equals('category'));
                                       ^^^^^^^^^^^^^^^
test/timeline_visualization_test.dart:134:40: Error: 
Member not found: 
'TimelineRendererFactory.getViewModeIcon'.
        expect(TimelineRendererFactory.getViewModeIcon(Ti
melineViewMode.mapView), equals('map'));
                                       ^^^^^^^^^^^^^^^
test/timeline_visualization_test.dart:135:40: Error: 
Member not found: 
'TimelineRendererFactory.getViewModeIcon'.
        expect(TimelineRendererFactory.getViewModeIcon(Ti
melineViewMode.story), equals('auto_stories'));
                                       ^^^^^^^^^^^^^^^
test/timeline_visualization_test.dart:195:38: Error: 
Member not found: 'clustered'.
          viewMode: TimelineViewMode.clustered,
                                     ^^^^^^^^^
test/timeline_visualization_test.dart:200:66: Error: 
Member not found: 'clustered'.
        expect(renderer.config.viewMode, 
equals(TimelineViewMode.clustered));
                                                         
        ^^^^^^^^^
test/timeline_visualization_test.dart:211:38: Error: 
Member not found: 'clustered'.
          viewMode: TimelineViewMode.clustered,
                                     ^^^^^^^^^
test/timeline_visualization_test.dart:218:35: Error: 
'ClusterType' is imported from both 'package:legacy_flow/
features/timeline/renderers/clustered_timeline_renderer.d
art' and 'package:legacy_flow/features/timeline/services/
timeline_renderer_interface.dart'.
        for (final clusterType in ClusterType.values) {
                                  ^^^^^^^^^^^
test/timeline_visualization_test.dart:6:1: Error: 
'ClusterType' is imported from both 'package:legacy_flow/
features/timeline/renderers/clustered_timeline_renderer.d
art' and 'package:legacy_flow/features/timeline/services/
timeline_renderer_interface.dart'.
import 'package:legacy_flow/features/timeline/renderers/c
lustered_timeline_renderer.dart';
^^^^^^^^^^^
test/timeline_visualization_test.dart:146:24: Error: 
This expression has type 'void' and can't be used.
        await renderer.initialize(config);
                       ^
00:30 +194 -35: C:/Users/Brad/Documents/~AppProjects/TimelineBiographyApp/test/template_system_test.dart: Template System Tests Event type display names and icons
test/timeline_visualization_test.dart:158:24: Error: 
This expression has type 'void' and can't be used.
        await renderer.initialize(filteredConfig);
                       ^
test/timeline_visualization_test.dart:168:24: Error: 
This expression has type 'void' and can't be used.
        await renderer.initialize(config);
                       ^
test/timeline_visualization_test.dart:181:24: Error: 
This expression has type 'void' and can't be used.
        await renderer.initialize(config);
                       ^
test/timeline_visualization_test.dart:203:24: Error: 
This expression has type 'void' and can't be used.
        await renderer.initialize(clusteredConfig);
                       ^
test/timeline_visualization_test.dart:215:24: Error: 
This expression has type 'void' and can't be used.
        await renderer.initialize(clusteredConfig);
                       ^
test/timeline_visualization_test.dart:238:24: Error: 
This expression has type 'void' and can't be used.
        await renderer.initialize(mapConfig);
                       ^
test/timeline_visualization_test.dart:250:24: Error: 
This expression has type 'void' and can't be used.
        await renderer.initialize(mapConfig);
                       ^
test/timeline_visualization_test.dart:268:24: Error: 
This expression has type 'void' and can't be used.
        await renderer.initialize(mapConfig);
                       ^
test/timeline_visualization_test.dart:288:24: Error: 
This expression has type 'void' and can't be used.
        await renderer.initialize(storyConfig);
                       ^
test/timeline_visualization_test.dart:300:24: Error: 
This expression has type 'void' and can't be used.
        await renderer.initialize(storyConfig);
                       ^
test/timeline_visualization_test.dart:314:24: Error: 
This expression has type 'void' and can't be used.
        await renderer.initialize(storyConfig);
                       ^
test/timeline_visualization_test.dart:328:24: Error: 
This expression has type 'void' and can't be used.
        await renderer.initialize(config);
                       ^
test/timeline_visualization_test.dart:332:11: Error: No 
named parameter with the name 'activeContext'.
          activeContext: testContexts.first,
          ^^^^^^^^^^^^^
test/timeline_visualization_test.dart:335:24: Error: 
This expression has type 'void' and can't be used.
        await renderer.updateConfig(newConfig);
                       ^
test/timeline_visualization_test.dart:337:32: Error: The 
getter 'activeContext' isn't defined for the type 
'TimelineRenderConfig'.
 - 'TimelineRenderConfig' is from 'package:legacy_flow/fe
atures/timeline/services/timeline_renderer_interface.dart
' ('lib/features/timeline/services/timeline_renderer_inte
rface.dart').
Try correcting the name to the name of an existing 
getter, or defining a getter or field named 
'activeContext'.
        expect(renderer.config.activeContext, 
equals(testContexts.first));
                               ^^^^^^^^^^^^^
test/timeline_visualization_test.dart:344:24: Error: 
This expression has type 'void' and can't be used.
        await renderer.initialize(config);
                       ^
test/timeline_visualization_test.dart:358:24: Error: 
This expression has type 'void' and can't be used.
        await renderer.updateData(newData);
                       ^
test/timeline_visualization_test.dart:366:24: Error: 
This expression has type 'void' and can't be used.
        await renderer.initialize(config);
                       ^
test/timeline_visualization_test.dart:415:24: Error: 
This expression has type 'void' and can't be used.
        await renderer.initialize(config);
                       ^
test/timeline_visualization_test.dart:436:11: Error: No 
named parameter with the name 'activeContext'.
          activeContext: testContexts.first,
          ^^^^^^^^^^^^^
test/timeline_visualization_test.dart:442:24: Error: 
This expression has type 'void' and can't be used.
        await renderer.initialize(filteredConfig);
                       ^
test/timeline_visualization_test.dart:462:24: Error: 
This expression has type 'void' and can't be used.
        await renderer.initialize(config);
                       ^
test/timeline_visualization_test.dart:472:24: Error: 
This expression has type 'void' and can't be used.
        await renderer.initialize(config);
                       ^
00:31 +195 -35: C:/Users/Brad/Documents/~AppProjects/TimelineBiographyApp/test/template_system_test.dart: Template System Tests Validate event data against template
00:31 +196 -35: C:/Users/Brad/Documents/~AppProjects/TimelineBiographyApp/test/template_system_test.dart: Template System Tests Get default attributes for event type
00:31 +197 -35: C:/Users/Brad/Documents/~AppProjects/TimelineBiographyApp/test/template_system_test.dart: Template System Tests Create event card widget
00:31 +198 -35: C:/Users/Brad/Documents/~AppProjects/TimelineBiographyApp/test/template_system_test.dart: Template System Tests Create attribute editor widget
00:31 +199 -35: C:/Users/Brad/Documents/~AppProjects/TimelineBiographyApp/test/template_system_test.dart: Template System Tests Search templates
00:31 +200 -35: C:/Users/Brad/Documents/~AppProjects/TimelineBiographyApp/test/template_system_test.dart: Template System Tests Template statistics
00:31 +201 -35: C:/Users/Brad/Documents/~AppProjects/TimelineBiographyApp/test/template_system_test.dart: Template System Tests Template creation and registration
00:31 +202 -35: C:/Users/Brad/Documents/~AppProjects/TimelineBiographyApp/test/template_system_test.dart: Template System Tests (tearDownAll)
00:31 +202 -36: loading C:/Users/Brad/Documents/~AppProjects/TimelineBiographyApp/test/timeline_visualization_test.dart [E]
  Failed to load "C:/Users/Brad/Documents/~AppProjects/TimelineBiographyApp/test/timeline_visualization_test.dart":
  Compilation failed for testPath=C:/Users/Brad/Documents/~AppProjects/TimelineBiographyApp/test/timeline_visualization_test.dart: test/timeline_visualization_test.dart:116:40: Error: Member not found: 'TimelineRendererFactory.getViewModeDisplayName'.
          expect(TimelineRendererFactory.getViewModeDisplayName(TimelineViewMode.chronological), equals('Chronological'));
                                         ^^^^^^^^^^^^^^^^^^^^^^
  test/timeline_visualization_test.dart:117:80: Error: Member not found: 'clustered'.
          expect(TimelineRendererFactory.getViewModeDisplayName(TimelineViewMode.clustered), equals('Clustered'));
                                                                                 ^^^^^^^^^
  test/timeline_visualization_test.dart:117:40: Error: Member not found: 'TimelineRendererFactory.getViewModeDisplayName'.
          expect(TimelineRendererFactory.getViewModeDisplayName(TimelineViewMode.clustered), equals('Clustered'));
                                         ^^^^^^^^^^^^^^^^^^^^^^
  test/timeline_visualization_test.dart:118:40: Error: Member not found: 'TimelineRendererFactory.getViewModeDisplayName'.
          expect(TimelineRendererFactory.getViewModeDisplayName(TimelineViewMode.mapView), equals('Enhanced Map'));
                                         ^^^^^^^^^^^^^^^^^^^^^^
  test/timeline_visualization_test.dart:119:40: Error: Member not found: 'TimelineRendererFactory.getViewModeDisplayName'.
          expect(TimelineRendererFactory.getViewModeDisplayName(TimelineViewMode.story), equals('Story View'));
                                         ^^^^^^^^^^^^^^^^^^^^^^
  test/timeline_visualization_test.dart:120:40: Error: Member not found: 'TimelineRendererFactory.getViewModeDisplayName'.
          expect(TimelineRendererFactory.getViewModeDisplayName(TimelineViewMode.lifeStream), equals('Life Stream'));
                                         ^^^^^^^^^^^^^^^^^^^^^^
  test/timeline_visualization_test.dart:121:40: Error: Member not found: 'TimelineRendererFactory.getViewModeDisplayName'.
          expect(TimelineRendererFactory.getViewModeDisplayName(TimelineViewMode.bentoGrid), equals('Grid View'));
                                         ^^^^^^^^^^^^^^^^^^^^^^
  test/timeline_visualization_test.dart:125:40: Error: Member not found: 'TimelineRendererFactory.getViewModeDescription'.
          expect(TimelineRendererFactory.getViewModeDescription(TimelineViewMode.chronological), contains('Traditional timeline'));
                                         ^^^^^^^^^^^^^^^^^^^^^^
  test/timeline_visualization_test.dart:126:80: Error: Member not found: 'clustered'.
          expect(TimelineRendererFactory.getViewModeDescription(TimelineViewMode.clustered), contains('grouped by time periods'));
                                                                                 ^^^^^^^^^
  test/timeline_visualization_test.dart:126:40: Error: Member not found: 'TimelineRendererFactory.getViewModeDescription'.
          expect(TimelineRendererFactory.getViewModeDescription(TimelineViewMode.clustered), contains('grouped by time periods'));
                                         ^^^^^^^^^^^^^^^^^^^^^^
  test/timeline_visualization_test.dart:127:40: Error: Member not found: 'TimelineRendererFactory.getViewModeDescription'.
          expect(TimelineRendererFactory.getViewModeDescription(TimelineViewMode.mapView), contains('Geographic visualization'));
                                         ^^^^^^^^^^^^^^^^^^^^^^
  test/timeline_visualization_test.dart:128:40: Error: Member not found: 'TimelineRendererFactory.getViewModeDescription'.
          expect(TimelineRendererFactory.getViewModeDescription(TimelineViewMode.story), contains('Narrative flow'));
                                         ^^^^^^^^^^^^^^^^^^^^^^
  test/timeline_visualization_test.dart:132:40: Error: Member not found: 'TimelineRendererFactory.getViewModeIcon'.
          expect(TimelineRendererFactory.getViewModeIcon(TimelineViewMode.chronological), equals('timeline'));
                                         ^^^^^^^^^^^^^^^
  test/timeline_visualization_test.dart:133:73: Error: Member not found: 'clustered'.
          expect(TimelineRendererFactory.getViewModeIcon(TimelineViewMode.clustered), equals('category'));
                                                                          ^^^^^^^^^
  test/timeline_visualization_test.dart:133:40: Error: Member not found: 'TimelineRendererFactory.getViewModeIcon'.
          expect(TimelineRendererFactory.getViewModeIcon(TimelineViewMode.clustered), equals('category'));
                                         ^^^^^^^^^^^^^^^
  test/timeline_visualization_test.dart:134:40: Error: Member not found: 'TimelineRendererFactory.getViewModeIcon'.
          expect(TimelineRendererFactory.getViewModeIcon(TimelineViewMode.mapView), equals('map'));
                                         ^^^^^^^^^^^^^^^
  test/timeline_visualization_test.dart:135:40: Error: Member not found: 'TimelineRendererFactory.getViewModeIcon'.
          expect(TimelineRendererFactory.getViewModeIcon(TimelineViewMode.story), equals('auto_stories'));
                                         ^^^^^^^^^^^^^^^
  test/timeline_visualization_test.dart:195:38: Error: Member not found: 'clustered'.
            viewMode: TimelineViewMode.clustered,
                                       ^^^^^^^^^
  test/timeline_visualization_test.dart:200:66: Error: Member not found: 'clustered'.
          expect(renderer.config.viewMode, equals(TimelineViewMode.clustered));
                                                                   ^^^^^^^^^
  test/timeline_visualization_test.dart:211:38: Error: Member not found: 'clustered'.
            viewMode: TimelineViewMode.clustered,
                                       ^^^^^^^^^
  test/timeline_visualization_test.dart:218:35: Error: 'ClusterType' is imported from both 'package:legacy_flow/features/timeline/renderers/clustered_timeline_renderer.dart' and 'package:legacy_flow/features/timeline/services/timeline_renderer_interface.dart'.
          for (final clusterType in ClusterType.values) {
                                    ^^^^^^^^^^^
  test/timeline_visualization_test.dart:6:1: Error: 'ClusterType' is imported from both 'package:legacy_flow/features/timeline/renderers/clustered_timeline_renderer.dart' and 'package:legacy_flow/features/timeline/services/timeline_renderer_interface.dart'.
  import 'package:legacy_flow/features/timeline/renderers/clustered_timeline_renderer.dart';
  ^^^^^^^^^^^
  test/timeline_visualization_test.dart:146:24: Error: This expression has type 'void' and can't be used.
          await renderer.initialize(config);
                         ^
  test/timeline_visualization_test.dart:158:24: Error: This expression has type 'void' and can't be used.
          await renderer.initialize(filteredConfig);
                         ^
  test/timeline_visualization_test.dart:168:24: Error: This expression has type 'void' and can't be used.
          await renderer.initialize(config);
                         ^
  test/timeline_visualization_test.dart:181:24: Error: This expression has type 'void' and can't be used.
          await renderer.initialize(config);
                         ^
  test/timeline_visualization_test.dart:203:24: Error: This expression has type 'void' and can't be used.
          await renderer.initialize(clusteredConfig);
                         ^
  test/timeline_visualization_test.dart:215:24: Error: This expression has type 'void' and can't be used.
          await renderer.initialize(clusteredConfig);
                         ^
  test/timeline_visualization_test.dart:238:24: Error: This expression has type 'void' and can't be used.
          await renderer.initialize(mapConfig);
                         ^
  test/timeline_visualization_test.dart:250:24: Error: This expression has type 'void' and can't be used.
          await renderer.initialize(mapConfig);
                         ^
  test/timeline_visualization_test.dart:268:24: Error: This expression has type 'void' and can't be used.
          await renderer.initialize(mapConfig);
                         ^
  test/timeline_visualization_test.dart:288:24: Error: This expression has type 'void' and can't be used.
          await renderer.initialize(storyConfig);
                         ^
  test/timeline_visualization_test.dart:300:24: Error: This expression has type 'void' and can't be used.
          await renderer.initialize(storyConfig);
                         ^
  test/timeline_visualization_test.dart:314:24: Error: This expression has type 'void' and can't be used.
          await renderer.initialize(storyConfig);
                         ^
  test/timeline_visualization_test.dart:328:24: Error: This expression has type 'void' and can't be used.
          await renderer.initialize(config);
                         ^
  test/timeline_visualization_test.dart:332:11: Error: No named parameter with the name 'activeContext'.
            activeContext: testContexts.first,
            ^^^^^^^^^^^^^
  test/timeline_visualization_test.dart:335:24: Error: This expression has type 'void' and can't be used.
          await renderer.updateConfig(newConfig);
                         ^
  test/timeline_visualization_test.dart:337:32: Error: The getter 'activeContext' isn't defined for the type 'TimelineRenderConfig'.
   - 'TimelineRenderConfig' is from 'package:legacy_flow/features/timeline/services/timeline_renderer_interface.dart' ('lib/features/timeline/services/timeline_renderer_interface.dart').
  Try correcting the name to the name of an existing getter, or defining a getter or field named 'activeContext'.
          expect(renderer.config.activeContext, equals(testContexts.first));
                                 ^^^^^^^^^^^^^
  test/timeline_visualization_test.dart:344:24: Error: This expression has type 'void' and can't be used.
          await renderer.initialize(config);
                         ^
  test/timeline_visualization_test.dart:358:24: Error: This expression has type 'void' and can't be used.
          await renderer.updateData(newData);
                         ^
  test/timeline_visualization_test.dart:366:24: Error: This expression has type 'void' and can't be used.
          await renderer.initialize(config);
                         ^
  test/timeline_visualization_test.dart:415:24: Error: This expression has type 'void' and can't be used.
          await renderer.initialize(config);
                         ^
  test/timeline_visualization_test.dart:436:11: Error: No named parameter with the name 'activeContext'.
            activeContext: testContexts.first,
            ^^^^^^^^^^^^^
  test/timeline_visualization_test.dart:442:24: Error: This expression has type 'void' and can't be used.
          await renderer.initialize(filteredConfig);
                         ^
  test/timeline_visualization_test.dart:462:24: Error: This expression has type 'void' and can't be used.
          await renderer.initialize(config);
                         ^
  test/timeline_visualization_test.dart:472:24: Error: This expression has type 'void' and can't be used.
          await renderer.initialize(config);
                         ^
  .
00:31 +202 -36: loading C:/Users/Brad/Documents/~AppProjects/TimelineBiographyApp/test/integration/context_service_integration_test.dart [E]
  Error: The Dart compiler exited unexpectedly.
  package:flutter_tools/src/base/common.dart 34:3  throwToolExit
  package:flutter_tools/src/compile.dart 911:11    DefaultResidentCompiler._compile.<fn>
  dart:async/zone.dart 1538:47                     _rootRunUnary
  dart:async/zone.dart 1429:19                     _CustomZone.runUnary
  dart:async/future_impl.dart 948:45               Future._propagateToListeners.handleValueCallback
  dart:async/future_impl.dart 977:13               Future._propagateToListeners
  dart:async/future_impl.dart 862:9                Future._propagateToListeners
  dart:async/future_impl.dart 720:5                Future._completeWithValue
  dart:async/future_impl.dart 804:7                Future._asyncCompleteWithValue.<fn>
  dart:async/zone.dart 1525:13                     _rootRun
  dart:async/zone.dart 1422:19                     _CustomZone.run
  dart:async/zone.dart 1321:7                      _CustomZone.runGuarded
  dart:async/zone.dart 1362:23                     _CustomZone.bindCallbackGuarded.<fn>
  dart:async/schedule_microtask.dart 40:35         _microtaskLoop
  dart:async/schedule_microtask.dart 49:5          _startMicrotaskLoop
  dart:isolate-patch/isolate_patch.dart 127:13     _runPendingImmediateCallback
  dart:isolate-patch/isolate_patch.dart 194:5      _RawReceivePort._handleMessage
  
00:35 +202 -36: C:/Users/Brad/Documents/~AppProjects/TimelineBiographyApp/test/widget_test.dart: Timeline app loads successfully
DEBUG: TimelineDataService.build() starting...
DEBUG: Waiting for repository...
ERROR in TimelineDataService.build(): Bad state: databaseFactory not initialized
databaseFactory is only initialized when using sqflite. When using `sqflite_common_ffi`
You must call `databaseFactory = databaseFactoryFfi;` before using global openDatabase API

Stack trace: #0      databaseFactory.<anonymous closure> (package:sqflite_common/src/sqflite_database_factory.dart:29:7)
#1      databaseFactory (package:sqflite_common/src/sqflite_database_factory.dart:33:6)
#2      getDatabasesPath (package:sqflite_common/sqflite.dart:105:38)
#3      AppDatabase._initDatabase (file:///C:/Users/Brad/Documents/~AppProjects/TimelineBiographyApp/lib/core/database/database.dart:38:35)
#4      AppDatabase.database (file:///C:/Users/Brad/Documents/~AppProjects/TimelineBiographyApp/lib/core/database/database.dart:28:25)
<asynchronous suspension>
#5      timelineRepositoryProvider.<anonymous closure> (file:///C:/Users/Brad/Documents/~AppProjects/TimelineBiographyApp/lib/features/timeline/services/timeline_repository.dart:420:20)
<asynchronous suspension>
#6      FutureHandlerProviderElementMixin.handleFuture.<anonymous closure>.<anonymous closure> (package:riverpod/src/async_notifier/base.dart:355:9)
<asynchronous suspension>

Timeline Error: Bad state: databaseFactory not initialized
databaseFactory is only initialized when using sqflite. When using `sqflite_common_ffi`
You must call `databaseFactory = databaseFactoryFfi;` before using global openDatabase API

00:35 +203 -36: Some tests failed.
